../Middlewares/ST/STM32_WPAN/zigbee/platform/ee.c:681:17:EE_Crc	0	static
../Middlewares/ST/STM32_WPAN/zigbee/platform/ee.c:598:12:EE_ReadEl.constprop	48	static
../Middlewares/ST/STM32_WPAN/zigbee/platform/ee.c:642:12:EE_SetState.constprop	8	static
../Middlewares/ST/STM32_WPAN/zigbee/platform/ee.c:661:17:EE_GetState.constprop	0	static
../Middlewares/ST/STM32_WPAN/zigbee/platform/ee.c:534:12:EE_WriteEl.constprop	24	static
../Middlewares/ST/STM32_WPAN/zigbee/platform/ee.c:462:12:EE_Transfer.constprop	40	static
../Middlewares/ST/STM32_WPAN/zigbee/platform/ee.c:150:5:EE_Init	24	static
../Middlewares/ST/STM32_WPAN/zigbee/platform/ee.c:206:5:EE_Read	0	static
../Middlewares/ST/STM32_WPAN/zigbee/platform/ee.c:216:5:EE_Write	24	static
../Middlewares/ST/STM32_WPAN/zigbee/platform/ee.c:283:5:EE_Clean	24	static
../Middlewares/ST/STM32_WPAN/zigbee/platform/ee.c:311:6:EE_Dump	20	static
