../Middlewares/ST/STM32_WPAN/utilities/stm_list.c:30:6:LST_init_head	0	static
../Middlewares/ST/STM32_WPAN/utilities/stm_list.c:36:9:LST_is_empty	0	static,ignoring_inline_asm
../Middlewares/ST/STM32_WPAN/utilities/stm_list.c:56:6:LST_insert_head	0	static,ignoring_inline_asm
../Middlewares/ST/STM32_WPAN/utilities/stm_list.c:72:6:LST_insert_tail	0	static,ignoring_inline_asm
../Middlewares/ST/STM32_WPAN/utilities/stm_list.c:88:6:LST_remove_node	0	static,ignoring_inline_asm
../Middlewares/ST/STM32_WPAN/utilities/stm_list.c:102:6:LST_remove_head	8	static,ignoring_inline_asm
../Middlewares/ST/STM32_WPAN/utilities/stm_list.c:116:6:LST_remove_tail	8	static,ignoring_inline_asm
../Middlewares/ST/STM32_WPAN/utilities/stm_list.c:130:6:LST_insert_node_after	0	static,ignoring_inline_asm
../Middlewares/ST/STM32_WPAN/utilities/stm_list.c:146:6:LST_insert_node_before	0	static,ignoring_inline_asm
../Middlewares/ST/STM32_WPAN/utilities/stm_list.c:162:5:LST_get_size	0	static,ignoring_inline_asm
../Middlewares/ST/STM32_WPAN/utilities/stm_list.c:183:6:LST_get_next_node	0	static,ignoring_inline_asm
../Middlewares/ST/STM32_WPAN/utilities/stm_list.c:196:6:LST_get_prev_node	0	static,ignoring_inline_asm
