../Middlewares/ST/STM32_WPAN/utilities/stm_queue.c:47:5:CircularQueue_Init	8	static
../Middlewares/ST/STM32_WPAN/utilities/stm_queue.c:75:10:CircularQueue_Add	64	static
../Middlewares/ST/STM32_WPAN/utilities/stm_queue.c:245:10:CircularQueue_Remove_Copy	0	static
../Middlewares/ST/STM32_WPAN/utilities/stm_queue.c:259:10:CircularQueue_Remove	20	static
../Middlewares/ST/STM32_WPAN/utilities/stm_queue.c:315:10:CircularQueue_Sense_Copy	0	static
../Middlewares/ST/STM32_WPAN/utilities/stm_queue.c:328:10:CircularQueue_Sense	20	static
../Middlewares/ST/STM32_WPAN/utilities/stm_queue.c:370:5:CircularQueue_Empty	0	static
../Middlewares/ST/STM32_WPAN/utilities/stm_queue.c:380:5:CircularQueue_NbElement	0	static
