../Middlewares/ST/STM32_WPAN/interface/patterns/ble_thread/tl/shci_tl.c:65:6:shci_init	16	static
../Middlewares/ST/STM32_WPAN/interface/patterns/ble_thread/tl/shci_tl.c:77:6:shci_user_evt_proc	24	static
../Middlewares/ST/STM32_WPAN/interface/patterns/ble_thread/tl/shci_tl.c:134:6:shci_resume_flow	8	static
../Middlewares/ST/STM32_WPAN/interface/patterns/ble_thread/tl/shci_tl.c:147:6:shci_send	24	static
../Middlewares/ST/STM32_WPAN/interface/patterns/ble_thread/tl/shci_tl.c:172:13:TlInit	32	static
../Middlewares/ST/STM32_WPAN/interface/patterns/ble_thread/tl/shci_tl.c:197:13:Cmd_SetStatus	16	static
../Middlewares/ST/STM32_WPAN/interface/patterns/ble_thread/tl/shci_tl.c:219:13:TlCmdEvtReceived	16	static
../Middlewares/ST/STM32_WPAN/interface/patterns/ble_thread/tl/shci_tl.c:227:13:TlUserEvtReceived	16	static
../Middlewares/ST/STM32_WPAN/interface/patterns/ble_thread/tl/shci_tl.c:236:13:shci_cmd_resp_wait	16	static
../Middlewares/ST/STM32_WPAN/interface/patterns/ble_thread/tl/shci_tl.c:245:13:shci_cmd_resp_release	16	static
