../STM32_WPAN/App/app_zigbee.c:129:6:APP_ZIGBEE_Init	16	static
../STM32_WPAN/App/app_zigbee.c:171:13:APP_ZIGBEE_StackLayersInit	8	static
../STM32_WPAN/App/app_zigbee.c:201:13:APP_ZIGBEE_ConfigEndpoints	40	static
../STM32_WPAN/App/app_zigbee.c:245:13:APP_ZIGBEE_NwkForm	496	static
../STM32_WPAN/App/app_zigbee.c:312:13:ZbStartupWaitCb	24	static
../STM32_WPAN/App/app_zigbee.c:321:20:ZbStartupWait	24	static
../STM32_WPAN/App/app_zigbee.c:353:6:APP_ZIGBEE_Error	16	static
../STM32_WPAN/App/app_zigbee.c:376:13:APP_ZIGBEE_TraceError	24	static
../STM32_WPAN/App/app_zigbee.c:390:13:APP_ZIGBEE_CheckWirelessFirmwareInfo	104	static
../STM32_WPAN/App/app_zigbee.c:467:6:APP_ZIGBEE_RegisterCmdBuffer	16	static
../STM32_WPAN/App/app_zigbee.c:472:24:ZIGBEE_Get_OTCmdPayloadBuffer	4	static
../STM32_WPAN/App/app_zigbee.c:477:24:ZIGBEE_Get_OTCmdRspPayloadBuffer	4	static
../STM32_WPAN/App/app_zigbee.c:482:24:ZIGBEE_Get_NotificationPayloadBuffer	4	static
../STM32_WPAN/App/app_zigbee.c:487:24:ZIGBEE_Get_M0RequestPayloadBuffer	4	static
../STM32_WPAN/App/app_zigbee.c:498:6:ZIGBEE_CmdTransfer	16	static
../STM32_WPAN/App/app_zigbee.c:521:6:TL_ZIGBEE_CmdEvtReceived	16	static
../STM32_WPAN/App/app_zigbee.c:535:6:TL_ZIGBEE_NotReceived	16	static
../STM32_WPAN/App/app_zigbee.c:550:6:Pre_ZigbeeCmdProcessing	8	static
../STM32_WPAN/App/app_zigbee.c:561:13:Wait_Getting_Ack_From_M0	8	static
../STM32_WPAN/App/app_zigbee.c:573:13:Receive_Ack_From_M0	8	static
../STM32_WPAN/App/app_zigbee.c:584:13:Receive_Notification_From_M0	8	static
../STM32_WPAN/App/app_zigbee.c:596:6:TL_ZIGBEE_M0RequestReceived	16	static
../STM32_WPAN/App/app_zigbee.c:609:6:APP_ZIGBEE_TL_INIT	8	static
../STM32_WPAN/App/app_zigbee.c:622:13:APP_ZIGBEE_ProcessNotifyM0ToM4	8	static
../STM32_WPAN/App/app_zigbee.c:646:13:APP_ZIGBEE_ProcessRequestM0ToM4	8	static
