../STM32_WPAN/App/app_zigbee.c:129:6:APP_ZIGBEE_Init	16	static
../STM32_WPAN/App/app_zigbee.c:171:13:APP_ZIGBEE_StackLayersInit	8	static
../STM32_WPAN/App/app_zigbee.c:201:13:APP_ZIGBEE_ConfigEndpoints	40	static
../STM32_WPAN/App/app_zigbee.c:245:13:APP_ZIGBEE_NwkForm	496	static
../STM32_WPAN/App/app_zigbee.c:313:13:ZbStartupWaitCb	24	static
../STM32_WPAN/App/app_zigbee.c:322:20:ZbStartupWait	24	static
../STM32_WPAN/App/app_zigbee.c:354:6:APP_ZIGBEE_Error	16	static
../STM32_WPAN/App/app_zigbee.c:377:13:APP_ZIGBEE_TraceError	24	static
../STM32_WPAN/App/app_zigbee.c:391:13:APP_ZIGBEE_CheckWirelessFirmwareInfo	104	static
../STM32_WPAN/App/app_zigbee.c:468:6:APP_ZIGBEE_RegisterCmdBuffer	16	static
../STM32_WPAN/App/app_zigbee.c:473:24:ZIGBEE_Get_OTCmdPayloadBuffer	4	static
../STM32_WPAN/App/app_zigbee.c:478:24:ZIGBEE_Get_OTCmdRspPayloadBuffer	4	static
../STM32_WPAN/App/app_zigbee.c:483:24:ZIGBEE_Get_NotificationPayloadBuffer	4	static
../STM32_WPAN/App/app_zigbee.c:488:24:ZIGBEE_Get_M0RequestPayloadBuffer	4	static
../STM32_WPAN/App/app_zigbee.c:499:6:ZIGBEE_CmdTransfer	16	static
../STM32_WPAN/App/app_zigbee.c:522:6:TL_ZIGBEE_CmdEvtReceived	16	static
../STM32_WPAN/App/app_zigbee.c:536:6:TL_ZIGBEE_NotReceived	16	static
../STM32_WPAN/App/app_zigbee.c:551:6:Pre_ZigbeeCmdProcessing	8	static
../STM32_WPAN/App/app_zigbee.c:562:13:Wait_Getting_Ack_From_M0	8	static
../STM32_WPAN/App/app_zigbee.c:574:13:Receive_Ack_From_M0	8	static
../STM32_WPAN/App/app_zigbee.c:585:13:Receive_Notification_From_M0	8	static
../STM32_WPAN/App/app_zigbee.c:597:6:TL_ZIGBEE_M0RequestReceived	16	static
../STM32_WPAN/App/app_zigbee.c:610:6:APP_ZIGBEE_TL_INIT	8	static
../STM32_WPAN/App/app_zigbee.c:623:13:APP_ZIGBEE_ProcessNotifyM0ToM4	8	static
../STM32_WPAN/App/app_zigbee.c:647:13:APP_ZIGBEE_ProcessRequestM0ToM4	8	static
