../STM32_WPAN/App/app_zigbee.c:646:13:APP_ZIGBEE_ProcessRequestM0ToM4	8	static
../STM32_WPAN/App/app_zigbee.c:312:13:ZbStartupWaitCb	0	static
../STM32_WPAN/App/app_zigbee.c:376:13:APP_ZIGBEE_TraceError.constprop	16	static
../STM32_WPAN/App/app_zigbee.c:622:13:APP_ZIGBEE_ProcessNotifyM0ToM4	8	static
../STM32_WPAN/App/app_zigbee.c:321:20:ZbStartupWait	24	static
../STM32_WPAN/App/app_zigbee.c:245:13:APP_ZIGBEE_NwkForm	496	static
../STM32_WPAN/App/app_zigbee.c:353:6:APP_ZIGBEE_Error	0	static
../STM32_WPAN/App/app_zigbee.c:467:6:APP_ZIGBEE_RegisterCmdBuffer	0	static
../STM32_WPAN/App/app_zigbee.c:472:24:ZIGBEE_Get_OTCmdPayloadBuffer	0	static
../STM32_WPAN/App/app_zigbee.c:477:24:ZIGBEE_Get_OTCmdRspPayloadBuffer	0	static
../STM32_WPAN/App/app_zigbee.c:482:24:ZIGBEE_Get_NotificationPayloadBuffer	0	static
../STM32_WPAN/App/app_zigbee.c:487:24:ZIGBEE_Get_M0RequestPayloadBuffer	0	static
../STM32_WPAN/App/app_zigbee.c:498:6:ZIGBEE_CmdTransfer	8	static
../STM32_WPAN/App/app_zigbee.c:521:6:TL_ZIGBEE_CmdEvtReceived	0	static
../STM32_WPAN/App/app_zigbee.c:535:6:TL_ZIGBEE_NotReceived	0	static
../STM32_WPAN/App/app_zigbee.c:550:6:Pre_ZigbeeCmdProcessing	0	static
../STM32_WPAN/App/app_zigbee.c:596:6:TL_ZIGBEE_M0RequestReceived	0	static
../STM32_WPAN/App/app_zigbee.c:609:6:APP_ZIGBEE_TL_INIT	0	static
../STM32_WPAN/App/app_zigbee.c:129:6:APP_ZIGBEE_Init	104	static
