../Drivers/STM32WBxx_HAL_Driver/Src/stm32wbxx_hal_pcd.c:258:13:HAL_PCD_MspInit	0	static
../Drivers/STM32WBxx_HAL_Driver/Src/stm32wbxx_hal_pcd.c:124:19:HAL_PCD_Init	48	static
../Drivers/STM32WBxx_HAL_Driver/Src/stm32wbxx_hal_pcd.c:273:13:HAL_PCD_MspDeInit	0	static
../Drivers/STM32WBxx_HAL_Driver/Src/stm32wbxx_hal_pcd.c:219:19:HAL_PCD_DeInit	16	static
../Drivers/STM32WBxx_HAL_Driver/Src/stm32wbxx_hal_pcd.c:976:19:HAL_PCD_Start	8	static
../Drivers/STM32WBxx_HAL_Driver/Src/stm32wbxx_hal_pcd.c:991:19:HAL_PCD_Stop	8	static
../Drivers/STM32WBxx_HAL_Driver/Src/stm32wbxx_hal_pcd.c:1153:13:HAL_PCD_DataOutStageCallback	0	static
../Drivers/STM32WBxx_HAL_Driver/Src/stm32wbxx_hal_pcd.c:1170:13:HAL_PCD_DataInStageCallback	0	static
../Drivers/STM32WBxx_HAL_Driver/Src/stm32wbxx_hal_pcd.c:1185:13:HAL_PCD_SetupStageCallback	0	static
../Drivers/STM32WBxx_HAL_Driver/Src/stm32wbxx_hal_pcd.c:1200:13:HAL_PCD_SOFCallback	0	static
../Drivers/STM32WBxx_HAL_Driver/Src/stm32wbxx_hal_pcd.c:1215:13:HAL_PCD_ResetCallback	0	static
../Drivers/STM32WBxx_HAL_Driver/Src/stm32wbxx_hal_pcd.c:1230:13:HAL_PCD_SuspendCallback	0	static
../Drivers/STM32WBxx_HAL_Driver/Src/stm32wbxx_hal_pcd.c:1245:13:HAL_PCD_ResumeCallback	0	static
../Drivers/STM32WBxx_HAL_Driver/Src/stm32wbxx_hal_pcd.c:1261:13:HAL_PCD_ISOOUTIncompleteCallback	0	static
../Drivers/STM32WBxx_HAL_Driver/Src/stm32wbxx_hal_pcd.c:1278:13:HAL_PCD_ISOINIncompleteCallback	0	static
../Drivers/STM32WBxx_HAL_Driver/Src/stm32wbxx_hal_pcd.c:1294:13:HAL_PCD_ConnectCallback	0	static
../Drivers/STM32WBxx_HAL_Driver/Src/stm32wbxx_hal_pcd.c:1309:13:HAL_PCD_DisconnectCallback	0	static
../Drivers/STM32WBxx_HAL_Driver/Src/stm32wbxx_hal_pcd.c:1343:19:HAL_PCD_DevConnect	8	static
../Drivers/STM32WBxx_HAL_Driver/Src/stm32wbxx_hal_pcd.c:1357:19:HAL_PCD_DevDisconnect	8	static
../Drivers/STM32WBxx_HAL_Driver/Src/stm32wbxx_hal_pcd.c:1372:19:HAL_PCD_SetAddress	8	static
../Drivers/STM32WBxx_HAL_Driver/Src/stm32wbxx_hal_pcd.c:1007:6:HAL_PCD_IRQHandler	48	static
../Drivers/STM32WBxx_HAL_Driver/Src/stm32wbxx_hal_pcd.c:1389:19:HAL_PCD_EP_Open	16	static
../Drivers/STM32WBxx_HAL_Driver/Src/stm32wbxx_hal_pcd.c:1429:19:HAL_PCD_EP_Close	8	static
../Drivers/STM32WBxx_HAL_Driver/Src/stm32wbxx_hal_pcd.c:1460:19:HAL_PCD_EP_Receive	16	static
../Drivers/STM32WBxx_HAL_Driver/Src/stm32wbxx_hal_pcd.c:1484:10:HAL_PCD_EP_GetRxCount	0	static
../Drivers/STM32WBxx_HAL_Driver/Src/stm32wbxx_hal_pcd.c:1496:19:HAL_PCD_EP_Transmit	16	static
../Drivers/STM32WBxx_HAL_Driver/Src/stm32wbxx_hal_pcd.c:1522:19:HAL_PCD_EP_SetStall	8	static
../Drivers/STM32WBxx_HAL_Driver/Src/stm32wbxx_hal_pcd.c:1560:19:HAL_PCD_EP_ClrStall	16	static
../Drivers/STM32WBxx_HAL_Driver/Src/stm32wbxx_hal_pcd.c:1596:19:HAL_PCD_EP_Abort	0	static
../Drivers/STM32WBxx_HAL_Driver/Src/stm32wbxx_hal_pcd.c:1622:19:HAL_PCD_EP_Flush	8	static
../Drivers/STM32WBxx_HAL_Driver/Src/stm32wbxx_hal_pcd.c:1645:19:HAL_PCD_ActivateRemoteWakeup	0	static
../Drivers/STM32WBxx_HAL_Driver/Src/stm32wbxx_hal_pcd.c:1655:19:HAL_PCD_DeActivateRemoteWakeup	0	static
../Drivers/STM32WBxx_HAL_Driver/Src/stm32wbxx_hal_pcd.c:1684:18:HAL_PCD_GetState	0	static
