../Drivers/STM32WBxx_HAL_Driver/Src/stm32wbxx_hal_cortex.c:137:6:HAL_NVIC_SetPriorityGrouping	0	static
../Drivers/STM32WBxx_HAL_Driver/Src/stm32wbxx_hal_cortex.c:159:6:HAL_NVIC_SetPriority	12	static
../Drivers/STM32WBxx_HAL_Driver/Src/stm32wbxx_hal_cortex.c:179:6:HAL_NVIC_EnableIRQ	0	static,ignoring_inline_asm
../Drivers/STM32WBxx_HAL_Driver/Src/stm32wbxx_hal_cortex.c:195:6:HAL_NVIC_DisableIRQ	0	static,ignoring_inline_asm
../Drivers/STM32WBxx_HAL_Driver/Src/stm32wbxx_hal_cortex.c:208:6:HAL_NVIC_SystemReset	0	static,ignoring_inline_asm
../Drivers/STM32WBxx_HAL_Driver/Src/stm32wbxx_hal_cortex.c:221:10:HAL_SYSTICK_Config	0	static
../Drivers/STM32WBxx_HAL_Driver/Src/stm32wbxx_hal_cortex.c:250:10:HAL_NVIC_GetPriorityGrouping	0	static
../Drivers/STM32WBxx_HAL_Driver/Src/stm32wbxx_hal_cortex.c:277:6:HAL_NVIC_GetPriority	16	static
../Drivers/STM32WBxx_HAL_Driver/Src/stm32wbxx_hal_cortex.c:292:6:HAL_NVIC_SetPendingIRQ	0	static
../Drivers/STM32WBxx_HAL_Driver/Src/stm32wbxx_hal_cortex.c:310:10:HAL_NVIC_GetPendingIRQ	0	static
../Drivers/STM32WBxx_HAL_Driver/Src/stm32wbxx_hal_cortex.c:326:6:HAL_NVIC_ClearPendingIRQ	0	static
../Drivers/STM32WBxx_HAL_Driver/Src/stm32wbxx_hal_cortex.c:343:6:HAL_SYSTICK_CLKSourceConfig	0	static
../Drivers/STM32WBxx_HAL_Driver/Src/stm32wbxx_hal_cortex.c:370:13:HAL_SYSTICK_Callback	0	static
../Drivers/STM32WBxx_HAL_Driver/Src/stm32wbxx_hal_cortex.c:361:6:HAL_SYSTICK_IRQHandler	8	static
../Drivers/STM32WBxx_HAL_Driver/Src/stm32wbxx_hal_cortex.c:382:6:HAL_MPU_Disable	0	static,ignoring_inline_asm
../Drivers/STM32WBxx_HAL_Driver/Src/stm32wbxx_hal_cortex.c:405:6:HAL_MPU_Enable	0	static,ignoring_inline_asm
../Drivers/STM32WBxx_HAL_Driver/Src/stm32wbxx_hal_cortex.c:424:6:HAL_MPU_ConfigRegion	8	static
