../Drivers/STM32WBxx_HAL_Driver/Src/stm32wbxx_ll_usb.c:64:19:USB_CoreInit	0	static
../Drivers/STM32WBxx_HAL_Driver/Src/stm32wbxx_ll_usb.c:84:19:USB_EnableGlobalInt	0	static
../Drivers/STM32WBxx_HAL_Driver/Src/stm32wbxx_ll_usb.c:109:19:USB_DisableGlobalInt	0	static
../Drivers/STM32WBxx_HAL_Driver/Src/stm32wbxx_ll_usb.c:133:19:USB_SetCurrentMode	0	static
../Drivers/STM32WBxx_HAL_Driver/Src/stm32wbxx_ll_usb.c:154:19:USB_DevInit	8	static
../Drivers/STM32WBxx_HAL_Driver/Src/stm32wbxx_ll_usb.c:183:19:USB_FlushTxFifo	0	static
../Drivers/STM32WBxx_HAL_Driver/Src/stm32wbxx_ll_usb.c:202:19:USB_FlushRxFifo	0	static
../Drivers/STM32WBxx_HAL_Driver/Src/stm32wbxx_ll_usb.c:223:19:USB_ActivateEndpoint	20	static
../Drivers/STM32WBxx_HAL_Driver/Src/stm32wbxx_ll_usb.c:356:19:USB_DeactivateEndpoint	0	static
../Drivers/STM32WBxx_HAL_Driver/Src/stm32wbxx_ll_usb.c:635:19:USB_EPSetStall	0	static
../Drivers/STM32WBxx_HAL_Driver/Src/stm32wbxx_ll_usb.c:655:19:USB_EPClearStall	0	static
../Drivers/STM32WBxx_HAL_Driver/Src/stm32wbxx_ll_usb.c:687:19:USB_EPStopXfer	0	static
../Drivers/STM32WBxx_HAL_Driver/Src/stm32wbxx_ll_usb.c:732:19:USB_StopDevice	0	static
../Drivers/STM32WBxx_HAL_Driver/Src/stm32wbxx_ll_usb.c:753:20:USB_SetDevAddress	0	static
../Drivers/STM32WBxx_HAL_Driver/Src/stm32wbxx_ll_usb.c:769:20:USB_DevConnect	0	static
../Drivers/STM32WBxx_HAL_Driver/Src/stm32wbxx_ll_usb.c:782:20:USB_DevDisconnect	0	static
../Drivers/STM32WBxx_HAL_Driver/Src/stm32wbxx_ll_usb.c:795:10:USB_ReadInterrupts	0	static
../Drivers/STM32WBxx_HAL_Driver/Src/stm32wbxx_ll_usb.c:808:19:USB_ActivateRemoteWakeup	0	static
../Drivers/STM32WBxx_HAL_Driver/Src/stm32wbxx_ll_usb.c:820:19:USB_DeActivateRemoteWakeup	0	static
../Drivers/STM32WBxx_HAL_Driver/Src/stm32wbxx_ll_usb.c:835:6:USB_WritePMA	0	static
../Drivers/STM32WBxx_HAL_Driver/Src/stm32wbxx_ll_usb.c:415:19:USB_EPStartXfer	32	static
../Drivers/STM32WBxx_HAL_Driver/Src/stm32wbxx_ll_usb.c:870:6:USB_ReadPMA	20	static
