../Drivers/STM32WBxx_HAL_Driver/Src/stm32wbxx_hal_spi.c:4029:26:SPI_WaitFifoStateUntilTimeout.constprop	40	static
../Drivers/STM32WBxx_HAL_Driver/Src/stm32wbxx_hal_spi.c:3960:26:SPI_WaitFlagStateUntilTimeout.constprop	32	static
../Drivers/STM32WBxx_HAL_Driver/Src/stm32wbxx_hal_spi.c:4360:13:SPI_AbortRx_ISR	16	static
../Drivers/STM32WBxx_HAL_Driver/Src/stm32wbxx_hal_spi.c:4109:26:SPI_EndRxTransaction	24	static
../Drivers/STM32WBxx_HAL_Driver/Src/stm32wbxx_hal_spi.c:4145:26:SPI_EndRxTxTransaction	24	static
../Drivers/STM32WBxx_HAL_Driver/Src/stm32wbxx_hal_spi.c:4404:13:SPI_AbortTx_ISR	16	static
../Drivers/STM32WBxx_HAL_Driver/Src/stm32wbxx_hal_spi.c:533:13:HAL_SPI_MspInit	0	static
../Drivers/STM32WBxx_HAL_Driver/Src/stm32wbxx_hal_spi.c:314:19:HAL_SPI_Init	16	static
../Drivers/STM32WBxx_HAL_Driver/Src/stm32wbxx_hal_spi.c:549:13:HAL_SPI_MspDeInit	0	static
../Drivers/STM32WBxx_HAL_Driver/Src/stm32wbxx_hal_spi.c:489:19:HAL_SPI_DeInit	8	static
../Drivers/STM32WBxx_HAL_Driver/Src/stm32wbxx_hal_spi.c:821:19:HAL_SPI_Transmit	40	static
../Drivers/STM32WBxx_HAL_Driver/Src/stm32wbxx_hal_spi.c:1256:19:HAL_SPI_TransmitReceive	32	static
../Drivers/STM32WBxx_HAL_Driver/Src/stm32wbxx_hal_spi.c:1011:19:HAL_SPI_Receive	40	static
../Drivers/STM32WBxx_HAL_Driver/Src/stm32wbxx_hal_spi.c:1602:19:HAL_SPI_Transmit_IT	8	static
../Drivers/STM32WBxx_HAL_Driver/Src/stm32wbxx_hal_spi.c:1797:19:HAL_SPI_TransmitReceive_IT	16	static
../Drivers/STM32WBxx_HAL_Driver/Src/stm32wbxx_hal_spi.c:1688:19:HAL_SPI_Receive_IT	16	static
../Drivers/STM32WBxx_HAL_Driver/Src/stm32wbxx_hal_spi.c:1907:19:HAL_SPI_Transmit_DMA	16	static
../Drivers/STM32WBxx_HAL_Driver/Src/stm32wbxx_hal_spi.c:2175:19:HAL_SPI_TransmitReceive_DMA	16	static
../Drivers/STM32WBxx_HAL_Driver/Src/stm32wbxx_hal_spi.c:2031:19:HAL_SPI_Receive_DMA	24	static
../Drivers/STM32WBxx_HAL_Driver/Src/stm32wbxx_hal_spi.c:2365:19:HAL_SPI_Abort	24	static
../Drivers/STM32WBxx_HAL_Driver/Src/stm32wbxx_hal_spi.c:2686:19:HAL_SPI_DMAPause	0	static
../Drivers/STM32WBxx_HAL_Driver/Src/stm32wbxx_hal_spi.c:2706:19:HAL_SPI_DMAResume	0	static
../Drivers/STM32WBxx_HAL_Driver/Src/stm32wbxx_hal_spi.c:2726:19:HAL_SPI_DMAStop	16	static
../Drivers/STM32WBxx_HAL_Driver/Src/stm32wbxx_hal_spi.c:2873:13:HAL_SPI_TxCpltCallback	0	static
../Drivers/STM32WBxx_HAL_Driver/Src/stm32wbxx_hal_spi.c:2889:13:HAL_SPI_RxCpltCallback	0	static
../Drivers/STM32WBxx_HAL_Driver/Src/stm32wbxx_hal_spi.c:2905:13:HAL_SPI_TxRxCpltCallback	0	static
../Drivers/STM32WBxx_HAL_Driver/Src/stm32wbxx_hal_spi.c:2921:13:HAL_SPI_TxHalfCpltCallback	0	static
../Drivers/STM32WBxx_HAL_Driver/Src/stm32wbxx_hal_spi.c:3333:13:SPI_DMAHalfTransmitCplt	8	static
../Drivers/STM32WBxx_HAL_Driver/Src/stm32wbxx_hal_spi.c:2937:13:HAL_SPI_RxHalfCpltCallback	0	static
../Drivers/STM32WBxx_HAL_Driver/Src/stm32wbxx_hal_spi.c:3351:13:SPI_DMAHalfReceiveCplt	8	static
../Drivers/STM32WBxx_HAL_Driver/Src/stm32wbxx_hal_spi.c:2953:13:HAL_SPI_TxRxHalfCpltCallback	0	static
../Drivers/STM32WBxx_HAL_Driver/Src/stm32wbxx_hal_spi.c:3369:13:SPI_DMAHalfTransmitReceiveCplt	8	static
../Drivers/STM32WBxx_HAL_Driver/Src/stm32wbxx_hal_spi.c:2969:13:HAL_SPI_ErrorCallback	0	static
../Drivers/STM32WBxx_HAL_Driver/Src/stm32wbxx_hal_spi.c:4311:13:SPI_CloseTx_ISR	16	static
../Drivers/STM32WBxx_HAL_Driver/Src/stm32wbxx_hal_spi.c:3905:13:SPI_TxISR_8BIT	0	static
../Drivers/STM32WBxx_HAL_Driver/Src/stm32wbxx_hal_spi.c:3930:13:SPI_TxISR_16BIT	4	static
../Drivers/STM32WBxx_HAL_Driver/Src/stm32wbxx_hal_spi.c:4254:13:SPI_CloseRx_ISR	8	static
../Drivers/STM32WBxx_HAL_Driver/Src/stm32wbxx_hal_spi.c:3816:13:SPI_RxISR_8BIT	0	static
../Drivers/STM32WBxx_HAL_Driver/Src/stm32wbxx_hal_spi.c:3872:13:SPI_RxISR_16BIT	0	static
../Drivers/STM32WBxx_HAL_Driver/Src/stm32wbxx_hal_spi.c:4177:13:SPI_CloseRxTx_ISR	8	static
../Drivers/STM32WBxx_HAL_Driver/Src/stm32wbxx_hal_spi.c:3648:13:SPI_2linesTxISR_8BIT	0	static
../Drivers/STM32WBxx_HAL_Driver/Src/stm32wbxx_hal_spi.c:3563:13:SPI_2linesRxISR_8BIT	0	static
../Drivers/STM32WBxx_HAL_Driver/Src/stm32wbxx_hal_spi.c:3751:13:SPI_2linesTxISR_16BIT	4	static
../Drivers/STM32WBxx_HAL_Driver/Src/stm32wbxx_hal_spi.c:3695:13:SPI_2linesRxISR_16BIT	4	static
../Drivers/STM32WBxx_HAL_Driver/Src/stm32wbxx_hal_spi.c:3387:13:SPI_DMAError	8	static
../Drivers/STM32WBxx_HAL_Driver/Src/stm32wbxx_hal_spi.c:3059:13:SPI_DMATransmitCplt	24	static
../Drivers/STM32WBxx_HAL_Driver/Src/stm32wbxx_hal_spi.c:3116:13:SPI_DMAReceiveCplt	16	static
../Drivers/STM32WBxx_HAL_Driver/Src/stm32wbxx_hal_spi.c:3233:13:SPI_DMATransmitReceiveCplt	16	static
../Drivers/STM32WBxx_HAL_Driver/Src/stm32wbxx_hal_spi.c:2766:6:HAL_SPI_IRQHandler	32	static
../Drivers/STM32WBxx_HAL_Driver/Src/stm32wbxx_hal_spi.c:3410:13:SPI_DMAAbortOnError	8	static
../Drivers/STM32WBxx_HAL_Driver/Src/stm32wbxx_hal_spi.c:2987:13:HAL_SPI_AbortCpltCallback	0	static
../Drivers/STM32WBxx_HAL_Driver/Src/stm32wbxx_hal_spi.c:2525:19:HAL_SPI_Abort_IT	32	static
../Drivers/STM32WBxx_HAL_Driver/Src/stm32wbxx_hal_spi.c:3498:13:SPI_DMARxAbortCallback	16	static
../Drivers/STM32WBxx_HAL_Driver/Src/stm32wbxx_hal_spi.c:3432:13:SPI_DMATxAbortCallback	16	static
../Drivers/STM32WBxx_HAL_Driver/Src/stm32wbxx_hal_spi.c:3022:22:HAL_SPI_GetState	0	static
../Drivers/STM32WBxx_HAL_Driver/Src/stm32wbxx_hal_spi.c:3034:10:HAL_SPI_GetError	0	static
