../Drivers/STM32WBxx_HAL_Driver/Src/stm32wbxx_hal_i2c.c:6671:13:I2C_Flush_TXDR	0	static
../Drivers/STM32WBxx_HAL_Driver/Src/stm32wbxx_hal_i2c.c:7233:13:I2C_TransferConfig	12	static
../Drivers/STM32WBxx_HAL_Driver/Src/stm32wbxx_hal_i2c.c:7260:13:I2C_Enable_IRQ	16	static
../Drivers/STM32WBxx_HAL_Driver/Src/stm32wbxx_hal_i2c.c:7355:13:I2C_Disable_IRQ	0	static
../Drivers/STM32WBxx_HAL_Driver/Src/stm32wbxx_hal_i2c.c:7092:26:I2C_IsErrorOccurred	24	static
../Drivers/STM32WBxx_HAL_Driver/Src/stm32wbxx_hal_i2c.c:6937:26:I2C_WaitOnTXISFlagUntilTimeout	16	static
../Drivers/STM32WBxx_HAL_Driver/Src/stm32wbxx_hal_i2c.c:6903:26:I2C_WaitOnFlagUntilTimeout	24	static
../Drivers/STM32WBxx_HAL_Driver/Src/stm32wbxx_hal_i2c.c:6978:26:I2C_WaitOnSTOPFlagUntilTimeout	16	static
../Drivers/STM32WBxx_HAL_Driver/Src/stm32wbxx_hal_i2c.c:7016:26:I2C_WaitOnRXNEFlagUntilTimeout	16	static
../Drivers/STM32WBxx_HAL_Driver/Src/stm32wbxx_hal_i2c.c:7418:13:I2C_ConvertOtherXferOptions	0	static
../Drivers/STM32WBxx_HAL_Driver/Src/stm32wbxx_hal_i2c.c:702:13:HAL_I2C_MspInit	0	static
../Drivers/STM32WBxx_HAL_Driver/Src/stm32wbxx_hal_i2c.c:541:19:HAL_I2C_Init	8	static
../Drivers/STM32WBxx_HAL_Driver/Src/stm32wbxx_hal_i2c.c:718:13:HAL_I2C_MspDeInit	0	static
../Drivers/STM32WBxx_HAL_Driver/Src/stm32wbxx_hal_i2c.c:656:19:HAL_I2C_DeInit	8	static
../Drivers/STM32WBxx_HAL_Driver/Src/stm32wbxx_hal_i2c.c:1125:19:HAL_I2C_Master_Transmit	40	static
../Drivers/STM32WBxx_HAL_Driver/Src/stm32wbxx_hal_i2c.c:1266:19:HAL_I2C_Master_Receive	40	static
../Drivers/STM32WBxx_HAL_Driver/Src/stm32wbxx_hal_i2c.c:1384:19:HAL_I2C_Slave_Transmit	40	static
../Drivers/STM32WBxx_HAL_Driver/Src/stm32wbxx_hal_i2c.c:1540:19:HAL_I2C_Slave_Receive	40	static
../Drivers/STM32WBxx_HAL_Driver/Src/stm32wbxx_hal_i2c.c:1670:19:HAL_I2C_Master_Transmit_IT	24	static
../Drivers/STM32WBxx_HAL_Driver/Src/stm32wbxx_hal_i2c.c:1760:19:HAL_I2C_Master_Receive_IT	24	static
../Drivers/STM32WBxx_HAL_Driver/Src/stm32wbxx_hal_i2c.c:1829:19:HAL_I2C_Slave_Transmit_IT	8	static
../Drivers/STM32WBxx_HAL_Driver/Src/stm32wbxx_hal_i2c.c:1893:19:HAL_I2C_Slave_Receive_IT	16	static
../Drivers/STM32WBxx_HAL_Driver/Src/stm32wbxx_hal_i2c.c:1946:19:HAL_I2C_Master_Transmit_DMA	40	static
../Drivers/STM32WBxx_HAL_Driver/Src/stm32wbxx_hal_i2c.c:2109:19:HAL_I2C_Master_Receive_DMA	32	static
../Drivers/STM32WBxx_HAL_Driver/Src/stm32wbxx_hal_i2c.c:2254:19:HAL_I2C_Slave_Transmit_DMA	16	static
../Drivers/STM32WBxx_HAL_Driver/Src/stm32wbxx_hal_i2c.c:2390:19:HAL_I2C_Slave_Receive_DMA	24	static
../Drivers/STM32WBxx_HAL_Driver/Src/stm32wbxx_hal_i2c.c:2500:19:HAL_I2C_Mem_Write	48	static
../Drivers/STM32WBxx_HAL_Driver/Src/stm32wbxx_hal_i2c.c:2637:19:HAL_I2C_Mem_Read	48	static
../Drivers/STM32WBxx_HAL_Driver/Src/stm32wbxx_hal_i2c.c:2774:19:HAL_I2C_Mem_Write_IT	32	static
../Drivers/STM32WBxx_HAL_Driver/Src/stm32wbxx_hal_i2c.c:2862:19:HAL_I2C_Mem_Read_IT	32	static
../Drivers/STM32WBxx_HAL_Driver/Src/stm32wbxx_hal_i2c.c:2950:19:HAL_I2C_Mem_Write_DMA	32	static
../Drivers/STM32WBxx_HAL_Driver/Src/stm32wbxx_hal_i2c.c:3096:19:HAL_I2C_Mem_Read_DMA	32	static
../Drivers/STM32WBxx_HAL_Driver/Src/stm32wbxx_hal_i2c.c:3242:19:HAL_I2C_IsDeviceReady	56	static
../Drivers/STM32WBxx_HAL_Driver/Src/stm32wbxx_hal_i2c.c:3384:19:HAL_I2C_Master_Seq_Transmit_IT	32	static
../Drivers/STM32WBxx_HAL_Driver/Src/stm32wbxx_hal_i2c.c:3499:19:HAL_I2C_Master_Seq_Transmit_DMA	48	static
../Drivers/STM32WBxx_HAL_Driver/Src/stm32wbxx_hal_i2c.c:3697:19:HAL_I2C_Master_Seq_Receive_IT	24	static
../Drivers/STM32WBxx_HAL_Driver/Src/stm32wbxx_hal_i2c.c:3785:19:HAL_I2C_Master_Seq_Receive_DMA	40	static
../Drivers/STM32WBxx_HAL_Driver/Src/stm32wbxx_hal_i2c.c:3952:19:HAL_I2C_Slave_Seq_Transmit_IT	24	static
../Drivers/STM32WBxx_HAL_Driver/Src/stm32wbxx_hal_i2c.c:4055:19:HAL_I2C_Slave_Seq_Transmit_DMA	24	static
../Drivers/STM32WBxx_HAL_Driver/Src/stm32wbxx_hal_i2c.c:4240:19:HAL_I2C_Slave_Seq_Receive_IT	24	static
../Drivers/STM32WBxx_HAL_Driver/Src/stm32wbxx_hal_i2c.c:4343:19:HAL_I2C_Slave_Seq_Receive_DMA	24	static
../Drivers/STM32WBxx_HAL_Driver/Src/stm32wbxx_hal_i2c.c:4524:19:HAL_I2C_EnableListen_IT	8	static
../Drivers/STM32WBxx_HAL_Driver/Src/stm32wbxx_hal_i2c.c:4548:19:HAL_I2C_DisableListen_IT	8	static
../Drivers/STM32WBxx_HAL_Driver/Src/stm32wbxx_hal_i2c.c:4581:19:HAL_I2C_Master_Abort_IT	24	static
../Drivers/STM32WBxx_HAL_Driver/Src/stm32wbxx_hal_i2c.c:4643:6:HAL_I2C_EV_IRQHandler	0	static
../Drivers/STM32WBxx_HAL_Driver/Src/stm32wbxx_hal_i2c.c:4714:13:HAL_I2C_MasterTxCpltCallback	0	static
../Drivers/STM32WBxx_HAL_Driver/Src/stm32wbxx_hal_i2c.c:4730:13:HAL_I2C_MasterRxCpltCallback	0	static
../Drivers/STM32WBxx_HAL_Driver/Src/stm32wbxx_hal_i2c.c:6013:13:I2C_ITMasterSeqCplt	16	static
../Drivers/STM32WBxx_HAL_Driver/Src/stm32wbxx_hal_i2c.c:4745:13:HAL_I2C_SlaveTxCpltCallback	0	static
../Drivers/STM32WBxx_HAL_Driver/Src/stm32wbxx_hal_i2c.c:4761:13:HAL_I2C_SlaveRxCpltCallback	0	static
../Drivers/STM32WBxx_HAL_Driver/Src/stm32wbxx_hal_i2c.c:6066:13:I2C_ITSlaveSeqCplt	8	static
../Drivers/STM32WBxx_HAL_Driver/Src/stm32wbxx_hal_i2c.c:6744:13:I2C_DMASlaveTransmitCplt	0	static
../Drivers/STM32WBxx_HAL_Driver/Src/stm32wbxx_hal_i2c.c:6824:13:I2C_DMASlaveReceiveCplt	0	static
../Drivers/STM32WBxx_HAL_Driver/Src/stm32wbxx_hal_i2c.c:4779:13:HAL_I2C_AddrCallback	0	static
../Drivers/STM32WBxx_HAL_Driver/Src/stm32wbxx_hal_i2c.c:5918:13:I2C_ITAddrCplt.constprop	24	static
../Drivers/STM32WBxx_HAL_Driver/Src/stm32wbxx_hal_i2c.c:4797:13:HAL_I2C_ListenCpltCallback	0	static
../Drivers/STM32WBxx_HAL_Driver/Src/stm32wbxx_hal_i2c.c:6447:13:I2C_ITListenCplt	8	static
../Drivers/STM32WBxx_HAL_Driver/Src/stm32wbxx_hal_i2c.c:4813:13:HAL_I2C_MemTxCpltCallback	0	static
../Drivers/STM32WBxx_HAL_Driver/Src/stm32wbxx_hal_i2c.c:4829:13:HAL_I2C_MemRxCpltCallback	0	static
../Drivers/STM32WBxx_HAL_Driver/Src/stm32wbxx_hal_i2c.c:4845:13:HAL_I2C_ErrorCallback	0	static
../Drivers/STM32WBxx_HAL_Driver/Src/stm32wbxx_hal_i2c.c:4861:13:HAL_I2C_AbortCpltCallback	0	static
../Drivers/STM32WBxx_HAL_Driver/Src/stm32wbxx_hal_i2c.c:6633:13:I2C_TreatErrorCallback	8	static
../Drivers/STM32WBxx_HAL_Driver/Src/stm32wbxx_hal_i2c.c:6498:13:I2C_ITError	16	static
../Drivers/STM32WBxx_HAL_Driver/Src/stm32wbxx_hal_i2c.c:6142:13:I2C_ITMasterCplt	24	static
../Drivers/STM32WBxx_HAL_Driver/Src/stm32wbxx_hal_i2c.c:4944:26:I2C_Master_ISR_IT	24	static
../Drivers/STM32WBxx_HAL_Driver/Src/stm32wbxx_hal_i2c.c:5520:26:I2C_Mem_ISR_DMA	16	static
../Drivers/STM32WBxx_HAL_Driver/Src/stm32wbxx_hal_i2c.c:5380:26:I2C_Master_ISR_DMA	24	static
../Drivers/STM32WBxx_HAL_Driver/Src/stm32wbxx_hal_i2c.c:6853:13:I2C_DMAError	0	static
../Drivers/STM32WBxx_HAL_Driver/Src/stm32wbxx_hal_i2c.c:6693:13:I2C_DMAMasterTransmitCplt	8	static
../Drivers/STM32WBxx_HAL_Driver/Src/stm32wbxx_hal_i2c.c:6773:13:I2C_DMAMasterReceiveCplt	8	static
../Drivers/STM32WBxx_HAL_Driver/Src/stm32wbxx_hal_i2c.c:5095:26:I2C_Mem_ISR_IT	24	static
../Drivers/STM32WBxx_HAL_Driver/Src/stm32wbxx_hal_i2c.c:4662:6:HAL_I2C_ER_IRQHandler	4	static
../Drivers/STM32WBxx_HAL_Driver/Src/stm32wbxx_hal_i2c.c:6285:13:I2C_ITSlaveCplt.constprop	24	static
../Drivers/STM32WBxx_HAL_Driver/Src/stm32wbxx_hal_i2c.c:5668:26:I2C_Slave_ISR_DMA	24	static
../Drivers/STM32WBxx_HAL_Driver/Src/stm32wbxx_hal_i2c.c:5238:26:I2C_Slave_ISR_IT	24	static
../Drivers/STM32WBxx_HAL_Driver/Src/stm32wbxx_hal_i2c.c:6872:13:I2C_DMAAbort	0	static
../Drivers/STM32WBxx_HAL_Driver/Src/stm32wbxx_hal_i2c.c:4896:22:HAL_I2C_GetState	0	static
../Drivers/STM32WBxx_HAL_Driver/Src/stm32wbxx_hal_i2c.c:4908:21:HAL_I2C_GetMode	0	static
../Drivers/STM32WBxx_HAL_Driver/Src/stm32wbxx_hal_i2c.c:4919:10:HAL_I2C_GetError	0	static
