../Core/Src/app_entry.c:400:13:APPE_SysStatusNot	0	static
../Core/Src/app_entry.c:415:13:APPE_SysUserEvtRx	8	static
../Core/Src/app_entry.c:107:6:MX_APPE_Config	16	static
../Core/Src/app_entry.c:152:6:Init_Smps	0	static
../Core/Src/app_entry.c:170:6:Init_Exti	0	static
../Core/Src/app_entry.c:127:6:MX_APPE_Init	40	static
../Core/Src/app_entry.c:472:6:HAL_Delay	16	static,ignoring_inline_asm
../Core/Src/app_entry.c:501:6:MX_APPE_Process	0	static
../Core/Src/app_entry.c:512:6:UTIL_SEQ_Idle	0	static
../Core/Src/app_entry.c:527:6:UTIL_SEQ_EvtIdle	8	static
../Core/Src/app_entry.c:551:6:shci_notify_asynch_evt	0	static
../Core/Src/app_entry.c:558:6:shci_cmd_resp_release	0	static
../Core/Src/app_entry.c:565:6:shci_cmd_resp_wait	0	static
../Core/Src/app_entry.c:573:6:TL_TRACES_EvtReceived	0	static
