../Core/Src/stm32_lpm_if.c:210:6:PWR_EnterSleepMode	8	static,ignoring_inline_asm
../Core/Src/stm32_lpm_if.c:121:6:PWR_ExitOffMode	0	static
../Core/Src/stm32_lpm_if.c:187:6:PWR_ExitStopMode	0	static
../Core/Src/stm32_lpm_if.c:334:13:Switch_On_HSI	0	static
../Core/Src/stm32_lpm_if.c:265:13:EnterLowPower	8	static
../Core/Src/stm32_lpm_if.c:72:6:PWR_EnterOffMode	8	static,ignoring_inline_asm
../Core/Src/stm32_lpm_if.c:243:6:PWR_ExitSleepMode	0	static
../Core/Src/stm32_lpm_if.c:139:6:PWR_EnterStopMode	8	static,ignoring_inline_asm
