../Drivers/STM32WBxx_HAL_Driver/Src/stm32wbxx_hal_rtc.c:230:19:HAL_RTC_Init	24	static
../Drivers/STM32WBxx_HAL_Driver/Src/stm32wbxx_hal_rtc.c:378:19:HAL_RTC_DeInit	24	static
../Drivers/STM32WBxx_HAL_Driver/Src/stm32wbxx_hal_rtc.c:715:13:HAL_RTC_MspInit	16	static
../Drivers/STM32WBxx_HAL_Driver/Src/stm32wbxx_hal_rtc.c:730:13:HAL_RTC_MspDeInit	16	static
../Drivers/STM32WBxx_HAL_Driver/Src/stm32wbxx_hal_rtc.c:768:19:HAL_RTC_SetTime	40	static
../Drivers/STM32WBxx_HAL_Driver/Src/stm32wbxx_hal_rtc.c:900:19:HAL_RTC_GetTime	32	static
../Drivers/STM32WBxx_HAL_Driver/Src/stm32wbxx_hal_rtc.c:944:19:HAL_RTC_SetDate	40	static
../Drivers/STM32WBxx_HAL_Driver/Src/stm32wbxx_hal_rtc.c:1053:19:HAL_RTC_GetDate	32	static
../Drivers/STM32WBxx_HAL_Driver/Src/stm32wbxx_hal_rtc.c:1086:6:HAL_RTC_DST_Add1Hour	16	static
../Drivers/STM32WBxx_HAL_Driver/Src/stm32wbxx_hal_rtc.c:1100:6:HAL_RTC_DST_Sub1Hour	16	static
../Drivers/STM32WBxx_HAL_Driver/Src/stm32wbxx_hal_rtc.c:1114:6:HAL_RTC_DST_SetStoreOperation	16	static
../Drivers/STM32WBxx_HAL_Driver/Src/stm32wbxx_hal_rtc.c:1127:6:HAL_RTC_DST_ClearStoreOperation	16	static
../Drivers/STM32WBxx_HAL_Driver/Src/stm32wbxx_hal_rtc.c:1140:10:HAL_RTC_DST_ReadStoreOperation	16	static
../Drivers/STM32WBxx_HAL_Driver/Src/stm32wbxx_hal_rtc.c:1174:19:HAL_RTC_SetAlarm	48	static
../Drivers/STM32WBxx_HAL_Driver/Src/stm32wbxx_hal_rtc.c:1356:19:HAL_RTC_SetAlarm_IT	48	static
../Drivers/STM32WBxx_HAL_Driver/Src/stm32wbxx_hal_rtc.c:1539:19:HAL_RTC_DeactivateAlarm	24	static
../Drivers/STM32WBxx_HAL_Driver/Src/stm32wbxx_hal_rtc.c:1633:19:HAL_RTC_GetAlarm	32	static
../Drivers/STM32WBxx_HAL_Driver/Src/stm32wbxx_hal_rtc.c:1694:6:HAL_RTC_AlarmIRQHandler	16	static
../Drivers/STM32WBxx_HAL_Driver/Src/stm32wbxx_hal_rtc.c:1743:13:HAL_RTC_AlarmAEventCallback	16	static
../Drivers/STM32WBxx_HAL_Driver/Src/stm32wbxx_hal_rtc.c:1759:19:HAL_RTC_PollForAlarmAEvent	24	static
../Drivers/STM32WBxx_HAL_Driver/Src/stm32wbxx_hal_rtc.c:1817:19:HAL_RTC_WaitForSynchro	24	static
../Drivers/STM32WBxx_HAL_Driver/Src/stm32wbxx_hal_rtc.c:1861:21:HAL_RTC_GetState	16	static
../Drivers/STM32WBxx_HAL_Driver/Src/stm32wbxx_hal_rtc.c:1884:19:RTC_EnterInitMode	24	static
../Drivers/STM32WBxx_HAL_Driver/Src/stm32wbxx_hal_rtc.c:1914:9:RTC_ByteToBcd2	24	static
../Drivers/STM32WBxx_HAL_Driver/Src/stm32wbxx_hal_rtc.c:1933:9:RTC_Bcd2ToByte	24	static
