Archive member included to satisfy reference by file (symbol)

../Middlewares/ST/STM32_WPAN/zigbee/lib\stm32wb_zigbee_wb_lib.a(zcl_cluster.o)
                              ./Middlewares/ST/STM32_WPAN/zigbee/core/src/zigbee_core_wb.o (ZbZclClusterInitCommandReq)
../Middlewares/ST/STM32_WPAN/zigbee/lib\stm32wb_zigbee_wb_lib.a(zcl_command_ind.o)
                              ./Middlewares/ST/STM32_WPAN/zigbee/core/src/zigbee_core_wb.o (zcl_cluster_alarm_data_ind)
../Middlewares/ST/STM32_WPAN/zigbee/lib\stm32wb_zigbee_wb_lib.a(zcl_elec_meas_client.o)
                              ./STM32_WPAN/App/app_zigbee.o (ZbZclElecMeasClientAlloc)
../Middlewares/ST/STM32_WPAN/zigbee/lib\stm32wb_zigbee_wb_lib.a(zcl_fan_client.o)
                              ./STM32_WPAN/App/app_zigbee.o (ZbZclFanClientAlloc)
../Middlewares/ST/STM32_WPAN/zigbee/lib\stm32wb_zigbee_wb_lib.a(zcl_header.o)
                              ../Middlewares/ST/STM32_WPAN/zigbee/lib\stm32wb_zigbee_wb_lib.a(zcl_command_ind.o) (ZbZclAppendHeader)
../Middlewares/ST/STM32_WPAN/zigbee/lib\stm32wb_zigbee_wb_lib.a(zcl_illum_meas_client.o)
                              ./STM32_WPAN/App/app_zigbee.o (ZbZclIllumMeasClientAlloc)
../Middlewares/ST/STM32_WPAN/zigbee/lib\stm32wb_zigbee_wb_lib.a(zcl_onoff_client.o)
                              ./STM32_WPAN/App/app_zigbee.o (ZbZclOnOffClientAlloc)
../Middlewares/ST/STM32_WPAN/zigbee/lib\stm32wb_zigbee_wb_lib.a(zcl_temp_meas_client.o)
                              ./STM32_WPAN/App/app_zigbee.o (ZbZclTempMeasClientAlloc)
../Middlewares/ST/STM32_WPAN/zigbee/lib\stm32wb_zigbee_wb_lib.a(pletoh.o)
                              ../Middlewares/ST/STM32_WPAN/zigbee/lib\stm32wb_zigbee_wb_lib.a(zcl_cluster.o) (pletoh16)
../Middlewares/ST/STM32_WPAN/zigbee/lib\stm32wb_zigbee_wb_lib.a(zcl_attr.o)
                              ../Middlewares/ST/STM32_WPAN/zigbee/lib\stm32wb_zigbee_wb_lib.a(zcl_command_ind.o) (ZbZclAttrHandleDiscover)
../Middlewares/ST/STM32_WPAN/zigbee/lib\stm32wb_zigbee_wb_lib.a(zcl_attr_integer.o)
                              ../Middlewares/ST/STM32_WPAN/zigbee/lib\stm32wb_zigbee_wb_lib.a(zcl_attr.o) (ZbZclAttrIntegerRangeCheck)
../Middlewares/ST/STM32_WPAN/zigbee/lib\stm32wb_zigbee_wb_lib.a(zcl_attr_list.o)
                              ../Middlewares/ST/STM32_WPAN/zigbee/lib\stm32wb_zigbee_wb_lib.a(zcl_attr.o) (ZbZclAttrCallbackExec)
../Middlewares/ST/STM32_WPAN/zigbee/lib\stm32wb_zigbee_wb_lib.a(zcl_attr_report.o)
                              ../Middlewares/ST/STM32_WPAN/zigbee/lib\stm32wb_zigbee_wb_lib.a(zcl_command_ind.o) (ZbZclHandleConfigReport)
../Middlewares/ST/STM32_WPAN/zigbee/lib\stm32wb_zigbee_wb_lib.a(zcl_cluster_init.o)
                              ../Middlewares/ST/STM32_WPAN/zigbee/lib\stm32wb_zigbee_wb_lib.a(zcl_elec_meas_client.o) (ZbZclClusterAlloc)
../Middlewares/ST/STM32_WPAN/zigbee/lib\stm32wb_zigbee_wb_lib.a(zcl_cluster_scene.o)
                              ../Middlewares/ST/STM32_WPAN/zigbee/lib\stm32wb_zigbee_wb_lib.a(zcl_command_ind.o) (ZbZclHandleGetSceneData)
../Middlewares/ST/STM32_WPAN/zigbee/lib\stm32wb_zigbee_wb_lib.a(zcl_attr_float.o)
                              ../Middlewares/ST/STM32_WPAN/zigbee/lib\stm32wb_zigbee_wb_lib.a(zcl_attr_report.o) (ZbZclAttrIsFloat)
C:/ST/STM32CubeIDE_1.13.2/STM32CubeIDE/plugins/com.st.stm32cube.ide.mcu.externaltools.gnu-tools-for-stm32.11.3.rel1.win32_1.1.1.202309131626/tools/bin/../lib/gcc/arm-none-eabi/11.3.1/../../../../arm-none-eabi/lib/thumb/v7e-m+fp/hard\libc_nano.a(libc_a-assert.o)
                              ./Middlewares/ST/STM32_WPAN/zigbee/core/src/zigbee_core_wb.o (__assert_func)
C:/ST/STM32CubeIDE_1.13.2/STM32CubeIDE/plugins/com.st.stm32cube.ide.mcu.externaltools.gnu-tools-for-stm32.11.3.rel1.win32_1.1.1.202309131626/tools/bin/../lib/gcc/arm-none-eabi/11.3.1/../../../../arm-none-eabi/lib/thumb/v7e-m+fp/hard\libc_nano.a(libc_a-exit.o)
                              C:/ST/STM32CubeIDE_1.13.2/STM32CubeIDE/plugins/com.st.stm32cube.ide.mcu.externaltools.gnu-tools-for-stm32.11.3.rel1.win32_1.1.1.202309131626/tools/bin/../lib/gcc/arm-none-eabi/11.3.1/../../../../arm-none-eabi/lib/thumb/v7e-m+fp/hard/crt0.o (exit)
C:/ST/STM32CubeIDE_1.13.2/STM32CubeIDE/plugins/com.st.stm32cube.ide.mcu.externaltools.gnu-tools-for-stm32.11.3.rel1.win32_1.1.1.202309131626/tools/bin/../lib/gcc/arm-none-eabi/11.3.1/../../../../arm-none-eabi/lib/thumb/v7e-m+fp/hard\libc_nano.a(libc_a-malloc.o)
                              ./Middlewares/ST/STM32_WPAN/zigbee/core/src/zigbee_core_wb.o (malloc)
C:/ST/STM32CubeIDE_1.13.2/STM32CubeIDE/plugins/com.st.stm32cube.ide.mcu.externaltools.gnu-tools-for-stm32.11.3.rel1.win32_1.1.1.202309131626/tools/bin/../lib/gcc/arm-none-eabi/11.3.1/../../../../arm-none-eabi/lib/thumb/v7e-m+fp/hard\libc_nano.a(libc_a-mallocr.o)
[...]
Memory Configuration

Name             Origin             Length             Attributes
FLASH            0x0000000008000000 0x0000000000080000 xr
RAM1             0x0000000020000008 0x000000000002fff8 xrw
RAM_SHARED       0x0000000020030000 0x0000000000002800 xrw
*default*        0x0000000000000000 0xffffffffffffffff

Linker script and memory map

LOAD C:/ST/STM32CubeIDE_1.13.2/STM32CubeIDE/plugins/com.st.stm32cube.ide.mcu.externaltools.gnu-tools-for-stm32.11.3.rel1.win32_1.1.1.202309131626/tools/bin/../lib/gcc/arm-none-eabi/11.3.1/thumb/v7e-m+fp/hard/crti.o
LOAD C:/ST/STM32CubeIDE_1.13.2/STM32CubeIDE/plugins/com.st.stm32cube.ide.mcu.externaltools.gnu-tools-for-stm32.11.3.rel1.win32_1.1.1.202309131626/tools/bin/../lib/gcc/arm-none-eabi/11.3.1/thumb/v7e-m+fp/hard/crtbegin.o
LOAD C:/ST/STM32CubeIDE_1.13.2/STM32CubeIDE/plugins/com.st.stm32cube.ide.mcu.externaltools.gnu-tools-for-stm32.11.3.rel1.win32_1.1.1.202309131626/tools/bin/../lib/gcc/arm-none-eabi/11.3.1/../../../../arm-none-eabi/lib/thumb/v7e-m+fp/hard/crt0.o
LOAD ./Core/Src/app_entry.o
LOAD ./Core/Src/hw_timerserver.o
LOAD ./Core/Src/main.o
LOAD ./Core/Src/stm32_lpm_if.o
LOAD ./Core/Src/stm32wbxx_hal_msp.o
LOAD ./Core/Src/stm32wbxx_it.o
LOAD ./Core/Src/stm_logging.o
LOAD ./Core/Src/syscalls.o
LOAD ./Core/Src/sysmem.o
LOAD ./Core/Src/system_stm32wbxx.o
LOAD ./Core/Startup/startup_stm32wb55rgvx.o
LOAD ./Drivers/STM32WBxx_HAL_Driver/Src/stm32wbxx_hal.o
LOAD ./Drivers/STM32WBxx_HAL_Driver/Src/stm32wbxx_hal_cortex.o
LOAD ./Drivers/STM32WBxx_HAL_Driver/Src/stm32wbxx_hal_dma.o
LOAD ./Drivers/STM32WBxx_HAL_Driver/Src/stm32wbxx_hal_dma_ex.o
LOAD ./Drivers/STM32WBxx_HAL_Driver/Src/stm32wbxx_hal_exti.o
LOAD ./Drivers/STM32WBxx_HAL_Driver/Src/stm32wbxx_hal_flash.o
LOAD ./Drivers/STM32WBxx_HAL_Driver/Src/stm32wbxx_hal_flash_ex.o
LOAD ./Drivers/STM32WBxx_HAL_Driver/Src/stm32wbxx_hal_gpio.o
LOAD ./Drivers/STM32WBxx_HAL_Driver/Src/stm32wbxx_hal_hsem.o
LOAD ./Drivers/STM32WBxx_HAL_Driver/Src/stm32wbxx_hal_i2c.o
LOAD ./Drivers/STM32WBxx_HAL_Driver/Src/stm32wbxx_hal_i2c_ex.o
LOAD ./Drivers/STM32WBxx_HAL_Driver/Src/stm32wbxx_hal_pcd.o
LOAD ./Drivers/STM32WBxx_HAL_Driver/Src/stm32wbxx_hal_pcd_ex.o
LOAD ./Drivers/STM32WBxx_HAL_Driver/Src/stm32wbxx_hal_pwr.o
LOAD ./Drivers/STM32WBxx_HAL_Driver/Src/stm32wbxx_hal_pwr_ex.o
LOAD ./Drivers/STM32WBxx_HAL_Driver/Src/stm32wbxx_hal_rcc.o
LOAD ./Drivers/STM32WBxx_HAL_Driver/Src/stm32wbxx_hal_rcc_ex.o
LOAD ./Drivers/STM32WBxx_HAL_Driver/Src/stm32wbxx_hal_rtc.o
LOAD ./Drivers/STM32WBxx_HAL_Driver/Src/stm32wbxx_hal_rtc_ex.o
LOAD ./Drivers/STM32WBxx_HAL_Driver/Src/stm32wbxx_hal_spi.o
LOAD ./Drivers/STM32WBxx_HAL_Driver/Src/stm32wbxx_hal_spi_ex.o
LOAD ./Drivers/STM32WBxx_HAL_Driver/Src/stm32wbxx_hal_tim.o
LOAD ./Drivers/STM32WBxx_HAL_Driver/Src/stm32wbxx_hal_tim_ex.o
LOAD ./Drivers/STM32WBxx_HAL_Driver/Src/stm32wbxx_hal_uart.o
LOAD ./Drivers/STM32WBxx_HAL_Driver/Src/stm32wbxx_hal_uart_ex.o
LOAD ./Drivers/STM32WBxx_HAL_Driver/Src/stm32wbxx_ll_rcc.o
LOAD ./Drivers/STM32WBxx_HAL_Driver/Src/stm32wbxx_ll_usb.o
LOAD ./Middlewares/ST/STM32_WPAN/interface/patterns/ble_thread/shci/shci.o
LOAD ./Middlewares/ST/STM32_WPAN/interface/patterns/ble_thread/tl/shci_tl.o
LOAD ./Middlewares/ST/STM32_WPAN/interface/patterns/ble_thread/tl/shci_tl_if.o
LOAD ./Middlewares/ST/STM32_WPAN/interface/patterns/ble_thread/tl/tl_mbox.o
LOAD ./Middlewares/ST/STM32_WPAN/interface/patterns/ble_thread/tl/tl_zigbee_hci.o
LOAD ./Middlewares/ST/STM32_WPAN/utilities/dbg_trace.o
LOAD ./Middlewares/ST/STM32_WPAN/utilities/otp.o
LOAD ./Middlewares/ST/STM32_WPAN/utilities/stm_list.o
LOAD ./Middlewares/ST/STM32_WPAN/utilities/stm_queue.o
LOAD ./Middlewares/ST/STM32_WPAN/zigbee/core/src/zigbee_core_wb.o
LOAD ./Middlewares/ST/STM32_WPAN/zigbee/platform/ee.o
LOAD ./Middlewares/ST/STM32_WPAN/zigbee/platform/hw_flash.o
LOAD ./STM32_WPAN/App/app_zigbee.o
LOAD ./STM32_WPAN/Target/hw_ipcc.o
LOAD ./Utilities/lpm/tiny_lpm/stm32_lpm.o
LOAD ./Utilities/sequencer/stm32_seq.o
LOAD ../Middlewares/ST/STM32_WPAN/zigbee/lib\stm32wb_zigbee_wb_lib.a
START GROUP
LOAD C:/ST/STM32CubeIDE_1.13.2/STM32CubeIDE/plugins/com.st.stm32cube.ide.mcu.externaltools.gnu-tools-for-stm32.11.3.rel1.win32_1.1.1.202309131626/tools/bin/../lib/gcc/arm-none-eabi/11.3.1/../../../../arm-none-eabi/lib/thumb/v7e-m+fp/hard\libc_nano.a
LOAD C:/ST/STM32CubeIDE_1.13.2/STM32CubeIDE/plugins/com.st.stm32cube.ide.mcu.externaltools.gnu-tools-for-stm32.11.3.rel1.win32_1.1.1.202309131626/tools/bin/../lib/gcc/arm-none-eabi/11.3.1/../../../../arm-none-eabi/lib/thumb/v7e-m+fp/hard\libm.a
END GROUP
START GROUP
LOAD C:/ST/STM32CubeIDE_1.13.2/STM32CubeIDE/plugins/com.st.stm32cube.ide.mcu.externaltools.gnu-tools-for-stm32.11.3.rel1.win32_1.1.1.202309131626/tools/bin/../lib/gcc/arm-none-eabi/11.3.1/thumb/v7e-m+fp/hard\libgcc.a
LOAD C:/ST/STM32CubeIDE_1.13.2/STM32CubeIDE/plugins/com.st.stm32cube.ide.mcu.externaltools.gnu-tools-for-stm32.11.3.rel1.win32_1.1.1.202309131626/tools/bin/../lib/gcc/arm-none-eabi/11.3.1/../../../../arm-none-eabi/lib/thumb/v7e-m+fp/hard\libc_nano.a
END GROUP
START GROUP
LOAD C:/ST/STM32CubeIDE_1.13.2/STM32CubeIDE/plugins/com.st.stm32cube.ide.mcu.externaltools.gnu-tools-for-stm32.11.3.rel1.win32_1.1.1.202309131626/tools/bin/../lib/gcc/arm-none-eabi/11.3.1/thumb/v7e-m+fp/hard\libgcc.a
LOAD C:/ST/STM32CubeIDE_1.13.2/STM32CubeIDE/plugins/com.st.stm32cube.ide.mcu.externaltools.gnu-tools-for-stm32.11.3.rel1.win32_1.1.1.202309131626/tools/bin/../lib/gcc/arm-none-eabi/11.3.1/../../../../arm-none-eabi/lib/thumb/v7e-m+fp/hard\libc_nano.a
LOAD C:/ST/STM32CubeIDE_1.13.2/STM32CubeIDE/plugins/com.st.stm32cube.ide.mcu.externaltools.gnu-tools-for-stm32.11.3.rel1.win32_1.1.1.202309131626/tools/bin/../lib/gcc/arm-none-eabi/11.3.1/../../../../arm-none-eabi/lib/thumb/v7e-m+fp/hard\libnosys.a
END GROUP
START GROUP
LOAD C:/ST/STM32CubeIDE_1.13.2/STM32CubeIDE/plugins/com.st.stm32cube.ide.mcu.externaltools.gnu-tools-for-stm32.11.3.rel1.win32_1.1.1.202309131626/tools/bin/../lib/gcc/arm-none-eabi/11.3.1/thumb/v7e-m+fp/hard\libgcc.a
LOAD C:/ST/STM32CubeIDE_1.13.2/STM32CubeIDE/plugins/com.st.stm32cube.ide.mcu.externaltools.gnu-tools-for-stm32.11.3.rel1.win32_1.1.1.202309131626/tools/bin/../lib/gcc/arm-none-eabi/11.3.1/../../../../arm-none-eabi/lib/thumb/v7e-m+fp/hard\libc_nano.a
LOAD C:/ST/STM32CubeIDE_1.13.2/STM32CubeIDE/plugins/com.st.stm32cube.ide.mcu.externaltools.gnu-tools-for-stm32.11.3.rel1.win32_1.1.1.202309131626/tools/bin/../lib/gcc/arm-none-eabi/11.3.1/../../../../arm-none-eabi/lib/thumb/v7e-m+fp/hard\libnosys.a
END GROUP
LOAD C:/ST/STM32CubeIDE_1.13.2/STM32CubeIDE/plugins/com.st.stm32cube.ide.mcu.externaltools.gnu-tools-for-stm32.11.3.rel1.win32_1.1.1.202309131626/tools/bin/../lib/gcc/arm-none-eabi/11.3.1/thumb/v7e-m+fp/hard/crtend.o
LOAD C:/ST/STM32CubeIDE_1.13.2/STM32CubeIDE/plugins/com.st.stm32cube.ide.mcu.externaltools.gnu-tools-for-stm32.11.3.rel1.win32_1.1.1.202309131626/tools/bin/../lib/gcc/arm-none-eabi/11.3.1/thumb/v7e-m+fp/hard/crtn.o
                0x0000000020030000                _estack = (ORIGIN (RAM1) + LENGTH (RAM1))
                0x0000000000000200                _Min_Heap_Size = 0x200
                0x0000000000000400                _Min_Stack_Size = 0x400

.isr_vector     0x0000000008000000      0x13c
                0x0000000008000000                . = ALIGN (0x4)
 *(.isr_vector)
 .isr_vector    0x0000000008000000      0x13c ./Core/Startup/startup_stm32wb55rgvx.o
                0x0000000008000000                g_pfnVectors
                0x000000000800013c                . = ALIGN (0x4)

.text           0x0000000008000140     0xc854
                0x0000000008000140                . = ALIGN (0x4)
 *(.text)
 .text          0x0000000008000140       0x40 C:/ST/STM32CubeIDE_1.13.2/STM32CubeIDE/plugins/com.st.stm32cube.ide.mcu.externaltools.gnu-tools-for-stm32.11.3.rel1.win32_1.1.1.202309131626/tools/bin/../lib/gcc/arm-none-eabi/11.3.1/thumb/v7e-m+fp/hard/crtbegin.o
 .text          0x0000000008000180      0x316 ../Middlewares/ST/STM32_WPAN/zigbee/lib\stm32wb_zigbee_wb_lib.a(zcl_cluster.o)
                0x0000000008000180                ZbZclClusterGetEndpoint
                0x0000000008000184                ZbZclClusterSetCallbackArg
                0x0000000008000188                ZbZclClusterSetMfrCode
                0x000000000800018c                ZbZclClusterGetClusterId
                0x0000000008000190                ZbZclClusterSetProfileId
                0x00000000080001b2                ZbZclClusterGetProfileId
                0x00000000080001d2                ZbZclClusterSetMinSecurity
                0x0000000008000254                ZbZclClusterCheckMinSecurity
                0x000000000800035c                ZbZclClusterSetTxOptions
                0x0000000008000364                ZbZclClusterGetTxOptions
                0x000000000800036e                ZbZclTxOptsFromSecurityStatus
                0x000000000800039c                ZbZclClusterGetDirection
                0x00000000080003a0                ZbZclClusterGetDirectionStr
                0x00000000080003d0                ZbZclClusterSetDiscoverRoute
                0x00000000080003d4                ZbZclClusterSetRadius
                0x00000000080003d8                ZbZclClusterGetRadius
                0x00000000080003dc                ZbZclClusterSetMaxAsduLength
                0x0000000008000406                ZbZclClusterGetMaxAsduLength
                0x000000000800040a                ZbZclClusterInitCommandReq
                0x000000000800043e                ZbZclClusterInitApsdeReq
 *fill*         0x0000000008000496        0x2 
 .text          0x0000000008000498      0x962 ../Middlewares/ST/STM32_WPAN/zigbee/lib\stm32wb_zigbee_wb_lib.a(zcl_command_ind.o)
                0x0000000008000bec                zcl_cluster_data_ind
                0x0000000008000c20                zcl_cluster_alarm_data_ind
 .text          0x0000000008000dfa      0x108 ../Middlewares/ST/STM32_WPAN/zigbee/lib\stm32wb_zigbee_wb_lib.a(zcl_elec_meas_client.o)
                0x0000000008000dfa                ZbZclElecMeasClientAlloc
                0x0000000008000e28                ZbZclElecMeasClientGetProfileInfoReq
                0x0000000008000e7a                ZbZclElecMeasClientGetMeasProfileReq
 .text          0x0000000008000f02       0x2e ../Middlewares/ST/STM32_WPAN/zigbee/lib\stm32wb_zigbee_wb_lib.a(zcl_fan_client.o)
                0x0000000008000f02                ZbZclFanClientAlloc
 .text          0x0000000008000f30      0x17a ../Middlewares/ST/STM32_WPAN/zigbee/lib\stm32wb_zigbee_wb_lib.a(zcl_header.o)
                0x0000000008000f30                ZbZclParseHeader
                0x0000000008000fb6                ZbZclPrependHeader
                0x0000000008001036                ZbZclAppendHeader
 .text          0x00000000080010aa       0x2e ../Middlewares/ST/STM32_WPAN/zigbee/lib\stm32wb_zigbee_wb_lib.a(zcl_illum_meas_client.o)
                0x00000000080010aa                ZbZclIllumMeasClientAlloc
 .text          0x00000000080010d8       0xdc ../Middlewares/ST/STM32_WPAN/zigbee/lib\stm32wb_zigbee_wb_lib.a(zcl_onoff_client.o)
                0x00000000080010d8                ZbZclOnOffClientAlloc
                0x0000000008001166                ZbZclOnOffClientOnReq
                0x0000000008001180                ZbZclOnOffClientOffReq
                0x000000000800119a                ZbZclOnOffClientToggleReq
 .text          0x00000000080011b4       0x2e ../Middlewares/ST/STM32_WPAN/zigbee/lib\stm32wb_zigbee_wb_lib.a(zcl_temp_meas_client.o)
                0x00000000080011b4                ZbZclTempMeasClientAlloc
 .text          0x00000000080011e2      0x15c ../Middlewares/ST/STM32_WPAN/zigbee/lib\stm32wb_zigbee_wb_lib.a(pletoh.o)
                0x00000000080011e2                is_little_endian
                0x00000000080011fe                pletoh16
                0x000000000800120c                pletoh24
                0x0000000008001220                pletoh32
                0x000000000800123c                pletoh40
                0x000000000800124a                pletoh48
                0x0000000008001262                pletoh56
                0x000000000800127a                pletoh64
                0x0000000008001296                putle16
                0x00000000080012a2                putle24
                0x00000000080012ba                putle32
                0x00000000080012d0                putle40
                0x00000000080012e4                putle48
                0x0000000008001302                putle56
                0x0000000008001320                putle64
 *fill*         0x000000000800133e        0x2 
 .text          0x0000000008001340     0x107e ../Middlewares/ST/STM32_WPAN/zigbee/lib\stm32wb_zigbee_wb_lib.a(zcl_attr.o)
                0x0000000008001340                ZbZclAttrAddSorted
                0x000000000800139e                ZbZclAttrFind
                0x00000000080013e2                ZbZclAttrHandleDiscover
                0x00000000080014fe                ZbZclAttrDiscoverGetList
                0x00000000080015a6                ZbZclAttrRead
                0x000000000800184a                ZbZclAttrWrite
                0x00000000080019ba                ZbZclAttrPostWrite
                0x00000000080019e2                ZbZclAttrPersist
                0x0000000008001a14                ZbZclAttrDefaultWrite
                0x0000000008001be0                ZbZclAttrDefaultValue
                0x00000000080020e0                ZbZclAttrTypeLength
                0x00000000080021f6                ZbZclAttrParseLength
                0x0000000008002358                ZbZclAttrIsAnalog
 *fill*         0x00000000080023be        0x2 
 .text          0x00000000080023c0      0xa90 ../Middlewares/ST/STM32_WPAN/zigbee/lib\stm32wb_zigbee_wb_lib.a(zcl_attr_integer.o)
                0x00000000080023c0                ZbZclAppendInteger
                0x0000000008002554                ZbZclParseInteger
                0x00000000080027b0                ZbZclAttrIsInteger
                0x00000000080027dc                ZbZclAttrIntegerRangeCheck
                0x0000000008002b88                ZbZclAttrIntegerRead
                0x0000000008002c22                ZbZclAttrIntegerWrite
                0x0000000008002cc6                ZbZclAttrIntegerIncrement
                0x0000000008002d7c                ZbZclAttrEuiRead
                0x0000000008002dd4                ZbZclAttrEuiWrite
 .text          0x0000000008002e50      0x23e ../Middlewares/ST/STM32_WPAN/zigbee/lib\stm32wb_zigbee_wb_lib.a(zcl_attr_list.o)
                0x0000000008002e50                ZbZclAttrAppendList
                0x0000000008003000                ZbZclAttrCallbackExec
                0x0000000008003068                ZbZclAttrFreeList
 *fill*         0x000000000800308e        0x2 
 .text          0x0000000008003090     0x1b14 ../Middlewares/ST/STM32_WPAN/zigbee/lib\stm32wb_zigbee_wb_lib.a(zcl_attr_report.o)
                0x0000000008003368                ZbZclAttrReportKick
                0x00000000080034ac                zcl_cluster_reports_timer
                0x0000000008003976                zcl_attr_reporting_check
                0x00000000080039c2                ZbZclReportCleanup
                0x0000000008003a36                zcl_reporting_stack_event
                0x0000000008003c34                zcl_cluster_attr_report_delete
                0x0000000008003e6c                zcl_reporting_create_default_reports
                0x0000000008003f3a                ZbZclHandleConfigReport
                0x0000000008004442                ZbZclHandleReadReport
                0x000000000800468c                ZbZclHandleReportAttr
                0x0000000008004984                ZbZclAttrReportConfigReq
                0x0000000008004a5c                ZbZclAttrReportReadReq
                0x0000000008004b22                ZbZclAttrReportConfigDefault
                0x0000000008004ba0                ZbZclClusterReportCallbackAttach
 .text          0x0000000008004ba4      0x5da ../Middlewares/ST/STM32_WPAN/zigbee/lib\stm32wb_zigbee_wb_lib.a(zcl_cluster_init.o)
                0x0000000008004baa                ZbZclClusterAlloc
                0x0000000008004cca                ZbZclClusterAttach
                0x0000000008004d2e                ZbZclClusterFree
                0x0000000008005018                zcl_persist_send_cache
 .text          0x000000000800517e      0x232 ../Middlewares/ST/STM32_WPAN/zigbee/lib\stm32wb_zigbee_wb_lib.a(zcl_cluster_scene.o)
                0x000000000800517e                ZbZclHandleGetSceneData
                0x000000000800527c                ZbZclHandleSetSceneData
 .text          0x00000000080053b0      0x8e2 ../Middlewares/ST/STM32_WPAN/zigbee/lib\stm32wb_zigbee_wb_lib.a(zcl_attr_float.o)
                0x00000000080053b0                ZbZclAppendFloat
                0x000000000800562e                ZbZclParseFloat
                0x0000000008005c78                ZbZclAttrIsFloat
 .text          0x0000000008005c92       0x9a C:/ST/STM32CubeIDE_1.13.2/STM32CubeIDE/plugins/com.st.stm32cube.ide.mcu.externaltools.gnu-tools-for-stm32.11.3.rel1.win32_1.1.1.202309131626/tools/bin/../lib/gcc/arm-none-eabi/11.3.1/../../../../arm-none-eabi/lib/thumb/v7e-m+fp/hard\libc_nano.a(libc_a-aeabi_memset-soft.o)
                0x0000000008005c92                __aeabi_memset8
                0x0000000008005c92                __aeabi_memset4
                0x0000000008005c92                __aeabi_memset
 *fill*         0x0000000008005d2c        0x4 
 .text          0x0000000008005d30       0xa0 C:/ST/STM32CubeIDE_1.13.2/STM32CubeIDE/plugins/com.st.stm32cube.ide.mcu.externaltools.gnu-tools-for-stm32.11.3.rel1.win32_1.1.1.202309131626/tools/bin/../lib/gcc/arm-none-eabi/11.3.1/../../../../arm-none-eabi/lib/thumb/v7e-m+fp/hard\libc_nano.a(libc_a-memchr.o)
                0x0000000008005d30                memchr
 .text          0x0000000008005dd0       0x18 C:/ST/STM32CubeIDE_1.13.2/STM32CubeIDE/plugins/com.st.stm32cube.ide.mcu.externaltools.gnu-tools-for-stm32.11.3.rel1.win32_1.1.1.202309131626/tools/bin/../lib/gcc/arm-none-eabi/11.3.1/thumb/v7e-m+fp/hard\libgcc.a(_ashldi3.o)
                0x0000000008005dd0                __aeabi_llsl
                0x0000000008005dd0                __ashldi3
 .text          0x0000000008005de8      0x378 C:/ST/STM32CubeIDE_1.13.2/STM32CubeIDE/plugins/com.st.stm32cube.ide.mcu.externaltools.gnu-tools-for-stm32.11.3.rel1.win32_1.1.1.202309131626/tools/bin/../lib/gcc/arm-none-eabi/11.3.1/thumb/v7e-m+fp/hard\libgcc.a(_arm_addsubdf3.o)
                0x0000000008005de8                __aeabi_drsub
                0x0000000008005df0                __aeabi_dsub
                0x0000000008005df0                __subdf3
                0x0000000008005df4                __aeabi_dadd
                0x0000000008005df4                __adddf3
                0x000000000800606c                __floatunsidf
                0x000000000800606c                __aeabi_ui2d
                0x000000000800608c                __floatsidf
                0x000000000800608c                __aeabi_i2d
                0x00000000080060b0                __aeabi_f2d
                0x00000000080060b0                __extendsfdf2
                0x00000000080060f4                __floatundidf
                0x00000000080060f4                __aeabi_ul2d
                0x0000000008006104                __floatdidf
                0x0000000008006104                __aeabi_l2d
 .text          0x0000000008006160      0x424 C:/ST/STM32CubeIDE_1.13.2/STM32CubeIDE/plugins/com.st.stm32cube.ide.mcu.externaltools.gnu-tools-for-stm32.11.3.rel1.win32_1.1.1.202309131626/tools/bin/../lib/gcc/arm-none-eabi/11.3.1/thumb/v7e-m+fp/hard\libgcc.a(_arm_muldivdf3.o)
                0x0000000008006160                __aeabi_dmul
                0x0000000008006160                __muldf3
                0x00000000080063b4                __divdf3
                0x00000000080063b4                __aeabi_ddiv
 .text          0x0000000008006584      0x110 C:/ST/STM32CubeIDE_1.13.2/STM32CubeIDE/plugins/com.st.stm32cube.ide.mcu.externaltools.gnu-tools-for-stm32.11.3.rel1.win32_1.1.1.202309131626/tools/bin/../lib/gcc/arm-none-eabi/11.3.1/thumb/v7e-m+fp/hard\libgcc.a(_arm_cmpdf2.o)
                0x0000000008006584                __gtdf2
                0x0000000008006584                __gedf2
                0x000000000800658c                __ltdf2
                0x000000000800658c                __ledf2
                0x0000000008006594                __nedf2
                0x0000000008006594                __eqdf2
                0x0000000008006594                __cmpdf2
                0x0000000008006610                __aeabi_cdrcmple
                0x0000000008006620                __aeabi_cdcmpeq
                0x0000000008006620                __aeabi_cdcmple
                0x0000000008006630                __aeabi_dcmpeq
                0x0000000008006644                __aeabi_dcmplt
                0x0000000008006658                __aeabi_dcmple
                0x000000000800666c                __aeabi_dcmpge
                0x0000000008006680                __aeabi_dcmpgt
 .text          0x0000000008006694       0x50 C:/ST/STM32CubeIDE_1.13.2/STM32CubeIDE/plugins/com.st.stm32cube.ide.mcu.externaltools.gnu-tools-for-stm32.11.3.rel1.win32_1.1.1.202309131626/tools/bin/../lib/gcc/arm-none-eabi/11.3.1/thumb/v7e-m+fp/hard\libgcc.a(_arm_fixdfsi.o)
                0x0000000008006694                __aeabi_d2iz
                0x0000000008006694                __fixdfsi
 .text          0x00000000080066e4       0x40 C:/ST/STM32CubeIDE_1.13.2/STM32CubeIDE/plugins/com.st.stm32cube.ide.mcu.externaltools.gnu-tools-for-stm32.11.3.rel1.win32_1.1.1.202309131626/tools/bin/../lib/gcc/arm-none-eabi/11.3.1/thumb/v7e-m+fp/hard\libgcc.a(_arm_fixunsdfsi.o)
                0x00000000080066e4                __aeabi_d2uiz
                0x00000000080066e4                __fixunsdfsi
 .text          0x0000000008006724       0x30 C:/ST/STM32CubeIDE_1.13.2/STM32CubeIDE/plugins/com.st.stm32cube.ide.mcu.externaltools.gnu-tools-for-stm32.11.3.rel1.win32_1.1.1.202309131626/tools/bin/../lib/gcc/arm-none-eabi/11.3.1/thumb/v7e-m+fp/hard\libgcc.a(_aeabi_uldivmod.o)
                0x0000000008006724                __aeabi_uldivmod
 .text          0x0000000008006754       0x30 C:/ST/STM32CubeIDE_1.13.2/STM32CubeIDE/plugins/com.st.stm32cube.ide.mcu.externaltools.gnu-tools-for-stm32.11.3.rel1.win32_1.1.1.202309131626/tools/bin/../lib/gcc/arm-none-eabi/11.3.1/thumb/v7e-m+fp/hard\libgcc.a(_fixdfdi.o)
                0x0000000008006754                __fixdfdi
                0x0000000008006754                __aeabi_d2lz
 .text          0x0000000008006784       0x3c C:/ST/STM32CubeIDE_1.13.2/STM32CubeIDE/plugins/com.st.stm32cube.ide.mcu.externaltools.gnu-tools-for-stm32.11.3.rel1.win32_1.1.1.202309131626/tools/bin/../lib/gcc/arm-none-eabi/11.3.1/thumb/v7e-m+fp/hard\libgcc.a(_fixunsdfdi.o)
                0x0000000008006784                __fixunsdfdi
                0x0000000008006784                __aeabi_d2ulz
 .text          0x00000000080067c0      0x2c8 C:/ST/STM32CubeIDE_1.13.2/STM32CubeIDE/plugins/com.st.stm32cube.ide.mcu.externaltools.gnu-tools-for-stm32.11.3.rel1.win32_1.1.1.202309131626/tools/bin/../lib/gcc/arm-none-eabi/11.3.1/thumb/v7e-m+fp/hard\libgcc.a(_udivmoddi4.o)
                0x00000000080067c0                __udivmoddi4
 .text          0x0000000008006a88        0x4 C:/ST/STM32CubeIDE_1.13.2/STM32CubeIDE/plugins/com.st.stm32cube.ide.mcu.externaltools.gnu-tools-for-stm32.11.3.rel1.win32_1.1.1.202309131626/tools/bin/../lib/gcc/arm-none-eabi/11.3.1/thumb/v7e-m+fp/hard\libgcc.a(_dvmd_tls.o)
                0x0000000008006a88                __aeabi_idiv0
                0x0000000008006a88                __aeabi_ldiv0
 *(.text*)
 .text.APPE_SysStatusNot
                0x0000000008006a8c        0x2 ./Core/Src/app_entry.o
 *fill*         0x0000000008006a8e        0x2 
 .text.APPE_SysUserEvtRx
                0x0000000008006a90       0x50 ./Core/Src/app_entry.o
 .text.MX_APPE_Config
                0x0000000008006ae0       0xac ./Core/Src/app_entry.o
                0x0000000008006ae0                MX_APPE_Config
 .text.Init_Exti
                0x0000000008006b8c       0x14 ./Core/Src/app_entry.o
                0x0000000008006b8c                Init_Exti
 .text.MX_APPE_Init
                0x0000000008006ba0       0xc0 ./Core/Src/app_entry.o
                0x0000000008006ba0                MX_APPE_Init
 .text.MX_APPE_Process
                0x0000000008006c60        0x8 ./Core/Src/app_entry.o
                0x0000000008006c60                MX_APPE_Process
 .text.UTIL_SEQ_Idle
                0x0000000008006c68        0x2 ./Core/Src/app_entry.o
                0x0000000008006c68                UTIL_SEQ_Idle
 .text.UTIL_SEQ_EvtIdle
                0x0000000008006c6a       0x20 ./Core/Src/app_entry.o
                0x0000000008006c6a                UTIL_SEQ_EvtIdle
 .text.shci_notify_asynch_evt
                0x0000000008006c8a        0x8 ./Core/Src/app_entry.o
                0x0000000008006c8a                shci_notify_asynch_evt
 .text.shci_cmd_resp_release
                0x0000000008006c92        0x6 ./Core/Src/app_entry.o
                0x0000000008006c92                shci_cmd_resp_release
 .text.shci_cmd_resp_wait
                0x0000000008006c98        0x6 ./Core/Src/app_entry.o
                0x0000000008006c98                shci_cmd_resp_wait
 .text.TL_TRACES_EvtReceived
                0x0000000008006c9e        0x4 ./Core/Src/app_entry.o
                0x0000000008006c9e                TL_TRACES_EvtReceived
 *fill*         0x0000000008006ca2        0x2 
 .text.HW_TS_Init
                0x0000000008006ca4      0x130 ./Core/Src/hw_timerserver.o
                0x0000000008006ca4                HW_TS_Init
 .text.LL_AHB2_GRP1_EnableClock
                0x0000000008006dd4       0x18 ./Core/Src/main.o
 .text.APP_SPIread_Process
                0x0000000008006dec       0x34 ./Core/Src/main.o
                0x0000000008006dec                APP_SPIread_Process
 .text.SystemClock_Config
                0x0000000008006e20       0xb8 ./Core/Src/main.o
                0x0000000008006e20                SystemClock_Config
 .text.PeriphCommonClock_Config
                0x0000000008006ed8       0x2c ./Core/Src/main.o
                0x0000000008006ed8                PeriphCommonClock_Config
 .text.startup.main
                0x0000000008006f04      0x1f8 ./Core/Src/main.o
                0x0000000008006f04                main
 .text.HAL_SPI_TxRxCpltCallback
                0x00000000080070fc       0x30 ./Core/Src/main.o
                0x00000000080070fc                HAL_SPI_TxRxCpltCallback
 .text.HAL_SPI_ErrorCallback
                0x000000000800712c        0xc ./Core/Src/main.o
                0x000000000800712c                HAL_SPI_ErrorCallback
 .text.Error_Handler
                0x0000000008007138        0x4 ./Core/Src/main.o
                0x0000000008007138                Error_Handler
 .text.LL_AHB2_GRP1_EnableClock
                0x000000000800713c       0x18 ./Core/Src/stm32wbxx_hal_msp.o
 .text.LL_APB1_GRP1_EnableClock
                0x0000000008007154       0x18 ./Core/Src/stm32wbxx_hal_msp.o
 .text.HAL_MspInit
                0x000000000800716c       0x2e ./Core/Src/stm32wbxx_hal_msp.o
                0x000000000800716c                HAL_MspInit
 *fill*         0x000000000800719a        0x2 
 .text.HAL_I2C_MspInit
                0x000000000800719c       0x70 ./Core/Src/stm32wbxx_hal_msp.o
                0x000000000800719c                HAL_I2C_MspInit
 .text.HAL_RTC_MspInit
                0x000000000800720c       0x50 ./Core/Src/stm32wbxx_hal_msp.o
                0x000000000800720c                HAL_RTC_MspInit
 .text.HAL_SPI_MspInit
                0x000000000800725c       0x80 ./Core/Src/stm32wbxx_hal_msp.o
                0x000000000800725c                HAL_SPI_MspInit
 .text.HAL_UART_MspInit
                0x00000000080072dc       0x74 ./Core/Src/stm32wbxx_hal_msp.o
                0x00000000080072dc                HAL_UART_MspInit
 .text.HAL_PCD_MspInit
                0x0000000008007350       0x8c ./Core/Src/stm32wbxx_hal_msp.o
                0x0000000008007350                HAL_PCD_MspInit
 .text.NMI_Handler
                0x00000000080073dc        0x2 ./Core/Src/stm32wbxx_it.o
                0x00000000080073dc                NMI_Handler
 .text.HardFault_Handler
                0x00000000080073de        0x2 ./Core/Src/stm32wbxx_it.o
                0x00000000080073de                HardFault_Handler
 .text.MemManage_Handler
                0x00000000080073e0        0x2 ./Core/Src/stm32wbxx_it.o
                0x00000000080073e0                MemManage_Handler
 .text.BusFault_Handler
                0x00000000080073e2        0x2 ./Core/Src/stm32wbxx_it.o
                0x00000000080073e2                BusFault_Handler
 .text.UsageFault_Handler
                0x00000000080073e4        0x2 ./Core/Src/stm32wbxx_it.o
                0x00000000080073e4                UsageFault_Handler
 .text.SVC_Handler
                0x00000000080073e6        0x2 ./Core/Src/stm32wbxx_it.o
                0x00000000080073e6                SVC_Handler
 .text.DebugMon_Handler
                0x00000000080073e8        0x2 ./Core/Src/stm32wbxx_it.o
                0x00000000080073e8                DebugMon_Handler
 .text.PendSV_Handler
                0x00000000080073ea        0x2 ./Core/Src/stm32wbxx_it.o
                0x00000000080073ea                PendSV_Handler
 .text.SysTick_Handler
                0x00000000080073ec        0x4 ./Core/Src/stm32wbxx_it.o
                0x00000000080073ec                SysTick_Handler
 .text.HSEM_IRQHandler
                0x00000000080073f0        0x4 ./Core/Src/stm32wbxx_it.o
                0x00000000080073f0                HSEM_IRQHandler
 .text.SPI1_IRQHandler
                0x00000000080073f4        0xc ./Core/Src/stm32wbxx_it.o
                0x00000000080073f4                SPI1_IRQHandler
 .text.IPCC_C1_TX_IRQHandler
                0x0000000008007400        0x4 ./Core/Src/stm32wbxx_it.o
                0x0000000008007400                IPCC_C1_TX_IRQHandler
 .text.IPCC_C1_RX_IRQHandler
                0x0000000008007404        0x4 ./Core/Src/stm32wbxx_it.o
                0x0000000008007404                IPCC_C1_RX_IRQHandler
 .text.logApplication
                0x0000000008007408        0x6 ./Core/Src/stm_logging.o
                0x0000000008007408                logApplication
 .text._getpid  0x000000000800740e        0x4 ./Core/Src/syscalls.o
                0x000000000800740e                _getpid
 .text._kill    0x0000000008007412       0x10 ./Core/Src/syscalls.o
                0x0000000008007412                _kill
 .text._exit    0x0000000008007422        0xc ./Core/Src/syscalls.o
                0x0000000008007422                _exit
 .text._read    0x000000000800742e       0x1c ./Core/Src/syscalls.o
                0x000000000800742e                _read
 .text._write   0x000000000800744a       0x1c ./Core/Src/syscalls.o
                0x000000000800744a                _write
 .text._close   0x0000000008007466        0x6 ./Core/Src/syscalls.o
                0x0000000008007466                _close
 .text._fstat   0x000000000800746c        0xa ./Core/Src/syscalls.o
                0x000000000800746c                _fstat
 .text._isatty  0x0000000008007476        0x4 ./Core/Src/syscalls.o
                0x0000000008007476                _isatty
 .text._lseek   0x000000000800747a        0x4 ./Core/Src/syscalls.o
                0x000000000800747a                _lseek
 *fill*         0x000000000800747e        0x2 
 .text._sbrk    0x0000000008007480       0x40 ./Core/Src/sysmem.o
                0x0000000008007480                _sbrk
 .text.SystemInit
                0x00000000080074c0       0x64 ./Core/Src/system_stm32wbxx.o
                0x00000000080074c0                SystemInit
 .text.data_initializers
                0x0000000008007524       0x18 ./Core/Startup/startup_stm32wb55rgvx.o
 .text.Reset_Handler
                0x000000000800753c       0x58 ./Core/Startup/startup_stm32wb55rgvx.o
                0x000000000800753c                Reset_Handler
 .text.Default_Handler
                0x0000000008007594        0x2 ./Core/Startup/startup_stm32wb55rgvx.o
                0x0000000008007594                RTC_Alarm_IRQHandler
                0x0000000008007594                EXTI2_IRQHandler
                0x0000000008007594                TIM1_CC_IRQHandler
                0x0000000008007594                TSC_IRQHandler
                0x0000000008007594                USB_HP_IRQHandler
                0x0000000008007594                EXTI3_IRQHandler
                0x0000000008007594                LPTIM2_IRQHandler
                0x0000000008007594                I2C3_ER_IRQHandler
                0x0000000008007594                EXTI0_IRQHandler
                0x0000000008007594                FPU_IRQHandler
                0x0000000008007594                TIM1_UP_TIM16_IRQHandler
                0x0000000008007594                AES1_IRQHandler
                0x0000000008007594                PWR_SOTF_BLEACT_802ACT_RFPHASE_IRQHandler
                0x0000000008007594                DMA2_Channel2_IRQHandler
                0x0000000008007594                DMA1_Channel4_IRQHandler
                0x0000000008007594                ADC1_IRQHandler
                0x0000000008007594                PKA_IRQHandler
                0x0000000008007594                DMA1_Channel7_IRQHandler
                0x0000000008007594                LCD_IRQHandler
                0x0000000008007594                DMA2_Channel1_IRQHandler
                0x0000000008007594                QUADSPI_IRQHandler
                0x0000000008007594                I2C1_EV_IRQHandler
                0x0000000008007594                DMAMUX1_OVR_IRQHandler
                0x0000000008007594                DMA1_Channel6_IRQHandler
                0x0000000008007594                DMA2_Channel4_IRQHandler
                0x0000000008007594                RCC_IRQHandler
                0x0000000008007594                DMA1_Channel1_IRQHandler
                0x0000000008007594                Default_Handler
                0x0000000008007594                DMA2_Channel7_IRQHandler
                0x0000000008007594                EXTI15_10_IRQHandler
                0x0000000008007594                C2SEV_PWR_C2H_IRQHandler
                0x0000000008007594                AES2_IRQHandler
                0x0000000008007594                I2C3_EV_IRQHandler
                0x0000000008007594                EXTI9_5_IRQHandler
                0x0000000008007594                RTC_WKUP_IRQHandler
                0x0000000008007594                PVD_PVM_IRQHandler
                0x0000000008007594                SPI2_IRQHandler
                0x0000000008007594                DMA2_Channel5_IRQHandler
                0x0000000008007594                CRS_IRQHandler
                0x0000000008007594                DMA1_Channel5_IRQHandler
                0x0000000008007594                USB_LP_IRQHandler
                0x0000000008007594                EXTI4_IRQHandler
                0x0000000008007594                RNG_IRQHandler
                0x0000000008007594                TIM1_TRG_COM_TIM17_IRQHandler
                0x0000000008007594                TAMP_STAMP_LSECSS_IRQHandler
                0x0000000008007594                DMA1_Channel3_IRQHandler
                0x0000000008007594                COMP_IRQHandler
                0x0000000008007594                WWDG_IRQHandler
                0x0000000008007594                LPUART1_IRQHandler
                0x0000000008007594                DMA2_Channel6_IRQHandler
                0x0000000008007594                TIM2_IRQHandler
                0x0000000008007594                TIM1_BRK_IRQHandler
                0x0000000008007594                EXTI1_IRQHandler
                0x0000000008007594                DMA1_Channel2_IRQHandler
                0x0000000008007594                FLASH_IRQHandler
                0x0000000008007594                USART1_IRQHandler
                0x0000000008007594                I2C1_ER_IRQHandler
                0x0000000008007594                LPTIM1_IRQHandler
                0x0000000008007594                SAI1_IRQHandler
                0x0000000008007594                DMA2_Channel3_IRQHandler
 *fill*         0x0000000008007596        0x2 
 .text.HAL_InitTick
                0x0000000008007598       0x4c ./Drivers/STM32WBxx_HAL_Driver/Src/stm32wbxx_hal.o
                0x0000000008007598                HAL_InitTick
 .text.HAL_Init
                0x00000000080075e4       0x2c ./Drivers/STM32WBxx_HAL_Driver/Src/stm32wbxx_hal.o
                0x00000000080075e4                HAL_Init
 .text.HAL_IncTick
                0x0000000008007610       0x18 ./Drivers/STM32WBxx_HAL_Driver/Src/stm32wbxx_hal.o
                0x0000000008007610                HAL_IncTick
 .text.HAL_GetTick
                0x0000000008007628        0xc ./Drivers/STM32WBxx_HAL_Driver/Src/stm32wbxx_hal.o
                0x0000000008007628                HAL_GetTick
 .text.HAL_GetTickPrio
                0x0000000008007634        0xc ./Drivers/STM32WBxx_HAL_Driver/Src/stm32wbxx_hal.o
                0x0000000008007634                HAL_GetTickPrio
 .text.HAL_NVIC_SetPriorityGrouping
                0x0000000008007640       0x24 ./Drivers/STM32WBxx_HAL_Driver/Src/stm32wbxx_hal_cortex.o
                0x0000000008007640                HAL_NVIC_SetPriorityGrouping
 .text.HAL_NVIC_SetPriority
                0x0000000008007664       0x64 ./Drivers/STM32WBxx_HAL_Driver/Src/stm32wbxx_hal_cortex.o
                0x0000000008007664                HAL_NVIC_SetPriority
 .text.HAL_NVIC_EnableIRQ
                0x00000000080076c8       0x1c ./Drivers/STM32WBxx_HAL_Driver/Src/stm32wbxx_hal_cortex.o
                0x00000000080076c8                HAL_NVIC_EnableIRQ
 .text.HAL_SYSTICK_Config
                0x00000000080076e4       0x28 ./Drivers/STM32WBxx_HAL_Driver/Src/stm32wbxx_hal_cortex.o
                0x00000000080076e4                HAL_SYSTICK_Config
 .text.HAL_NVIC_SetPendingIRQ
                0x000000000800770c       0x1c ./Drivers/STM32WBxx_HAL_Driver/Src/stm32wbxx_hal_cortex.o
                0x000000000800770c                HAL_NVIC_SetPendingIRQ
 .text.HAL_NVIC_ClearPendingIRQ
                0x0000000008007728       0x1c ./Drivers/STM32WBxx_HAL_Driver/Src/stm32wbxx_hal_cortex.o
                0x0000000008007728                HAL_NVIC_ClearPendingIRQ
 .text.HAL_DMA_Abort_IT
                0x0000000008007744       0x6e ./Drivers/STM32WBxx_HAL_Driver/Src/stm32wbxx_hal_dma.o
                0x0000000008007744                HAL_DMA_Abort_IT
 *fill*         0x00000000080077b2        0x2 
 .text.HAL_GPIO_Init
                0x00000000080077b4      0x16c ./Drivers/STM32WBxx_HAL_Driver/Src/stm32wbxx_hal_gpio.o
                0x00000000080077b4                HAL_GPIO_Init
 .text.HAL_GPIO_WritePin
                0x0000000008007920        0xa ./Drivers/STM32WBxx_HAL_Driver/Src/stm32wbxx_hal_gpio.o
                0x0000000008007920                HAL_GPIO_WritePin
 .text.HAL_HSEM_FreeCallback
                0x000000000800792a        0x2 ./Drivers/STM32WBxx_HAL_Driver/Src/stm32wbxx_hal_hsem.o
                0x000000000800792a                HAL_HSEM_FreeCallback
 .text.HAL_HSEM_IRQHandler
                0x000000000800792c       0x1c ./Drivers/STM32WBxx_HAL_Driver/Src/stm32wbxx_hal_hsem.o
                0x000000000800792c                HAL_HSEM_IRQHandler
 .text.HAL_I2C_Init
                0x0000000008007948       0xaa ./Drivers/STM32WBxx_HAL_Driver/Src/stm32wbxx_hal_i2c.o
                0x0000000008007948                HAL_I2C_Init
 .text.HAL_I2CEx_ConfigAnalogFilter
                0x00000000080079f2       0x4c ./Drivers/STM32WBxx_HAL_Driver/Src/stm32wbxx_hal_i2c_ex.o
                0x00000000080079f2                HAL_I2CEx_ConfigAnalogFilter
 .text.HAL_I2CEx_ConfigDigitalFilter
                0x0000000008007a3e       0x4a ./Drivers/STM32WBxx_HAL_Driver/Src/stm32wbxx_hal_i2c_ex.o
                0x0000000008007a3e                HAL_I2CEx_ConfigDigitalFilter
 .text.HAL_PCD_Init
                0x0000000008007a88       0xb8 ./Drivers/STM32WBxx_HAL_Driver/Src/stm32wbxx_hal_pcd.o
                0x0000000008007a88                HAL_PCD_Init
 .text.HAL_PCDEx_ActivateLPM
                0x0000000008007b40       0x2e ./Drivers/STM32WBxx_HAL_Driver/Src/stm32wbxx_hal_pcd_ex.o
                0x0000000008007b40                HAL_PCDEx_ActivateLPM
 *fill*         0x0000000008007b6e        0x2 
 .text.HAL_PWR_EnableBkUpAccess
                0x0000000008007b70       0x10 ./Drivers/STM32WBxx_HAL_Driver/Src/stm32wbxx_hal_pwr.o
                0x0000000008007b70                HAL_PWR_EnableBkUpAccess
 .text.HAL_PWREx_GetVoltageRange
                0x0000000008007b80       0x10 ./Drivers/STM32WBxx_HAL_Driver/Src/stm32wbxx_hal_pwr_ex.o
                0x0000000008007b80                HAL_PWREx_GetVoltageRange
 .text.LL_RCC_LSI1_IsReady
                0x0000000008007b90        0xe ./Drivers/STM32WBxx_HAL_Driver/Src/stm32wbxx_hal_rcc.o
 .text.LL_RCC_MSI_IsReady
                0x0000000008007b9e        0xc ./Drivers/STM32WBxx_HAL_Driver/Src/stm32wbxx_hal_rcc.o
 .text.LL_RCC_MSI_SetRange
                0x0000000008007baa       0x10 ./Drivers/STM32WBxx_HAL_Driver/Src/stm32wbxx_hal_rcc.o
 .text.LL_RCC_MSI_SetCalibTrimming
                0x0000000008007bba       0x12 ./Drivers/STM32WBxx_HAL_Driver/Src/stm32wbxx_hal_rcc.o
 .text.RCC_SetFlashLatencyFromMSIRange
                0x0000000008007bcc       0xe8 ./Drivers/STM32WBxx_HAL_Driver/Src/stm32wbxx_hal_rcc.o
 .text.HAL_RCC_GetSysClockFreq
                0x0000000008007cb4       0xa4 ./Drivers/STM32WBxx_HAL_Driver/Src/stm32wbxx_hal_rcc.o
                0x0000000008007cb4                HAL_RCC_GetSysClockFreq
 .text.HAL_RCC_GetHCLKFreq
                0x0000000008007d58       0x20 ./Drivers/STM32WBxx_HAL_Driver/Src/stm32wbxx_hal_rcc.o
                0x0000000008007d58                HAL_RCC_GetHCLKFreq
 .text.HAL_RCC_OscConfig
                0x0000000008007d78      0x594 ./Drivers/STM32WBxx_HAL_Driver/Src/stm32wbxx_hal_rcc.o
                0x0000000008007d78                HAL_RCC_OscConfig
 .text.HAL_RCC_ClockConfig
                0x000000000800830c      0x1fc ./Drivers/STM32WBxx_HAL_Driver/Src/stm32wbxx_hal_rcc.o
                0x000000000800830c                HAL_RCC_ClockConfig
 .text.HAL_RCC_GetPCLK1Freq
                0x0000000008008508       0x24 ./Drivers/STM32WBxx_HAL_Driver/Src/stm32wbxx_hal_rcc.o
                0x0000000008008508                HAL_RCC_GetPCLK1Freq
 .text.HAL_RCC_GetPCLK2Freq
                0x000000000800852c       0x24 ./Drivers/STM32WBxx_HAL_Driver/Src/stm32wbxx_hal_rcc.o
                0x000000000800852c                HAL_RCC_GetPCLK2Freq
 .text.LL_RCC_LSE_IsReady
                0x0000000008008550        0xe ./Drivers/STM32WBxx_HAL_Driver/Src/stm32wbxx_hal_rcc_ex.o
 .text.LL_RCC_SetI2CClockSource
                0x000000000800855e       0x20 ./Drivers/STM32WBxx_HAL_Driver/Src/stm32wbxx_hal_rcc_ex.o
 .text.LL_RCC_PLLSAI1_Enable
                0x000000000800857e        0xe ./Drivers/STM32WBxx_HAL_Driver/Src/stm32wbxx_hal_rcc_ex.o
 .text.LL_RCC_PLLSAI1_Disable
                0x000000000800858c        0xe ./Drivers/STM32WBxx_HAL_Driver/Src/stm32wbxx_hal_rcc_ex.o
 .text.LL_RCC_PLLSAI1_IsReady
                0x000000000800859a        0xc ./Drivers/STM32WBxx_HAL_Driver/Src/stm32wbxx_hal_rcc_ex.o
 .text.HAL_RCCEx_PeriphCLKConfig
                0x00000000080085a6      0x386 ./Drivers/STM32WBxx_HAL_Driver/Src/stm32wbxx_hal_rcc_ex.o
                0x00000000080085a6                HAL_RCCEx_PeriphCLKConfig
 .text.HAL_RCCEx_EnableMSIPLLMode
                0x000000000800892c        0xe ./Drivers/STM32WBxx_HAL_Driver/Src/stm32wbxx_hal_rcc_ex.o
                0x000000000800892c                HAL_RCCEx_EnableMSIPLLMode
 .text.HAL_RTC_WaitForSynchro
                0x000000000800893a       0x30 ./Drivers/STM32WBxx_HAL_Driver/Src/stm32wbxx_hal_rtc.o
                0x000000000800893a                HAL_RTC_WaitForSynchro
 .text.RTC_EnterInitMode
                0x000000000800896a       0x34 ./Drivers/STM32WBxx_HAL_Driver/Src/stm32wbxx_hal_rtc.o
                0x000000000800896a                RTC_EnterInitMode
 *fill*         0x000000000800899e        0x2 
 .text.HAL_RTC_Init
                0x00000000080089a0       0xc4 ./Drivers/STM32WBxx_HAL_Driver/Src/stm32wbxx_hal_rtc.o
                0x00000000080089a0                HAL_RTC_Init
 .text.SPI_WaitFifoStateUntilTimeout.constprop.0
                0x0000000008008a64       0xc8 ./Drivers/STM32WBxx_HAL_Driver/Src/stm32wbxx_hal_spi.o
 .text.SPI_WaitFlagStateUntilTimeout.constprop.0
                0x0000000008008b2c       0xa4 ./Drivers/STM32WBxx_HAL_Driver/Src/stm32wbxx_hal_spi.o
 .text.SPI_EndRxTxTransaction
                0x0000000008008bd0       0x4a ./Drivers/STM32WBxx_HAL_Driver/Src/stm32wbxx_hal_spi.o
 .text.HAL_SPI_Init
                0x0000000008008c1a       0xd4 ./Drivers/STM32WBxx_HAL_Driver/Src/stm32wbxx_hal_spi.o
                0x0000000008008c1a                HAL_SPI_Init
 *fill*         0x0000000008008cee        0x2 
 .text.HAL_SPI_TransmitReceive_IT
                0x0000000008008cf0       0xc0 ./Drivers/STM32WBxx_HAL_Driver/Src/stm32wbxx_hal_spi.o
                0x0000000008008cf0                HAL_SPI_TransmitReceive_IT
 .text.HAL_SPI_RxCpltCallback
                0x0000000008008db0        0x2 ./Drivers/STM32WBxx_HAL_Driver/Src/stm32wbxx_hal_spi.o
                0x0000000008008db0                HAL_SPI_RxCpltCallback
 .text.SPI_CloseRxTx_ISR
                0x0000000008008db2       0x56 ./Drivers/STM32WBxx_HAL_Driver/Src/stm32wbxx_hal_spi.o
 .text.SPI_2linesTxISR_8BIT
                0x0000000008008e08       0x4a ./Drivers/STM32WBxx_HAL_Driver/Src/stm32wbxx_hal_spi.o
 .text.SPI_2linesRxISR_8BIT
                0x0000000008008e52       0x6a ./Drivers/STM32WBxx_HAL_Driver/Src/stm32wbxx_hal_spi.o
 .text.SPI_2linesTxISR_16BIT
                0x0000000008008ebc       0x3a ./Drivers/STM32WBxx_HAL_Driver/Src/stm32wbxx_hal_spi.o
 .text.SPI_2linesRxISR_16BIT
                0x0000000008008ef6       0x3e ./Drivers/STM32WBxx_HAL_Driver/Src/stm32wbxx_hal_spi.o
 .text.HAL_SPI_IRQHandler
                0x0000000008008f34       0xfc ./Drivers/STM32WBxx_HAL_Driver/Src/stm32wbxx_hal_spi.o
                0x0000000008008f34                HAL_SPI_IRQHandler
 .text.SPI_DMAAbortOnError
                0x0000000008009030       0x12 ./Drivers/STM32WBxx_HAL_Driver/Src/stm32wbxx_hal_spi.o
 *fill*         0x0000000008009042        0x2 
 .text.UART_EndRxTransfer
                0x0000000008009044       0x58 ./Drivers/STM32WBxx_HAL_Driver/Src/stm32wbxx_hal_uart.o
 .text.UART_SetConfig
                0x000000000800909c      0x1f4 ./Drivers/STM32WBxx_HAL_Driver/Src/stm32wbxx_hal_uart.o
                0x000000000800909c                UART_SetConfig
 .text.UART_AdvFeatureConfig
                0x0000000008009290       0xa8 ./Drivers/STM32WBxx_HAL_Driver/Src/stm32wbxx_hal_uart.o
                0x0000000008009290                UART_AdvFeatureConfig
 .text.UART_WaitOnFlagUntilTimeout
                0x0000000008009338       0x88 ./Drivers/STM32WBxx_HAL_Driver/Src/stm32wbxx_hal_uart.o
                0x0000000008009338                UART_WaitOnFlagUntilTimeout
 .text.UART_CheckIdleState
                0x00000000080093c0       0xb8 ./Drivers/STM32WBxx_HAL_Driver/Src/stm32wbxx_hal_uart.o
                0x00000000080093c0                UART_CheckIdleState
 .text.HAL_UART_Init
                0x0000000008009478       0x60 ./Drivers/STM32WBxx_HAL_Driver/Src/stm32wbxx_hal_uart.o
                0x0000000008009478                HAL_UART_Init
 .text.UARTEx_SetNbDataToProcess
                0x00000000080094d8       0x44 ./Drivers/STM32WBxx_HAL_Driver/Src/stm32wbxx_hal_uart_ex.o
 .text.HAL_UARTEx_DisableFifoMode
                0x000000000800951c       0x36 ./Drivers/STM32WBxx_HAL_Driver/Src/stm32wbxx_hal_uart_ex.o
                0x000000000800951c                HAL_UARTEx_DisableFifoMode
 .text.HAL_UARTEx_SetTxFifoThreshold
                0x0000000008009552       0x40 ./Drivers/STM32WBxx_HAL_Driver/Src/stm32wbxx_hal_uart_ex.o
                0x0000000008009552                HAL_UARTEx_SetTxFifoThreshold
 .text.HAL_UARTEx_SetRxFifoThreshold
                0x0000000008009592       0x40 ./Drivers/STM32WBxx_HAL_Driver/Src/stm32wbxx_hal_uart_ex.o
                0x0000000008009592                HAL_UARTEx_SetRxFifoThreshold
 .text.USB_DisableGlobalInt
                0x00000000080095d2       0x14 ./Drivers/STM32WBxx_HAL_Driver/Src/stm32wbxx_ll_usb.o
                0x00000000080095d2                USB_DisableGlobalInt
 .text.USB_DevInit
                0x00000000080095e6       0x28 ./Drivers/STM32WBxx_HAL_Driver/Src/stm32wbxx_ll_usb.o
                0x00000000080095e6                USB_DevInit
 .text.SHCI_C2_ZIGBEE_Init
                0x000000000800960e       0x1a ./Middlewares/ST/STM32_WPAN/interface/patterns/ble_thread/shci/shci.o
                0x000000000800960e                SHCI_C2_ZIGBEE_Init
 .text.SHCI_GetWirelessFwInfo
                0x0000000008009628       0x80 ./Middlewares/ST/STM32_WPAN/interface/patterns/ble_thread/shci/shci.o
                0x0000000008009628                SHCI_GetWirelessFwInfo
 .text.TlUserEvtReceived
                0x00000000080096a8       0x18 ./Middlewares/ST/STM32_WPAN/interface/patterns/ble_thread/tl/shci_tl.o
 .text.Cmd_SetStatus.constprop.0
                0x00000000080096c0       0x18 ./Middlewares/ST/STM32_WPAN/interface/patterns/ble_thread/tl/shci_tl.o
 .text.shci_init
                0x00000000080096d8       0x54 ./Middlewares/ST/STM32_WPAN/interface/patterns/ble_thread/tl/shci_tl.o
                0x00000000080096d8                shci_init
 .text.shci_user_evt_proc
                0x000000000800972c       0x68 ./Middlewares/ST/STM32_WPAN/interface/patterns/ble_thread/tl/shci_tl.o
                0x000000000800972c                shci_user_evt_proc
 .text.shci_send
                0x0000000008009794       0x74 ./Middlewares/ST/STM32_WPAN/interface/patterns/ble_thread/tl/shci_tl.o
                0x0000000008009794                shci_send
 .text.TlCmdEvtReceived
                0x0000000008009808        0xa ./Middlewares/ST/STM32_WPAN/interface/patterns/ble_thread/tl/shci_tl.o
 *fill*         0x0000000008009812        0x2 
 .text.shci_register_io_bus
                0x0000000008009814       0x14 ./Middlewares/ST/STM32_WPAN/interface/patterns/ble_thread/tl/shci_tl_if.o
                0x0000000008009814                shci_register_io_bus
 .text.SendFreeBuf
                0x0000000008009828       0x30 ./Middlewares/ST/STM32_WPAN/interface/patterns/ble_thread/tl/tl_mbox.o
 .text.TL_Enable
                0x0000000008009858        0x4 ./Middlewares/ST/STM32_WPAN/interface/patterns/ble_thread/tl/tl_mbox.o
                0x0000000008009858                TL_Enable
 .text.TL_Init  0x000000000800985c       0x48 ./Middlewares/ST/STM32_WPAN/interface/patterns/ble_thread/tl/tl_mbox.o
                0x000000000800985c                TL_Init
 .text.HW_IPCC_BLE_RxEvtNot
                0x00000000080098a4       0x2c ./Middlewares/ST/STM32_WPAN/interface/patterns/ble_thread/tl/tl_mbox.o
                0x00000000080098a4                HW_IPCC_BLE_RxEvtNot
 .text.HW_IPCC_BLE_AclDataAckNot
                0x00000000080098d0        0xc ./Middlewares/ST/STM32_WPAN/interface/patterns/ble_thread/tl/tl_mbox.o
                0x00000000080098d0                HW_IPCC_BLE_AclDataAckNot
 .text.TL_SYS_Init
                0x00000000080098dc       0x3c ./Middlewares/ST/STM32_WPAN/interface/patterns/ble_thread/tl/tl_mbox.o
                0x00000000080098dc                TL_SYS_Init
 .text.TL_SYS_SendCmd
                0x0000000008009918       0x1c ./Middlewares/ST/STM32_WPAN/interface/patterns/ble_thread/tl/tl_mbox.o
                0x0000000008009918                TL_SYS_SendCmd
 .text.HW_IPCC_SYS_CmdEvtNot
                0x0000000008009934       0x18 ./Middlewares/ST/STM32_WPAN/interface/patterns/ble_thread/tl/tl_mbox.o
                0x0000000008009934                HW_IPCC_SYS_CmdEvtNot
 .text.HW_IPCC_SYS_EvtNot
                0x000000000800994c       0x2c ./Middlewares/ST/STM32_WPAN/interface/patterns/ble_thread/tl/tl_mbox.o
                0x000000000800994c                HW_IPCC_SYS_EvtNot
 .text.TL_ZIGBEE_Init
                0x0000000008009978       0x18 ./Middlewares/ST/STM32_WPAN/interface/patterns/ble_thread/tl/tl_mbox.o
                0x0000000008009978                TL_ZIGBEE_Init
 .text.TL_ZIGBEE_SendM4RequestToM0
                0x0000000008009990       0x14 ./Middlewares/ST/STM32_WPAN/interface/patterns/ble_thread/tl/tl_mbox.o
                0x0000000008009990                TL_ZIGBEE_SendM4RequestToM0
 .text.TL_ZIGBEE_SendM4AckToM0Notify
                0x00000000080099a4       0x14 ./Middlewares/ST/STM32_WPAN/interface/patterns/ble_thread/tl/tl_mbox.o
                0x00000000080099a4                TL_ZIGBEE_SendM4AckToM0Notify
 .text.HW_IPCC_ZIGBEE_RecvM0RequestToM4
                0x00000000080099b8       0x10 ./Middlewares/ST/STM32_WPAN/interface/patterns/ble_thread/tl/tl_mbox.o
                0x00000000080099b8                HW_IPCC_ZIGBEE_RecvM0RequestToM4
 .text.TL_ZIGBEE_SendM4AckToM0Request
                0x00000000080099c8       0x14 ./Middlewares/ST/STM32_WPAN/interface/patterns/ble_thread/tl/tl_mbox.o
                0x00000000080099c8                TL_ZIGBEE_SendM4AckToM0Request
 .text.HW_IPCC_ZIGBEE_RecvAppliAckFromM0
                0x00000000080099dc       0x14 ./Middlewares/ST/STM32_WPAN/interface/patterns/ble_thread/tl/tl_mbox.o
                0x00000000080099dc                HW_IPCC_ZIGBEE_RecvAppliAckFromM0
 .text.HW_IPCC_ZIGBEE_RecvM0NotifyToM4
                0x00000000080099f0       0x14 ./Middlewares/ST/STM32_WPAN/interface/patterns/ble_thread/tl/tl_mbox.o
                0x00000000080099f0                HW_IPCC_ZIGBEE_RecvM0NotifyToM4
 .text.TL_MM_Init
                0x0000000008009a04       0x40 ./Middlewares/ST/STM32_WPAN/interface/patterns/ble_thread/tl/tl_mbox.o
                0x0000000008009a04                TL_MM_Init
 .text.TL_MM_EvtDone
                0x0000000008009a44       0x1c ./Middlewares/ST/STM32_WPAN/interface/patterns/ble_thread/tl/tl_mbox.o
                0x0000000008009a44                TL_MM_EvtDone
 .text.TL_TRACES_Init
                0x0000000008009a60       0x20 ./Middlewares/ST/STM32_WPAN/interface/patterns/ble_thread/tl/tl_mbox.o
                0x0000000008009a60                TL_TRACES_Init
 .text.HW_IPCC_TRACES_EvtNot
                0x0000000008009a80       0x24 ./Middlewares/ST/STM32_WPAN/interface/patterns/ble_thread/tl/tl_mbox.o
                0x0000000008009a80                HW_IPCC_TRACES_EvtNot
 .text.Post_ZigbeeCmdProcessing
                0x0000000008009aa4        0x2 ./Middlewares/ST/STM32_WPAN/interface/patterns/ble_thread/tl/tl_zigbee_hci.o
                0x0000000008009aa4                Post_ZigbeeCmdProcessing
 *fill*         0x0000000008009aa6        0x2 
 .text.OTP_Read
                0x0000000008009aa8       0x20 ./Middlewares/ST/STM32_WPAN/utilities/otp.o
                0x0000000008009aa8                OTP_Read
 .text.LST_init_head
                0x0000000008009ac8        0x6 ./Middlewares/ST/STM32_WPAN/utilities/stm_list.o
                0x0000000008009ac8                LST_init_head
 .text.LST_is_empty
                0x0000000008009ace       0x14 ./Middlewares/ST/STM32_WPAN/utilities/stm_list.o
                0x0000000008009ace                LST_is_empty
 .text.LST_insert_head
                0x0000000008009ae2       0x18 ./Middlewares/ST/STM32_WPAN/utilities/stm_list.o
                0x0000000008009ae2                LST_insert_head
 .text.LST_insert_tail
                0x0000000008009afa       0x18 ./Middlewares/ST/STM32_WPAN/utilities/stm_list.o
                0x0000000008009afa                LST_insert_tail
 .text.LST_remove_node
                0x0000000008009b12       0x16 ./Middlewares/ST/STM32_WPAN/utilities/stm_list.o
                0x0000000008009b12                LST_remove_node
 .text.LST_remove_head
                0x0000000008009b28       0x18 ./Middlewares/ST/STM32_WPAN/utilities/stm_list.o
                0x0000000008009b28                LST_remove_head
 .text.zb_ipc_m4_memcpy2
                0x0000000008009b40       0x10 ./Middlewares/ST/STM32_WPAN/zigbee/core/src/zigbee_core_wb.o
 .text.zb_ipc_m4_cb_info_alloc
                0x0000000008009b50       0x18 ./Middlewares/ST/STM32_WPAN/zigbee/core/src/zigbee_core_wb.o
 .text.zb_ipc_m4_get_retval
                0x0000000008009b68       0x3c ./Middlewares/ST/STM32_WPAN/zigbee/core/src/zigbee_core_wb.o
 .text.ZbInit   0x0000000008009ba4       0x68 ./Middlewares/ST/STM32_WPAN/zigbee/core/src/zigbee_core_wb.o
                0x0000000008009ba4                ZbInit
 .text.ZbSetLogging
                0x0000000008009c0c       0x4c ./Middlewares/ST/STM32_WPAN/zigbee/core/src/zigbee_core_wb.o
                0x0000000008009c0c                ZbSetLogging
 .text.ZbExtendedAddress
                0x0000000008009c58       0x68 ./Middlewares/ST/STM32_WPAN/zigbee/core/src/zigbee_core_wb.o
                0x0000000008009c58                ZbExtendedAddress
 .text.ZbStartupConfigGetProDefaults
                0x0000000008009cc0       0x30 ./Middlewares/ST/STM32_WPAN/zigbee/core/src/zigbee_core_wb.o
                0x0000000008009cc0                ZbStartupConfigGetProDefaults
 .text.ZbStartup
                0x0000000008009cf0       0x54 ./Middlewares/ST/STM32_WPAN/zigbee/core/src/zigbee_core_wb.o
                0x0000000008009cf0                ZbStartup
 .text.ZbBdbGetIndex
                0x0000000008009d44       0x4a ./Middlewares/ST/STM32_WPAN/zigbee/core/src/zigbee_core_wb.o
                0x0000000008009d44                ZbBdbGetIndex
 *fill*         0x0000000008009d8e        0x2 
 .text.ZbApsdeDataReqCallback
                0x0000000008009d90       0xa0 ./Middlewares/ST/STM32_WPAN/zigbee/core/src/zigbee_core_wb.o
                0x0000000008009d90                ZbApsdeDataReqCallback
 .text.ZbApsEndpointProfile
                0x0000000008009e30       0x38 ./Middlewares/ST/STM32_WPAN/zigbee/core/src/zigbee_core_wb.o
                0x0000000008009e30                ZbApsEndpointProfile
 .text.ZbApsAddrIsBcast
                0x0000000008009e68       0x28 ./Middlewares/ST/STM32_WPAN/zigbee/core/src/zigbee_core_wb.o
                0x0000000008009e68                ZbApsAddrIsBcast
 .text.ZbApsGetIndex
                0x0000000008009e90       0x46 ./Middlewares/ST/STM32_WPAN/zigbee/core/src/zigbee_core_wb.o
                0x0000000008009e90                ZbApsGetIndex
 .text.ZbApsmeBindReq
                0x0000000008009ed6       0x34 ./Middlewares/ST/STM32_WPAN/zigbee/core/src/zigbee_core_wb.o
                0x0000000008009ed6                ZbApsmeBindReq
 .text.ZbApsBindSrcExists
                0x0000000008009f0a       0x58 ./Middlewares/ST/STM32_WPAN/zigbee/core/src/zigbee_core_wb.o
                0x0000000008009f0a                ZbApsBindSrcExists
 *fill*         0x0000000008009f62        0x2 
 .text.ZbMsgFilterRegister
                0x0000000008009f64       0x6c ./Middlewares/ST/STM32_WPAN/zigbee/core/src/zigbee_core_wb.o
                0x0000000008009f64                ZbMsgFilterRegister
 .text.ZbMsgFilterRemove
                0x0000000008009fd0       0x58 ./Middlewares/ST/STM32_WPAN/zigbee/core/src/zigbee_core_wb.o
                0x0000000008009fd0                ZbMsgFilterRemove
 .text.ZbTimerAlloc
                0x000000000800a028       0x52 ./Middlewares/ST/STM32_WPAN/zigbee/core/src/zigbee_core_wb.o
                0x000000000800a028                ZbTimerAlloc
 .text.ZbTimerFree
                0x000000000800a07a       0x38 ./Middlewares/ST/STM32_WPAN/zigbee/core/src/zigbee_core_wb.o
                0x000000000800a07a                ZbTimerFree
 .text.ZbTimerReset
                0x000000000800a0b2       0x36 ./Middlewares/ST/STM32_WPAN/zigbee/core/src/zigbee_core_wb.o
                0x000000000800a0b2                ZbTimerReset
 .text.ZbTimeoutRemaining
                0x000000000800a0e8       0x28 ./Middlewares/ST/STM32_WPAN/zigbee/core/src/zigbee_core_wb.o
                0x000000000800a0e8                ZbTimeoutRemaining
 .text.ZbNwkGetIndex
                0x000000000800a110       0x4c ./Middlewares/ST/STM32_WPAN/zigbee/core/src/zigbee_core_wb.o
                0x000000000800a110                ZbNwkGetIndex
 .text.ZbNwkGet
                0x000000000800a15c        0xe ./Middlewares/ST/STM32_WPAN/zigbee/core/src/zigbee_core_wb.o
                0x000000000800a15c                ZbNwkGet
 .text.ZbShortAddress
                0x000000000800a16a       0x1e ./Middlewares/ST/STM32_WPAN/zigbee/core/src/zigbee_core_wb.o
                0x000000000800a16a                ZbShortAddress
 .text.ZbApsAddrIsLocal
                0x000000000800a188       0x3a ./Middlewares/ST/STM32_WPAN/zigbee/core/src/zigbee_core_wb.o
                0x000000000800a188                ZbApsAddrIsLocal
 .text.ZbZclUptime
                0x000000000800a1c2       0x1a ./Middlewares/ST/STM32_WPAN/zigbee/core/src/zigbee_core_wb.o
                0x000000000800a1c2                ZbZclUptime
 .text.ZbZclDeviceLogCheckAllow
                0x000000000800a1dc       0x40 ./Middlewares/ST/STM32_WPAN/zigbee/core/src/zigbee_core_wb.o
                0x000000000800a1dc                ZbZclDeviceLogCheckAllow
 .text.ZbZclAddEndpoint
                0x000000000800a21c       0x34 ./Middlewares/ST/STM32_WPAN/zigbee/core/src/zigbee_core_wb.o
                0x000000000800a21c                ZbZclAddEndpoint
 .text.ZbZclGetNextSeqnum
                0x000000000800a250       0x32 ./Middlewares/ST/STM32_WPAN/zigbee/core/src/zigbee_core_wb.o
                0x000000000800a250                ZbZclGetNextSeqnum
 .text.ZbZclCommandReq
                0x000000000800a282       0x5c ./Middlewares/ST/STM32_WPAN/zigbee/core/src/zigbee_core_wb.o
                0x000000000800a282                ZbZclCommandReq
 .text.ZbZclSendDefaultResponse
                0x000000000800a2de       0x40 ./Middlewares/ST/STM32_WPAN/zigbee/core/src/zigbee_core_wb.o
                0x000000000800a2de                ZbZclSendDefaultResponse
 .text.ZbZclClusterCommandReq
                0x000000000800a31e       0x6e ./Middlewares/ST/STM32_WPAN/zigbee/core/src/zigbee_core_wb.o
                0x000000000800a31e                ZbZclClusterCommandReq
 .text.ZbZclClusterEndpointRegister
                0x000000000800a38c       0x3c ./Middlewares/ST/STM32_WPAN/zigbee/core/src/zigbee_core_wb.o
                0x000000000800a38c                ZbZclClusterEndpointRegister
 .text.ZbZclClusterEndpointRemove
                0x000000000800a3c8       0x3c ./Middlewares/ST/STM32_WPAN/zigbee/core/src/zigbee_core_wb.o
                0x000000000800a3c8                ZbZclClusterEndpointRemove
 .text.ZbZclClusterBind
                0x000000000800a404       0x46 ./Middlewares/ST/STM32_WPAN/zigbee/core/src/zigbee_core_wb.o
                0x000000000800a404                ZbZclClusterBind
 .text.ZbZclClusterUnbind
                0x000000000800a44a       0x32 ./Middlewares/ST/STM32_WPAN/zigbee/core/src/zigbee_core_wb.o
                0x000000000800a44a                ZbZclClusterUnbind
 .text.ZbZclClusterRemoveAlarmResetHandler
                0x000000000800a47c       0x32 ./Middlewares/ST/STM32_WPAN/zigbee/core/src/zigbee_core_wb.o
                0x000000000800a47c                ZbZclClusterRemoveAlarmResetHandler
 .text.zb_heap_alloc
                0x000000000800a4ae        0x6 ./Middlewares/ST/STM32_WPAN/zigbee/core/src/zigbee_core_wb.o
                0x000000000800a4ae                zb_heap_alloc
 .text.zb_heap_free
                0x000000000800a4b4        0x6 ./Middlewares/ST/STM32_WPAN/zigbee/core/src/zigbee_core_wb.o
                0x000000000800a4b4                zb_heap_free
 *fill*         0x000000000800a4ba        0x2 
 .text.WpanCrc  0x000000000800a4bc       0x24 ./Middlewares/ST/STM32_WPAN/zigbee/core/src/zigbee_core_wb.o
                0x000000000800a4bc                WpanCrc
 .text.Zigbee_CallBackProcessing
                0x000000000800a4e0      0x6d4 ./Middlewares/ST/STM32_WPAN/zigbee/core/src/zigbee_core_wb.o
                0x000000000800a4e0                Zigbee_CallBackProcessing
 .text.Zigbee_M0RequestProcessing
                0x000000000800abb4       0xcc ./Middlewares/ST/STM32_WPAN/zigbee/core/src/zigbee_core_wb.o
                0x000000000800abb4                Zigbee_M0RequestProcessing
 .text.APP_ZIGBEE_ProcessRequestM0ToM4
                0x000000000800ac80       0x18 ./STM32_WPAN/App/app_zigbee.o
 .text.ZbStartupWaitCb
                0x000000000800ac98        0xc ./STM32_WPAN/App/app_zigbee.o
 .text.APP_ZIGBEE_TraceError.constprop.0
                0x000000000800aca4       0x20 ./STM32_WPAN/App/app_zigbee.o
 .text.APP_ZIGBEE_ProcessNotifyM0ToM4
                0x000000000800acc4       0x24 ./STM32_WPAN/App/app_zigbee.o
 .text.ZbStartupWait
                0x000000000800ace8       0x48 ./STM32_WPAN/App/app_zigbee.o
                0x000000000800ace8                ZbStartupWait
 .text.APP_ZIGBEE_NwkForm
                0x000000000800ad30       0xd0 ./STM32_WPAN/App/app_zigbee.o
 .text.ZIGBEE_Get_OTCmdPayloadBuffer
                0x000000000800ae00        0xc ./STM32_WPAN/App/app_zigbee.o
                0x000000000800ae00                ZIGBEE_Get_OTCmdPayloadBuffer
 .text.ZIGBEE_Get_OTCmdRspPayloadBuffer
                0x000000000800ae0c        0xc ./STM32_WPAN/App/app_zigbee.o
                0x000000000800ae0c                ZIGBEE_Get_OTCmdRspPayloadBuffer
 .text.ZIGBEE_Get_NotificationPayloadBuffer
                0x000000000800ae18        0xc ./STM32_WPAN/App/app_zigbee.o
                0x000000000800ae18                ZIGBEE_Get_NotificationPayloadBuffer
 .text.ZIGBEE_Get_M0RequestPayloadBuffer
                0x000000000800ae24        0xc ./STM32_WPAN/App/app_zigbee.o
                0x000000000800ae24                ZIGBEE_Get_M0RequestPayloadBuffer
 .text.ZIGBEE_CmdTransfer
                0x000000000800ae30       0x2c ./STM32_WPAN/App/app_zigbee.o
                0x000000000800ae30                ZIGBEE_CmdTransfer
 .text.TL_ZIGBEE_CmdEvtReceived
                0x000000000800ae5c        0x6 ./STM32_WPAN/App/app_zigbee.o
                0x000000000800ae5c                TL_ZIGBEE_CmdEvtReceived
 *fill*         0x000000000800ae62        0x2 
 .text.TL_ZIGBEE_NotReceived
                0x000000000800ae64       0x1c ./STM32_WPAN/App/app_zigbee.o
                0x000000000800ae64                TL_ZIGBEE_NotReceived
 .text.Pre_ZigbeeCmdProcessing
                0x000000000800ae80        0x6 ./STM32_WPAN/App/app_zigbee.o
                0x000000000800ae80                Pre_ZigbeeCmdProcessing
 *fill*         0x000000000800ae86        0x2 
 .text.TL_ZIGBEE_M0RequestReceived
                0x000000000800ae88       0x1c ./STM32_WPAN/App/app_zigbee.o
                0x000000000800ae88                TL_ZIGBEE_M0RequestReceived
 .text.APP_ZIGBEE_TL_INIT
                0x000000000800aea4       0x20 ./STM32_WPAN/App/app_zigbee.o
                0x000000000800aea4                APP_ZIGBEE_TL_INIT
 .text.APP_ZIGBEE_Init
                0x000000000800aec4      0x2c0 ./STM32_WPAN/App/app_zigbee.o
                0x000000000800aec4                APP_ZIGBEE_Init
 .text.HW_IPCC_Enable
                0x000000000800b184       0x50 ./STM32_WPAN/Target/hw_ipcc.o
                0x000000000800b184                HW_IPCC_Enable
 .text.HW_IPCC_Init
                0x000000000800b1d4       0x40 ./STM32_WPAN/Target/hw_ipcc.o
                0x000000000800b1d4                HW_IPCC_Init
 .text.HW_IPCC_SYS_Init
                0x000000000800b214       0x10 ./STM32_WPAN/Target/hw_ipcc.o
                0x000000000800b214                HW_IPCC_SYS_Init
 .text.HW_IPCC_SYS_SendCmd
                0x000000000800b224       0x18 ./STM32_WPAN/Target/hw_ipcc.o
                0x000000000800b224                HW_IPCC_SYS_SendCmd
 .text.HW_IPCC_ZIGBEE_Init
                0x000000000800b23c       0x18 ./STM32_WPAN/Target/hw_ipcc.o
                0x000000000800b23c                HW_IPCC_ZIGBEE_Init
 .text.HW_IPCC_ZIGBEE_SendM4RequestToM0
                0x000000000800b254       0x18 ./STM32_WPAN/Target/hw_ipcc.o
                0x000000000800b254                HW_IPCC_ZIGBEE_SendM4RequestToM0
 .text.HW_IPCC_ZIGBEE_SendM4AckToM0Notify
                0x000000000800b26c       0x14 ./STM32_WPAN/Target/hw_ipcc.o
                0x000000000800b26c                HW_IPCC_ZIGBEE_SendM4AckToM0Notify
 .text.HW_IPCC_ZIGBEE_SendM4AckToM0Request
                0x000000000800b280       0x14 ./STM32_WPAN/Target/hw_ipcc.o
                0x000000000800b280                HW_IPCC_ZIGBEE_SendM4AckToM0Request
 .text.HW_IPCC_Tx_Handler
                0x000000000800b294       0x7c ./STM32_WPAN/Target/hw_ipcc.o
                0x000000000800b294                HW_IPCC_Tx_Handler
 .text.HW_IPCC_MM_SendFreeBuf
                0x000000000800b310       0x2c ./STM32_WPAN/Target/hw_ipcc.o
                0x000000000800b310                HW_IPCC_MM_SendFreeBuf
 .text.HW_IPCC_TRACES_Init
                0x000000000800b33c       0x10 ./STM32_WPAN/Target/hw_ipcc.o
                0x000000000800b33c                HW_IPCC_TRACES_Init
 .text.HW_IPCC_Rx_Handler
                0x000000000800b34c       0x80 ./STM32_WPAN/Target/hw_ipcc.o
                0x000000000800b34c                HW_IPCC_Rx_Handler
 .text.UTIL_LPM_Init
                0x000000000800b3cc       0x14 ./Utilities/lpm/tiny_lpm/stm32_lpm.o
                0x000000000800b3cc                UTIL_LPM_Init
 .text.UTIL_LPM_SetStopMode
                0x000000000800b3e0       0x2c ./Utilities/lpm/tiny_lpm/stm32_lpm.o
                0x000000000800b3e0                UTIL_LPM_SetStopMode
 .text.UTIL_LPM_SetOffMode
                0x000000000800b40c       0x2c ./Utilities/lpm/tiny_lpm/stm32_lpm.o
                0x000000000800b40c                UTIL_LPM_SetOffMode
 .text.UTIL_SEQ_SetTask
                0x000000000800b438       0x2c ./Utilities/sequencer/stm32_seq.o
                0x000000000800b438                UTIL_SEQ_SetTask
 .text.UTIL_SEQ_SetEvt
                0x000000000800b464       0x18 ./Utilities/sequencer/stm32_seq.o
                0x000000000800b464                UTIL_SEQ_SetEvt
 .text.UTIL_SEQ_PreIdle
                0x000000000800b47c        0x2 ./Utilities/sequencer/stm32_seq.o
                0x000000000800b47c                UTIL_SEQ_PreIdle
 .text.UTIL_SEQ_PostIdle
                0x000000000800b47e        0x2 ./Utilities/sequencer/stm32_seq.o
                0x000000000800b47e                UTIL_SEQ_PostIdle
 .text.SEQ_BitPosition
                0x000000000800b480       0x40 ./Utilities/sequencer/stm32_seq.o
                0x000000000800b480                SEQ_BitPosition
 .text.UTIL_SEQ_Run
                0x000000000800b4c0      0x124 ./Utilities/sequencer/stm32_seq.o
                0x000000000800b4c0                UTIL_SEQ_Run
 .text.UTIL_SEQ_WaitEvt
                0x000000000800b5e4       0x64 ./Utilities/sequencer/stm32_seq.o
                0x000000000800b5e4                UTIL_SEQ_WaitEvt
 .text.UTIL_SEQ_RegTask
                0x000000000800b648       0x20 ./Utilities/sequencer/stm32_seq.o
                0x000000000800b648                UTIL_SEQ_RegTask
 .text.__assert_func
                0x000000000800b668       0x3c C:/ST/STM32CubeIDE_1.13.2/STM32CubeIDE/plugins/com.st.stm32cube.ide.mcu.externaltools.gnu-tools-for-stm32.11.3.rel1.win32_1.1.1.202309131626/tools/bin/../lib/gcc/arm-none-eabi/11.3.1/../../../../arm-none-eabi/lib/thumb/v7e-m+fp/hard\libc_nano.a(libc_a-assert.o)
                0x000000000800b668                __assert_func
 .text.malloc   0x000000000800b6a4       0x10 C:/ST/STM32CubeIDE_1.13.2/STM32CubeIDE/plugins/com.st.stm32cube.ide.mcu.externaltools.gnu-tools-for-stm32.11.3.rel1.win32_1.1.1.202309131626/tools/bin/../lib/gcc/arm-none-eabi/11.3.1/../../../../arm-none-eabi/lib/thumb/v7e-m+fp/hard\libc_nano.a(libc_a-malloc.o)
                0x000000000800b6a4                malloc
 .text.free     0x000000000800b6b4       0x10 C:/ST/STM32CubeIDE_1.13.2/STM32CubeIDE/plugins/com.st.stm32cube.ide.mcu.externaltools.gnu-tools-for-stm32.11.3.rel1.win32_1.1.1.202309131626/tools/bin/../lib/gcc/arm-none-eabi/11.3.1/../../../../arm-none-eabi/lib/thumb/v7e-m+fp/hard\libc_nano.a(libc_a-malloc.o)
                0x000000000800b6b4                free
 .text.sbrk_aligned
                0x000000000800b6c4       0x40 C:/ST/STM32CubeIDE_1.13.2/STM32CubeIDE/plugins/com.st.stm32cube.ide.mcu.externaltools.gnu-tools-for-stm32.11.3.rel1.win32_1.1.1.202309131626/tools/bin/../lib/gcc/arm-none-eabi/11.3.1/../../../../arm-none-eabi/lib/thumb/v7e-m+fp/hard\libc_nano.a(libc_a-mallocr.o)
 .text._malloc_r
                0x000000000800b704      0x100 C:/ST/STM32CubeIDE_1.13.2/STM32CubeIDE/plugins/com.st.stm32cube.ide.mcu.externaltools.gnu-tools-for-stm32.11.3.rel1.win32_1.1.1.202309131626/tools/bin/../lib/gcc/arm-none-eabi/11.3.1/../../../../arm-none-eabi/lib/thumb/v7e-m+fp/hard\libc_nano.a(libc_a-mallocr.o)
                0x000000000800b704                _malloc_r
 .text.__malloc_lock
                0x000000000800b804        0xc C:/ST/STM32CubeIDE_1.13.2/STM32CubeIDE/plugins/com.st.stm32cube.ide.mcu.externaltools.gnu-tools-for-stm32.11.3.rel1.win32_1.1.1.202309131626/tools/bin/../lib/gcc/arm-none-eabi/11.3.1/../../../../arm-none-eabi/lib/thumb/v7e-m+fp/hard\libc_nano.a(libc_a-mlock.o)
                0x000000000800b804                __malloc_lock
 .text.__malloc_unlock
                0x000000000800b810        0xc C:/ST/STM32CubeIDE_1.13.2/STM32CubeIDE/plugins/com.st.stm32cube.ide.mcu.externaltools.gnu-tools-for-stm32.11.3.rel1.win32_1.1.1.202309131626/tools/bin/../lib/gcc/arm-none-eabi/11.3.1/../../../../arm-none-eabi/lib/thumb/v7e-m+fp/hard\libc_nano.a(libc_a-mlock.o)
                0x000000000800b810                __malloc_unlock
 .text.std      0x000000000800b81c       0x6c C:/ST/STM32CubeIDE_1.13.2/STM32CubeIDE/plugins/com.st.stm32cube.ide.mcu.externaltools.gnu-tools-for-stm32.11.3.rel1.win32_1.1.1.202309131626/tools/bin/../lib/gcc/arm-none-eabi/11.3.1/../../../../arm-none-eabi/lib/thumb/v7e-m+fp/hard\libc_nano.a(libc_a-findfp.o)
 .text.stdio_exit_handler
                0x000000000800b888       0x18 C:/ST/STM32CubeIDE_1.13.2/STM32CubeIDE/plugins/com.st.stm32cube.ide.mcu.externaltools.gnu-tools-for-stm32.11.3.rel1.win32_1.1.1.202309131626/tools/bin/../lib/gcc/arm-none-eabi/11.3.1/../../../../arm-none-eabi/lib/thumb/v7e-m+fp/hard\libc_nano.a(libc_a-findfp.o)
 .text.cleanup_stdio
                0x000000000800b8a0       0x40 C:/ST/STM32CubeIDE_1.13.2/STM32CubeIDE/plugins/com.st.stm32cube.ide.mcu.externaltools.gnu-tools-for-stm32.11.3.rel1.win32_1.1.1.202309131626/tools/bin/../lib/gcc/arm-none-eabi/11.3.1/../../../../arm-none-eabi/lib/thumb/v7e-m+fp/hard\libc_nano.a(libc_a-findfp.o)
 .text.global_stdio_init.part.0
                0x000000000800b8e0       0x3c C:/ST/STM32CubeIDE_1.13.2/STM32CubeIDE/plugins/com.st.stm32cube.ide.mcu.externaltools.gnu-tools-for-stm32.11.3.rel1.win32_1.1.1.202309131626/tools/bin/../lib/gcc/arm-none-eabi/11.3.1/../../../../arm-none-eabi/lib/thumb/v7e-m+fp/hard\libc_nano.a(libc_a-findfp.o)
 .text.__sfp_lock_acquire
                0x000000000800b91c        0xc C:/ST/STM32CubeIDE_1.13.2/STM32CubeIDE/plugins/com.st.stm32cube.ide.mcu.externaltools.gnu-tools-for-stm32.11.3.rel1.win32_1.1.1.202309131626/tools/bin/../lib/gcc/arm-none-eabi/11.3.1/../../../../arm-none-eabi/lib/thumb/v7e-m+fp/hard\libc_nano.a(libc_a-findfp.o)
                0x000000000800b91c                __sfp_lock_acquire
 .text.__sfp_lock_release
                0x000000000800b928        0xc C:/ST/STM32CubeIDE_1.13.2/STM32CubeIDE/plugins/com.st.stm32cube.ide.mcu.externaltools.gnu-tools-for-stm32.11.3.rel1.win32_1.1.1.202309131626/tools/bin/../lib/gcc/arm-none-eabi/11.3.1/../../../../arm-none-eabi/lib/thumb/v7e-m+fp/hard\libc_nano.a(libc_a-findfp.o)
                0x000000000800b928                __sfp_lock_release
 .text.__sinit  0x000000000800b934       0x30 C:/ST/STM32CubeIDE_1.13.2/STM32CubeIDE/plugins/com.st.stm32cube.ide.mcu.externaltools.gnu-tools-for-stm32.11.3.rel1.win32_1.1.1.202309131626/tools/bin/../lib/gcc/arm-none-eabi/11.3.1/../../../../arm-none-eabi/lib/thumb/v7e-m+fp/hard\libc_nano.a(libc_a-findfp.o)
                0x000000000800b934                __sinit
 .text.fprintf  0x000000000800b964       0x24 C:/ST/STM32CubeIDE_1.13.2/STM32CubeIDE/plugins/com.st.stm32cube.ide.mcu.externaltools.gnu-tools-for-stm32.11.3.rel1.win32_1.1.1.202309131626/tools/bin/../lib/gcc/arm-none-eabi/11.3.1/../../../../arm-none-eabi/lib/thumb/v7e-m+fp/hard\libc_nano.a(libc_a-fprintf.o)
                0x000000000800b964                fiprintf
                0x000000000800b964                fprintf
 .text._fwalk_sglue
                0x000000000800b988       0x3c C:/ST/STM32CubeIDE_1.13.2/STM32CubeIDE/plugins/com.st.stm32cube.ide.mcu.externaltools.gnu-tools-for-stm32.11.3.rel1.win32_1.1.1.202309131626/tools/bin/../lib/gcc/arm-none-eabi/11.3.1/../../../../arm-none-eabi/lib/thumb/v7e-m+fp/hard\libc_nano.a(libc_a-fwalk.o)
                0x000000000800b988                _fwalk_sglue
 .text.sprintf  0x000000000800b9c4       0x40 C:/ST/STM32CubeIDE_1.13.2/STM32CubeIDE/plugins/com.st.stm32cube.ide.mcu.externaltools.gnu-tools-for-stm32.11.3.rel1.win32_1.1.1.202309131626/tools/bin/../lib/gcc/arm-none-eabi/11.3.1/../../../../arm-none-eabi/lib/thumb/v7e-m+fp/hard\libc_nano.a(libc_a-sprintf.o)
                0x000000000800b9c4                siprintf
                0x000000000800b9c4                sprintf
 .text.__sread  0x000000000800ba04       0x22 C:/ST/STM32CubeIDE_1.13.2/STM32CubeIDE/plugins/com.st.stm32cube.ide.mcu.externaltools.gnu-tools-for-stm32.11.3.rel1.win32_1.1.1.202309131626/tools/bin/../lib/gcc/arm-none-eabi/11.3.1/../../../../arm-none-eabi/lib/thumb/v7e-m+fp/hard\libc_nano.a(libc_a-stdio.o)
                0x000000000800ba04                __sread
 .text.__swrite
                0x000000000800ba26       0x38 C:/ST/STM32CubeIDE_1.13.2/STM32CubeIDE/plugins/com.st.stm32cube.ide.mcu.externaltools.gnu-tools-for-stm32.11.3.rel1.win32_1.1.1.202309131626/tools/bin/../lib/gcc/arm-none-eabi/11.3.1/../../../../arm-none-eabi/lib/thumb/v7e-m+fp/hard\libc_nano.a(libc_a-stdio.o)
                0x000000000800ba26                __swrite
 .text.__sseek  0x000000000800ba5e       0x24 C:/ST/STM32CubeIDE_1.13.2/STM32CubeIDE/plugins/com.st.stm32cube.ide.mcu.externaltools.gnu-tools-for-stm32.11.3.rel1.win32_1.1.1.202309131626/tools/bin/../lib/gcc/arm-none-eabi/11.3.1/../../../../arm-none-eabi/lib/thumb/v7e-m+fp/hard\libc_nano.a(libc_a-stdio.o)
                0x000000000800ba5e                __sseek
 .text.__sclose
                0x000000000800ba82        0x8 C:/ST/STM32CubeIDE_1.13.2/STM32CubeIDE/plugins/com.st.stm32cube.ide.mcu.externaltools.gnu-tools-for-stm32.11.3.rel1.win32_1.1.1.202309131626/tools/bin/../lib/gcc/arm-none-eabi/11.3.1/../../../../arm-none-eabi/lib/thumb/v7e-m+fp/hard\libc_nano.a(libc_a-stdio.o)
                0x000000000800ba82                __sclose
 .text.memset   0x000000000800ba8a       0x10 C:/ST/STM32CubeIDE_1.13.2/STM32CubeIDE/plugins/com.st.stm32cube.ide.mcu.externaltools.gnu-tools-for-stm32.11.3.rel1.win32_1.1.1.202309131626/tools/bin/../lib/gcc/arm-none-eabi/11.3.1/../../../../arm-none-eabi/lib/thumb/v7e-m+fp/hard\libc_nano.a(libc_a-memset.o)
                0x000000000800ba8a                memset
 *fill*         0x000000000800ba9a        0x2 
 .text._close_r
                0x000000000800ba9c       0x20 C:/ST/STM32CubeIDE_1.13.2/STM32CubeIDE/plugins/com.st.stm32cube.ide.mcu.externaltools.gnu-tools-for-stm32.11.3.rel1.win32_1.1.1.202309131626/tools/bin/../lib/gcc/arm-none-eabi/11.3.1/../../../../arm-none-eabi/lib/thumb/v7e-m+fp/hard\libc_nano.a(libc_a-closer.o)
                0x000000000800ba9c                _close_r
 .text._lseek_r
                0x000000000800babc       0x24 C:/ST/STM32CubeIDE_1.13.2/STM32CubeIDE/plugins/com.st.stm32cube.ide.mcu.externaltools.gnu-tools-for-stm32.11.3.rel1.win32_1.1.1.202309131626/tools/bin/../lib/gcc/arm-none-eabi/11.3.1/../../../../arm-none-eabi/lib/thumb/v7e-m+fp/hard\libc_nano.a(libc_a-lseekr.o)
                0x000000000800babc                _lseek_r
 .text._read_r  0x000000000800bae0       0x24 C:/ST/STM32CubeIDE_1.13.2/STM32CubeIDE/plugins/com.st.stm32cube.ide.mcu.externaltools.gnu-tools-for-stm32.11.3.rel1.win32_1.1.1.202309131626/tools/bin/../lib/gcc/arm-none-eabi/11.3.1/../../../../arm-none-eabi/lib/thumb/v7e-m+fp/hard\libc_nano.a(libc_a-readr.o)
                0x000000000800bae0                _read_r
 .text._sbrk_r  0x000000000800bb04       0x20 C:/ST/STM32CubeIDE_1.13.2/STM32CubeIDE/plugins/com.st.stm32cube.ide.mcu.externaltools.gnu-tools-for-stm32.11.3.rel1.win32_1.1.1.202309131626/tools/bin/../lib/gcc/arm-none-eabi/11.3.1/../../../../arm-none-eabi/lib/thumb/v7e-m+fp/hard\libc_nano.a(libc_a-sbrkr.o)
                0x000000000800bb04                _sbrk_r
 .text._write_r
                0x000000000800bb24       0x24 C:/ST/STM32CubeIDE_1.13.2/STM32CubeIDE/plugins/com.st.stm32cube.ide.mcu.externaltools.gnu-tools-for-stm32.11.3.rel1.win32_1.1.1.202309131626/tools/bin/../lib/gcc/arm-none-eabi/11.3.1/../../../../arm-none-eabi/lib/thumb/v7e-m+fp/hard\libc_nano.a(libc_a-writer.o)
                0x000000000800bb24                _write_r
 .text.__errno  0x000000000800bb48        0xc C:/ST/STM32CubeIDE_1.13.2/STM32CubeIDE/plugins/com.st.stm32cube.ide.mcu.externaltools.gnu-tools-for-stm32.11.3.rel1.win32_1.1.1.202309131626/tools/bin/../lib/gcc/arm-none-eabi/11.3.1/../../../../arm-none-eabi/lib/thumb/v7e-m+fp/hard\libc_nano.a(libc_a-errno.o)
                0x000000000800bb48                __errno
 .text.__libc_init_array
                0x000000000800bb54       0x48 C:/ST/STM32CubeIDE_1.13.2/STM32CubeIDE/plugins/com.st.stm32cube.ide.mcu.externaltools.gnu-tools-for-stm32.11.3.rel1.win32_1.1.1.202309131626/tools/bin/../lib/gcc/arm-none-eabi/11.3.1/../../../../arm-none-eabi/lib/thumb/v7e-m+fp/hard\libc_nano.a(libc_a-init.o)
                0x000000000800bb54                __libc_init_array
 .text.__retarget_lock_init_recursive
                0x000000000800bb9c        0x2 C:/ST/STM32CubeIDE_1.13.2/STM32CubeIDE/plugins/com.st.stm32cube.ide.mcu.externaltools.gnu-tools-for-stm32.11.3.rel1.win32_1.1.1.202309131626/tools/bin/../lib/gcc/arm-none-eabi/11.3.1/../../../../arm-none-eabi/lib/thumb/v7e-m+fp/hard\libc_nano.a(libc_a-lock.o)
                0x000000000800bb9c                __retarget_lock_init_recursive
 .text.__retarget_lock_acquire_recursive
                0x000000000800bb9e        0x2 C:/ST/STM32CubeIDE_1.13.2/STM32CubeIDE/plugins/com.st.stm32cube.ide.mcu.externaltools.gnu-tools-for-stm32.11.3.rel1.win32_1.1.1.202309131626/tools/bin/../lib/gcc/arm-none-eabi/11.3.1/../../../../arm-none-eabi/lib/thumb/v7e-m+fp/hard\libc_nano.a(libc_a-lock.o)
                0x000000000800bb9e                __retarget_lock_acquire_recursive
 .text.__retarget_lock_release_recursive
                0x000000000800bba0        0x2 C:/ST/STM32CubeIDE_1.13.2/STM32CubeIDE/plugins/com.st.stm32cube.ide.mcu.externaltools.gnu-tools-for-stm32.11.3.rel1.win32_1.1.1.202309131626/tools/bin/../lib/gcc/arm-none-eabi/11.3.1/../../../../arm-none-eabi/lib/thumb/v7e-m+fp/hard\libc_nano.a(libc_a-lock.o)
                0x000000000800bba0                __retarget_lock_release_recursive
 .text.__aeabi_memcpy
                0x000000000800bba2        0x4 C:/ST/STM32CubeIDE_1.13.2/STM32CubeIDE/plugins/com.st.stm32cube.ide.mcu.externaltools.gnu-tools-for-stm32.11.3.rel1.win32_1.1.1.202309131626/tools/bin/../lib/gcc/arm-none-eabi/11.3.1/../../../../arm-none-eabi/lib/thumb/v7e-m+fp/hard\libc_nano.a(libc_a-aeabi_memcpy.o)
                0x000000000800bba2                __aeabi_memcpy4
                0x000000000800bba2                __aeabi_memcpy8
                0x000000000800bba2                __aeabi_memcpy
 .text.memcpy   0x000000000800bba6       0x1c C:/ST/STM32CubeIDE_1.13.2/STM32CubeIDE/plugins/com.st.stm32cube.ide.mcu.externaltools.gnu-tools-for-stm32.11.3.rel1.win32_1.1.1.202309131626/tools/bin/../lib/gcc/arm-none-eabi/11.3.1/../../../../arm-none-eabi/lib/thumb/v7e-m+fp/hard\libc_nano.a(libc_a-memcpy-stub.o)
                0x000000000800bba6                memcpy
 .text.abort    0x000000000800bbc2        0xe C:/ST/STM32CubeIDE_1.13.2/STM32CubeIDE/plugins/com.st.stm32cube.ide.mcu.externaltools.gnu-tools-for-stm32.11.3.rel1.win32_1.1.1.202309131626/tools/bin/../lib/gcc/arm-none-eabi/11.3.1/../../../../arm-none-eabi/lib/thumb/v7e-m+fp/hard\libc_nano.a(libc_a-abort.o)
                0x000000000800bbc2                abort
 .text._free_r  0x000000000800bbd0       0x98 C:/ST/STM32CubeIDE_1.13.2/STM32CubeIDE/plugins/com.st.stm32cube.ide.mcu.externaltools.gnu-tools-for-stm32.11.3.rel1.win32_1.1.1.202309131626/tools/bin/../lib/gcc/arm-none-eabi/11.3.1/../../../../arm-none-eabi/lib/thumb/v7e-m+fp/hard\libc_nano.a(libc_a-freer.o)
                0x000000000800bbd0                _free_r
 .text.__ssputs_r
                0x000000000800bc68       0xb4 C:/ST/STM32CubeIDE_1.13.2/STM32CubeIDE/plugins/com.st.stm32cube.ide.mcu.externaltools.gnu-tools-for-stm32.11.3.rel1.win32_1.1.1.202309131626/tools/bin/../lib/gcc/arm-none-eabi/11.3.1/../../../../arm-none-eabi/lib/thumb/v7e-m+fp/hard\libc_nano.a(libc_a-nano-svfprintf.o)
                0x000000000800bc68                __ssputs_r
 .text._svfprintf_r
                0x000000000800bd1c      0x1fc C:/ST/STM32CubeIDE_1.13.2/STM32CubeIDE/plugins/com.st.stm32cube.ide.mcu.externaltools.gnu-tools-for-stm32.11.3.rel1.win32_1.1.1.202309131626/tools/bin/../lib/gcc/arm-none-eabi/11.3.1/../../../../arm-none-eabi/lib/thumb/v7e-m+fp/hard\libc_nano.a(libc_a-nano-svfprintf.o)
                0x000000000800bd1c                _svfiprintf_r
                0x000000000800bd1c                _svfprintf_r
 .text.__sfputc_r
                0x000000000800bf18       0x2e C:/ST/STM32CubeIDE_1.13.2/STM32CubeIDE/plugins/com.st.stm32cube.ide.mcu.externaltools.gnu-tools-for-stm32.11.3.rel1.win32_1.1.1.202309131626/tools/bin/../lib/gcc/arm-none-eabi/11.3.1/../../../../arm-none-eabi/lib/thumb/v7e-m+fp/hard\libc_nano.a(libc_a-nano-vfprintf.o)
 .text.__sfputs_r
                0x000000000800bf46       0x24 C:/ST/STM32CubeIDE_1.13.2/STM32CubeIDE/plugins/com.st.stm32cube.ide.mcu.externaltools.gnu-tools-for-stm32.11.3.rel1.win32_1.1.1.202309131626/tools/bin/../lib/gcc/arm-none-eabi/11.3.1/../../../../arm-none-eabi/lib/thumb/v7e-m+fp/hard\libc_nano.a(libc_a-nano-vfprintf.o)
                0x000000000800bf46                __sfputs_r
 *fill*         0x000000000800bf6a        0x2 
 .text._vfprintf_r
                0x000000000800bf6c      0x234 C:/ST/STM32CubeIDE_1.13.2/STM32CubeIDE/plugins/com.st.stm32cube.ide.mcu.externaltools.gnu-tools-for-stm32.11.3.rel1.win32_1.1.1.202309131626/tools/bin/../lib/gcc/arm-none-eabi/11.3.1/../../../../arm-none-eabi/lib/thumb/v7e-m+fp/hard\libc_nano.a(libc_a-nano-vfprintf.o)
                0x000000000800bf6c                _vfprintf_r
                0x000000000800bf6c                _vfiprintf_r
 .text._printf_common
                0x000000000800c1a0       0xda C:/ST/STM32CubeIDE_1.13.2/STM32CubeIDE/plugins/com.st.stm32cube.ide.mcu.externaltools.gnu-tools-for-stm32.11.3.rel1.win32_1.1.1.202309131626/tools/bin/../lib/gcc/arm-none-eabi/11.3.1/../../../../arm-none-eabi/lib/thumb/v7e-m+fp/hard\libc_nano.a(libc_a-nano-vfprintf_i.o)
                0x000000000800c1a0                _printf_common
 *fill*         0x000000000800c27a        0x2 
 .text._printf_i
                0x000000000800c27c      0x244 C:/ST/STM32CubeIDE_1.13.2/STM32CubeIDE/plugins/com.st.stm32cube.ide.mcu.externaltools.gnu-tools-for-stm32.11.3.rel1.win32_1.1.1.202309131626/tools/bin/../lib/gcc/arm-none-eabi/11.3.1/../../../../arm-none-eabi/lib/thumb/v7e-m+fp/hard\libc_nano.a(libc_a-nano-vfprintf_i.o)
                0x000000000800c27c                _printf_i
 .text.__sflush_r
                0x000000000800c4c0      0x10c C:/ST/STM32CubeIDE_1.13.2/STM32CubeIDE/plugins/com.st.stm32cube.ide.mcu.externaltools.gnu-tools-for-stm32.11.3.rel1.win32_1.1.1.202309131626/tools/bin/../lib/gcc/arm-none-eabi/11.3.1/../../../../arm-none-eabi/lib/thumb/v7e-m+fp/hard\libc_nano.a(libc_a-fflush.o)
                0x000000000800c4c0                __sflush_r
 .text._fflush_r
                0x000000000800c5cc       0x50 C:/ST/STM32CubeIDE_1.13.2/STM32CubeIDE/plugins/com.st.stm32cube.ide.mcu.externaltools.gnu-tools-for-stm32.11.3.rel1.win32_1.1.1.202309131626/tools/bin/../lib/gcc/arm-none-eabi/11.3.1/../../../../arm-none-eabi/lib/thumb/v7e-m+fp/hard\libc_nano.a(libc_a-fflush.o)
                0x000000000800c5cc                _fflush_r
 .text.__swbuf_r
                0x000000000800c61c       0x7a C:/ST/STM32CubeIDE_1.13.2/STM32CubeIDE/plugins/com.st.stm32cube.ide.mcu.externaltools.gnu-tools-for-stm32.11.3.rel1.win32_1.1.1.202309131626/tools/bin/../lib/gcc/arm-none-eabi/11.3.1/../../../../arm-none-eabi/lib/thumb/v7e-m+fp/hard\libc_nano.a(libc_a-wbuf.o)
                0x000000000800c61c                __swbuf_r
 *fill*         0x000000000800c696        0x2 
 .text.__swsetup_r
                0x000000000800c698       0xb0 C:/ST/STM32CubeIDE_1.13.2/STM32CubeIDE/plugins/com.st.stm32cube.ide.mcu.externaltools.gnu-tools-for-stm32.11.3.rel1.win32_1.1.1.202309131626/tools/bin/../lib/gcc/arm-none-eabi/11.3.1/../../../../arm-none-eabi/lib/thumb/v7e-m+fp/hard\libc_nano.a(libc_a-wsetup.o)
                0x000000000800c698                __swsetup_r
 .text.memmove  0x000000000800c748       0x34 C:/ST/STM32CubeIDE_1.13.2/STM32CubeIDE/plugins/com.st.stm32cube.ide.mcu.externaltools.gnu-tools-for-stm32.11.3.rel1.win32_1.1.1.202309131626/tools/bin/../lib/gcc/arm-none-eabi/11.3.1/../../../../arm-none-eabi/lib/thumb/v7e-m+fp/hard\libc_nano.a(libc_a-memmove.o)
                0x000000000800c748                memmove
 .text._raise_r
                0x000000000800c77c       0x50 C:/ST/STM32CubeIDE_1.13.2/STM32CubeIDE/plugins/com.st.stm32cube.ide.mcu.externaltools.gnu-tools-for-stm32.11.3.rel1.win32_1.1.1.202309131626/tools/bin/../lib/gcc/arm-none-eabi/11.3.1/../../../../arm-none-eabi/lib/thumb/v7e-m+fp/hard\libc_nano.a(libc_a-signal.o)
                0x000000000800c77c                _raise_r
 .text.raise    0x000000000800c7cc       0x10 C:/ST/STM32CubeIDE_1.13.2/STM32CubeIDE/plugins/com.st.stm32cube.ide.mcu.externaltools.gnu-tools-for-stm32.11.3.rel1.win32_1.1.1.202309131626/tools/bin/../lib/gcc/arm-none-eabi/11.3.1/../../../../arm-none-eabi/lib/thumb/v7e-m+fp/hard\libc_nano.a(libc_a-signal.o)
                0x000000000800c7cc                raise
 .text._kill_r  0x000000000800c7dc       0x24 C:/ST/STM32CubeIDE_1.13.2/STM32CubeIDE/plugins/com.st.stm32cube.ide.mcu.externaltools.gnu-tools-for-stm32.11.3.rel1.win32_1.1.1.202309131626/tools/bin/../lib/gcc/arm-none-eabi/11.3.1/../../../../arm-none-eabi/lib/thumb/v7e-m+fp/hard\libc_nano.a(libc_a-signalr.o)
                0x000000000800c7dc                _kill_r
 .text._getpid_r
                0x000000000800c800        0x4 C:/ST/STM32CubeIDE_1.13.2/STM32CubeIDE/plugins/com.st.stm32cube.ide.mcu.externaltools.gnu-tools-for-stm32.11.3.rel1.win32_1.1.1.202309131626/tools/bin/../lib/gcc/arm-none-eabi/11.3.1/../../../../arm-none-eabi/lib/thumb/v7e-m+fp/hard\libc_nano.a(libc_a-signalr.o)
                0x000000000800c800                _getpid_r
 .text._realloc_r
                0x000000000800c804       0x5e C:/ST/STM32CubeIDE_1.13.2/STM32CubeIDE/plugins/com.st.stm32cube.ide.mcu.externaltools.gnu-tools-for-stm32.11.3.rel1.win32_1.1.1.202309131626/tools/bin/../lib/gcc/arm-none-eabi/11.3.1/../../../../arm-none-eabi/lib/thumb/v7e-m+fp/hard\libc_nano.a(libc_a-reallocr.o)
                0x000000000800c804                _realloc_r
 .text.__swhatbuf_r
                0x000000000800c862       0x4c C:/ST/STM32CubeIDE_1.13.2/STM32CubeIDE/plugins/com.st.stm32cube.ide.mcu.externaltools.gnu-tools-for-stm32.11.3.rel1.win32_1.1.1.202309131626/tools/bin/../lib/gcc/arm-none-eabi/11.3.1/../../../../arm-none-eabi/lib/thumb/v7e-m+fp/hard\libc_nano.a(libc_a-makebuf.o)
                0x000000000800c862                __swhatbuf_r
 .text.__smakebuf_r
                0x000000000800c8ae       0x78 C:/ST/STM32CubeIDE_1.13.2/STM32CubeIDE/plugins/com.st.stm32cube.ide.mcu.externaltools.gnu-tools-for-stm32.11.3.rel1.win32_1.1.1.202309131626/tools/bin/../lib/gcc/arm-none-eabi/11.3.1/../../../../arm-none-eabi/lib/thumb/v7e-m+fp/hard\libc_nano.a(libc_a-makebuf.o)
                0x000000000800c8ae                __smakebuf_r
 *fill*         0x000000000800c926        0x2 
 .text._fstat_r
                0x000000000800c928       0x24 C:/ST/STM32CubeIDE_1.13.2/STM32CubeIDE/plugins/com.st.stm32cube.ide.mcu.externaltools.gnu-tools-for-stm32.11.3.rel1.win32_1.1.1.202309131626/tools/bin/../lib/gcc/arm-none-eabi/11.3.1/../../../../arm-none-eabi/lib/thumb/v7e-m+fp/hard\libc_nano.a(libc_a-fstatr.o)
                0x000000000800c928                _fstat_r
 .text._isatty_r
                0x000000000800c94c       0x20 C:/ST/STM32CubeIDE_1.13.2/STM32CubeIDE/plugins/com.st.stm32cube.ide.mcu.externaltools.gnu-tools-for-stm32.11.3.rel1.win32_1.1.1.202309131626/tools/bin/../lib/gcc/arm-none-eabi/11.3.1/../../../../arm-none-eabi/lib/thumb/v7e-m+fp/hard\libc_nano.a(libc_a-isattyr.o)
                0x000000000800c94c                _isatty_r
 .text._malloc_usable_size_r
                0x000000000800c96c       0x10 C:/ST/STM32CubeIDE_1.13.2/STM32CubeIDE/plugins/com.st.stm32cube.ide.mcu.externaltools.gnu-tools-for-stm32.11.3.rel1.win32_1.1.1.202309131626/tools/bin/../lib/gcc/arm-none-eabi/11.3.1/../../../../arm-none-eabi/lib/thumb/v7e-m+fp/hard\libc_nano.a(libc_a-msizer.o)
                0x000000000800c96c                _malloc_usable_size_r
 *(.glue_7)
 .glue_7        0x000000000800c97c        0x0 linker stubs
 *(.glue_7t)
 .glue_7t       0x000000000800c97c        0x0 linker stubs
 *(.eh_frame)