../Middlewares/ST/STM32_WPAN/interface/patterns/ble_thread/tl/shci_tl.c:227:13:TlUserEvtReceived	8	static
../Middlewares/ST/STM32_WPAN/interface/patterns/ble_thread/tl/shci_tl.c:197:13:Cmd_SetStatus.constprop	0	static
../Middlewares/ST/STM32_WPAN/interface/patterns/ble_thread/tl/shci_tl.c:65:6:shci_init	32	static
../Middlewares/ST/STM32_WPAN/interface/patterns/ble_thread/tl/shci_tl.c:77:6:shci_user_evt_proc	24	static
../Middlewares/ST/STM32_WPAN/interface/patterns/ble_thread/tl/shci_tl.c:134:6:shci_resume_flow	0	static
../Middlewares/ST/STM32_WPAN/interface/patterns/ble_thread/tl/shci_tl.c:236:13:shci_cmd_resp_wait	0	static
../Middlewares/ST/STM32_WPAN/interface/patterns/ble_thread/tl/shci_tl.c:147:6:shci_send	32	static
../Middlewares/ST/STM32_WPAN/interface/patterns/ble_thread/tl/shci_tl.c:245:13:shci_cmd_resp_release	0	static
../Middlewares/ST/STM32_WPAN/interface/patterns/ble_thread/tl/shci_tl.c:219:13:TlCmdEvtReceived	8	static
