../Middlewares/ST/STM32_WPAN/zigbee/core/src/zigbee_core_wb.c:273:1:zb_ipc_m4_memcpy2	32	static
../Middlewares/ST/STM32_WPAN/zigbee/core/src/zigbee_core_wb.c:292:1:zb_ipc_m4_stack_logging_config	24	static
../Middlewares/ST/STM32_WPAN/zigbee/core/src/zigbee_core_wb.c:307:1:zb_ipc_m4_cb_info_alloc	24	static
../Middlewares/ST/STM32_WPAN/zigbee/core/src/zigbee_core_wb.c:321:1:zb_ipc_m4_cb_info_free	16	static
../Middlewares/ST/STM32_WPAN/zigbee/core/src/zigbee_core_wb.c:327:1:zb_ipc_m4_get_retval	16	static
../Middlewares/ST/STM32_WPAN/zigbee/core/src/zigbee_core_wb.c:339:1:ZbHeapMaxAlloc	4	static
../Middlewares/ST/STM32_WPAN/zigbee/core/src/zigbee_core_wb.c:345:1:ZbInit	32	static
../Middlewares/ST/STM32_WPAN/zigbee/core/src/zigbee_core_wb.c:371:1:ZbDestroy	24	static
../Middlewares/ST/STM32_WPAN/zigbee/core/src/zigbee_core_wb.c:388:1:ZbDestroyWithCb	32	static
../Middlewares/ST/STM32_WPAN/zigbee/core/src/zigbee_core_wb.c:412:1:ZbSetLogging	32	static
../Middlewares/ST/STM32_WPAN/zigbee/core/src/zigbee_core_wb.c:434:1:ZbGetLogging	24	static
../Middlewares/ST/STM32_WPAN/zigbee/core/src/zigbee_core_wb.c:446:1:ZbExtendedAddress	32	static
../Middlewares/ST/STM32_WPAN/zigbee/core/src/zigbee_core_wb.c:464:1:ZbShortAddress	24	static
../Middlewares/ST/STM32_WPAN/zigbee/core/src/zigbee_core_wb.c:473:1:ZbChangeExtAddr	32	static
../Middlewares/ST/STM32_WPAN/zigbee/core/src/zigbee_core_wb.c:487:1:ZbStartupConfigGetProDefaults	24	static
../Middlewares/ST/STM32_WPAN/zigbee/core/src/zigbee_core_wb.c:501:1:ZbStartupConfigGetProSeDefaults	16	static
../Middlewares/ST/STM32_WPAN/zigbee/core/src/zigbee_core_wb.c:511:1:ZbStartup	40	static
../Middlewares/ST/STM32_WPAN/zigbee/core/src/zigbee_core_wb.c:542:1:ZbStartupRejoin	40	static
../Middlewares/ST/STM32_WPAN/zigbee/core/src/zigbee_core_wb.c:568:1:ZbStartupPersist	40	static
../Middlewares/ST/STM32_WPAN/zigbee/core/src/zigbee_core_wb.c:599:1:ZbStartupFindBindStart	40	static
../Middlewares/ST/STM32_WPAN/zigbee/core/src/zigbee_core_wb.c:625:1:ZbStartupTouchlinkTargetStop	24	static
../Middlewares/ST/STM32_WPAN/zigbee/core/src/zigbee_core_wb.c:642:1:ZbStartupTcsoStart	40	static
../Middlewares/ST/STM32_WPAN/zigbee/core/src/zigbee_core_wb.c:668:1:ZbStartupTcsoAbort	24	static
../Middlewares/ST/STM32_WPAN/zigbee/core/src/zigbee_core_wb.c:685:1:ZbTrustCenterRejoin	40	static
../Middlewares/ST/STM32_WPAN/zigbee/core/src/zigbee_core_wb.c:708:1:ZbPersistNotifyRegister	32	static
../Middlewares/ST/STM32_WPAN/zigbee/core/src/zigbee_core_wb.c:733:1:ZbPersistGet	32	static
../Middlewares/ST/STM32_WPAN/zigbee/core/src/zigbee_core_wb.c:751:1:ZbStateGet	32	static
../Middlewares/ST/STM32_WPAN/zigbee/core/src/zigbee_core_wb.c:769:1:ZbLeaveReq	40	static
../Middlewares/ST/STM32_WPAN/zigbee/core/src/zigbee_core_wb.c:792:1:ZbReset	24	static
../Middlewares/ST/STM32_WPAN/zigbee/core/src/zigbee_core_wb.c:810:1:ZbShutdown	24	static
../Middlewares/ST/STM32_WPAN/zigbee/core/src/zigbee_core_wb.c:823:1:ZbStatePause	40	static
../Middlewares/ST/STM32_WPAN/zigbee/core/src/zigbee_core_wb.c:846:1:ZbStateResume	24	static
../Middlewares/ST/STM32_WPAN/zigbee/core/src/zigbee_core_wb.c:866:1:ZbSecEcdsaValidate	32	static
../Middlewares/ST/STM32_WPAN/zigbee/core/src/zigbee_core_wb.c:896:1:ZbZclTouchlinkInitiatorGetGrpIdReq	40	static
../Middlewares/ST/STM32_WPAN/zigbee/core/src/zigbee_core_wb.c:922:1:ZbZclTouchlinkInitiatorGetEpListReq	40	static
../Middlewares/ST/STM32_WPAN/zigbee/core/src/zigbee_core_wb.c:948:1:ZbZclTouchlinkTargetSendEpInfoCmd	40	static
../Middlewares/ST/STM32_WPAN/zigbee/core/src/zigbee_core_wb.c:978:1:ZbBdbGetIndex	56	static
../Middlewares/ST/STM32_WPAN/zigbee/core/src/zigbee_core_wb.c:1005:1:ZbBdbSetIndex	56	static
../Middlewares/ST/STM32_WPAN/zigbee/core/src/zigbee_core_wb.c:1032:1:ZbBdbGetEndpointStatus	24	static
../Middlewares/ST/STM32_WPAN/zigbee/core/src/zigbee_core_wb.c:1051:1:ZbBdbSetEndpointStatus	24	static
../Middlewares/ST/STM32_WPAN/zigbee/core/src/zigbee_core_wb.c:1076:1:aps_req_sanity_check	32	static
../Middlewares/ST/STM32_WPAN/zigbee/core/src/zigbee_core_wb.c:1107:1:ZbApsdeDataReqCallback	40	static
../Middlewares/ST/STM32_WPAN/zigbee/core/src/zigbee_core_wb.c:1142:1:ZbApsmeAddEndpoint	32	static
../Middlewares/ST/STM32_WPAN/zigbee/core/src/zigbee_core_wb.c:1156:1:ZbApsmeRemoveEndpoint	32	static
../Middlewares/ST/STM32_WPAN/zigbee/core/src/zigbee_core_wb.c:1160:1:ZbApsFilterEndpointAdd	32	static
../Middlewares/ST/STM32_WPAN/zigbee/core/src/zigbee_core_wb.c:1200:1:ZbApsFilterClusterAdd	32	static
../Middlewares/ST/STM32_WPAN/zigbee/core/src/zigbee_core_wb.c:1239:1:ZbApsFilterEndpointFree	24	static
../Middlewares/ST/STM32_WPAN/zigbee/core/src/zigbee_core_wb.c:1260:1:ZbApsmeEndpointClusterListAppend	24	static
../Middlewares/ST/STM32_WPAN/zigbee/core/src/zigbee_core_wb.c:1279:1:ZbApsEndpointExists	24	static
../Middlewares/ST/STM32_WPAN/zigbee/core/src/zigbee_core_wb.c:1296:1:ZbApsEndpointProfile	24	static
../Middlewares/ST/STM32_WPAN/zigbee/core/src/zigbee_core_wb.c:1313:1:ZbApsAddrIsBcast	16	static
../Middlewares/ST/STM32_WPAN/zigbee/core/src/zigbee_core_wb.c:1326:1:ZbApsAddrIsLocal	24	static
../Middlewares/ST/STM32_WPAN/zigbee/core/src/zigbee_core_wb.c:1358:1:ZbApsGetIndex	48	static
../Middlewares/ST/STM32_WPAN/zigbee/core/src/zigbee_core_wb.c:1397:1:ZbApsSetIndex	48	static
../Middlewares/ST/STM32_WPAN/zigbee/core/src/zigbee_core_wb.c:1424:1:ZbApsLookupKey	40	static
../Middlewares/ST/STM32_WPAN/zigbee/core/src/zigbee_core_wb.c:1447:1:ZbApsmeAddGroupReq	32	static
../Middlewares/ST/STM32_WPAN/zigbee/core/src/zigbee_core_wb.c:1448:1:ZbApsmeRemoveGroupReq	32	static
../Middlewares/ST/STM32_WPAN/zigbee/core/src/zigbee_core_wb.c:1449:1:ZbApsmeRemoveAllGroupsReq	32	static
../Middlewares/ST/STM32_WPAN/zigbee/core/src/zigbee_core_wb.c:1452:1:ZbApsGroupIsMember	40	static
../Middlewares/ST/STM32_WPAN/zigbee/core/src/zigbee_core_wb.c:1485:1:ZbApsGroupsGetCapacity	40	static
../Middlewares/ST/STM32_WPAN/zigbee/core/src/zigbee_core_wb.c:1508:1:ZbApsGroupsGetMembership	48	static
../Middlewares/ST/STM32_WPAN/zigbee/core/src/zigbee_core_wb.c:1539:1:ZbApsmeBindReq	32	static
../Middlewares/ST/STM32_WPAN/zigbee/core/src/zigbee_core_wb.c:1540:1:ZbApsmeUnbindReq	32	static
../Middlewares/ST/STM32_WPAN/zigbee/core/src/zigbee_core_wb.c:1543:1:ZbApsUnbindAllReq	24	static
../Middlewares/ST/STM32_WPAN/zigbee/core/src/zigbee_core_wb.c:1556:1:ZbApsBindSrcExists	80	static
../Middlewares/ST/STM32_WPAN/zigbee/core/src/zigbee_core_wb.c:1588:1:ZbApsmeTransportKeyReq	24	static
../Middlewares/ST/STM32_WPAN/zigbee/core/src/zigbee_core_wb.c:1589:1:ZbApsmeRemoveDeviceReq	24	static
../Middlewares/ST/STM32_WPAN/zigbee/core/src/zigbee_core_wb.c:1592:1:ZbApsmeRequestKeyReq	24	static
../Middlewares/ST/STM32_WPAN/zigbee/core/src/zigbee_core_wb.c:1608:1:ZbApsmeSwitchKeyReq	24	static
../Middlewares/ST/STM32_WPAN/zigbee/core/src/zigbee_core_wb.c:1609:1:ZbApsmeAddKeyReq	32	static
../Middlewares/ST/STM32_WPAN/zigbee/core/src/zigbee_core_wb.c:1610:1:ZbApsmeGetKeyReq	32	static
../Middlewares/ST/STM32_WPAN/zigbee/core/src/zigbee_core_wb.c:1611:1:ZbApsmeRemoveKeyReq	32	static
../Middlewares/ST/STM32_WPAN/zigbee/core/src/zigbee_core_wb.c:1627:1:ZbMsgFilterRegister	40	static
../Middlewares/ST/STM32_WPAN/zigbee/core/src/zigbee_core_wb.c:1665:1:ZbMsgFilterRemove	32	static
../Middlewares/ST/STM32_WPAN/zigbee/core/src/zigbee_core_wb.c:1708:1:ZbTimerAlloc	32	static
../Middlewares/ST/STM32_WPAN/zigbee/core/src/zigbee_core_wb.c:1738:1:ZbTimerChangeCallback	24	static
../Middlewares/ST/STM32_WPAN/zigbee/core/src/zigbee_core_wb.c:1746:1:ZbTimerFree	24	static
../Middlewares/ST/STM32_WPAN/zigbee/core/src/zigbee_core_wb.c:1764:1:ZbTimerRunning	24	static
../Middlewares/ST/STM32_WPAN/zigbee/core/src/zigbee_core_wb.c:1781:1:ZbTimerRemaining	24	static
../Middlewares/ST/STM32_WPAN/zigbee/core/src/zigbee_core_wb.c:1798:1:ZbTimerStop	24	static
../Middlewares/ST/STM32_WPAN/zigbee/core/src/zigbee_core_wb.c:1812:1:ZbTimerReset	24	static
../Middlewares/ST/STM32_WPAN/zigbee/core/src/zigbee_core_wb.c:1827:1:ZbTimeoutRemaining	24	static
../Middlewares/ST/STM32_WPAN/zigbee/core/src/zigbee_core_wb.c:1863:1:ZbNwkGetIndex	56	static
../Middlewares/ST/STM32_WPAN/zigbee/core/src/zigbee_core_wb.c:1890:1:ZbNwkSetIndex	56	static
../Middlewares/ST/STM32_WPAN/zigbee/core/src/zigbee_core_wb.c:1917:1:ZbNwkGet	32	static
../Middlewares/ST/STM32_WPAN/zigbee/core/src/zigbee_core_wb.c:1923:1:ZbNwkSet	32	static
../Middlewares/ST/STM32_WPAN/zigbee/core/src/zigbee_core_wb.c:1929:1:ZbNwkAddrLookupExt	32	static
../Middlewares/ST/STM32_WPAN/zigbee/core/src/zigbee_core_wb.c:1949:1:ZbNwkAddrLookupNwk	32	static
../Middlewares/ST/STM32_WPAN/zigbee/core/src/zigbee_core_wb.c:1967:1:ZbNwkGetSecMaterial	32	static
../Middlewares/ST/STM32_WPAN/zigbee/core/src/zigbee_core_wb.c:1986:1:ZbNwkGetActiveKey	48	static
../Middlewares/ST/STM32_WPAN/zigbee/core/src/zigbee_core_wb.c:2003:1:ZbNlmeNetDiscReq	40	static
../Middlewares/ST/STM32_WPAN/zigbee/core/src/zigbee_core_wb.c:2007:1:ZbNlmeEdScanReq	40	static
../Middlewares/ST/STM32_WPAN/zigbee/core/src/zigbee_core_wb.c:2011:1:ZbNlmeLeaveReq	40	static
../Middlewares/ST/STM32_WPAN/zigbee/core/src/zigbee_core_wb.c:2014:1:ZbNlmePermitJoinReq	32	static
../Middlewares/ST/STM32_WPAN/zigbee/core/src/zigbee_core_wb.c:2015:1:ZbNlmeResetReq	32	static
../Middlewares/ST/STM32_WPAN/zigbee/core/src/zigbee_core_wb.c:2017:1:ZbNlmeSyncReq	40	static
../Middlewares/ST/STM32_WPAN/zigbee/core/src/zigbee_core_wb.c:2020:1:ZbNlmeRouteDiscReq	40	static
../Middlewares/ST/STM32_WPAN/zigbee/core/src/zigbee_core_wb.c:2024:1:ZbNlmeJoiningPolicyGet	16	static
../Middlewares/ST/STM32_WPAN/zigbee/core/src/zigbee_core_wb.c:2031:1:ZbNwkNeighborClearAll	24	static
../Middlewares/ST/STM32_WPAN/zigbee/core/src/zigbee_core_wb.c:2045:1:ZbNlmeDirectJoinReq	32	static
../Middlewares/ST/STM32_WPAN/zigbee/core/src/zigbee_core_wb.c:2046:1:ZbNlmeSetInterface	32	static
../Middlewares/ST/STM32_WPAN/zigbee/core/src/zigbee_core_wb.c:2047:1:ZbNlmeGetInterface	32	static
../Middlewares/ST/STM32_WPAN/zigbee/core/src/zigbee_core_wb.c:2050:1:ZbNwkIfSetTxPower	32	static
../Middlewares/ST/STM32_WPAN/zigbee/core/src/zigbee_core_wb.c:2068:1:ZbNwkIfGetTxPower	32	static
../Middlewares/ST/STM32_WPAN/zigbee/core/src/zigbee_core_wb.c:2086:1:ZbNwkSetFrameCounter	32	static
../Middlewares/ST/STM32_WPAN/zigbee/core/src/zigbee_core_wb.c:2105:1:ZbNwkFastPollRequest	32	static
../Middlewares/ST/STM32_WPAN/zigbee/core/src/zigbee_core_wb.c:2123:1:ZbNwkFastPollRelease	24	static
../Middlewares/ST/STM32_WPAN/zigbee/core/src/zigbee_core_wb.c:2140:1:ZbNwkFastPollResourceCount	24	static
../Middlewares/ST/STM32_WPAN/zigbee/core/src/zigbee_core_wb.c:2156:1:ZbNwkSendEdkaReq	24	static
../Middlewares/ST/STM32_WPAN/zigbee/core/src/zigbee_core_wb.c:2189:1:ZbNwkCommissioningConfig	24	static
../Middlewares/ST/STM32_WPAN/zigbee/core/src/zigbee_core_wb.c:2220:1:zdo_filter_cbinfo_get	16	static
../Middlewares/ST/STM32_WPAN/zigbee/core/src/zigbee_core_wb.c:2235:1:zdo_filter_cbinfo_del	24	static
../Middlewares/ST/STM32_WPAN/zigbee/core/src/zigbee_core_wb.c:2254:1:ZbZdoDeviceAnnceFilterRegister	40	static
../Middlewares/ST/STM32_WPAN/zigbee/core/src/zigbee_core_wb.c:2290:1:ZbZdoNwkAddrReq	40	static
../Middlewares/ST/STM32_WPAN/zigbee/core/src/zigbee_core_wb.c:2293:1:ZbZdoIeeeAddrReq	40	static
../Middlewares/ST/STM32_WPAN/zigbee/core/src/zigbee_core_wb.c:2296:1:ZbZdoNodeDescReq	40	static
../Middlewares/ST/STM32_WPAN/zigbee/core/src/zigbee_core_wb.c:2299:1:ZbZdoPowerDescReq	40	static
../Middlewares/ST/STM32_WPAN/zigbee/core/src/zigbee_core_wb.c:2302:1:ZbZdoSimpleDescReq	40	static
../Middlewares/ST/STM32_WPAN/zigbee/core/src/zigbee_core_wb.c:2305:1:ZbZdoActiveEpReq	40	static
../Middlewares/ST/STM32_WPAN/zigbee/core/src/zigbee_core_wb.c:2308:1:ZbZdoMatchDescReq	40	static
../Middlewares/ST/STM32_WPAN/zigbee/core/src/zigbee_core_wb.c:2312:1:ZbZdoMatchDescMulti	32	static
../Middlewares/ST/STM32_WPAN/zigbee/core/src/zigbee_core_wb.c:2344:1:ZbZdoDeviceAnnce	24	static
../Middlewares/ST/STM32_WPAN/zigbee/core/src/zigbee_core_wb.c:2345:1:ZbZdoDeviceAnnceAlias	24	static
../Middlewares/ST/STM32_WPAN/zigbee/core/src/zigbee_core_wb.c:2347:1:ZbZdoBindReq	40	static
../Middlewares/ST/STM32_WPAN/zigbee/core/src/zigbee_core_wb.c:2350:1:ZbZdoUnbindReq	40	static
../Middlewares/ST/STM32_WPAN/zigbee/core/src/zigbee_core_wb.c:2353:1:ZbZdoLqiReq	40	static
../Middlewares/ST/STM32_WPAN/zigbee/core/src/zigbee_core_wb.c:2356:1:ZbZdoRtgReq	40	static
../Middlewares/ST/STM32_WPAN/zigbee/core/src/zigbee_core_wb.c:2359:1:ZbZdoMgmtBindReq	40	static
../Middlewares/ST/STM32_WPAN/zigbee/core/src/zigbee_core_wb.c:2362:1:ZbZdoLeaveReq	40	static
../Middlewares/ST/STM32_WPAN/zigbee/core/src/zigbee_core_wb.c:2365:1:ZbZdoPermitJoinReq	40	static
../Middlewares/ST/STM32_WPAN/zigbee/core/src/zigbee_core_wb.c:2368:1:ZbZdoNwkUpdateReq	40	static
../Middlewares/ST/STM32_WPAN/zigbee/core/src/zigbee_core_wb.c:2372:1:ZbZdoNwkUpdateNotifyFilterRegister	40	static
../Middlewares/ST/STM32_WPAN/zigbee/core/src/zigbee_core_wb.c:2404:1:ZbZdoFilterRemove	24	static
../Middlewares/ST/STM32_WPAN/zigbee/core/src/zigbee_core_wb.c:2426:1:ZbZclUptime	32	static
../Middlewares/ST/STM32_WPAN/zigbee/core/src/zigbee_core_wb.c:2435:1:ZbZclDeviceLogCheckAllow	32	static
../Middlewares/ST/STM32_WPAN/zigbee/core/src/zigbee_core_wb.c:2453:1:ZbZclBasicPostAlarm	24	static
../Middlewares/ST/STM32_WPAN/zigbee/core/src/zigbee_core_wb.c:2471:1:ZbZclBasicServerResetCmdConfig	24	static
../Middlewares/ST/STM32_WPAN/zigbee/core/src/zigbee_core_wb.c:2485:1:ZbZclBasicWriteDirect	32	static
../Middlewares/ST/STM32_WPAN/zigbee/core/src/zigbee_core_wb.c:2505:1:ZbZclBasicServerConfigDefaults	24	static
../Middlewares/ST/STM32_WPAN/zigbee/core/src/zigbee_core_wb.c:2519:1:ZbZclDiagServerAlloc	24	static
../Middlewares/ST/STM32_WPAN/zigbee/core/src/zigbee_core_wb.c:2538:1:ZbZclAddEndpoint	32	static
../Middlewares/ST/STM32_WPAN/zigbee/core/src/zigbee_core_wb.c:2553:1:ZbZclRemoveEndpoint	32	static
../Middlewares/ST/STM32_WPAN/zigbee/core/src/zigbee_core_wb.c:2567:1:ZbZclReadReq	40	static
../Middlewares/ST/STM32_WPAN/zigbee/core/src/zigbee_core_wb.c:2571:1:ZbZclWriteReq	40	static
../Middlewares/ST/STM32_WPAN/zigbee/core/src/zigbee_core_wb.c:2596:1:ZbZclDiscoverAttrReq	40	static
../Middlewares/ST/STM32_WPAN/zigbee/core/src/zigbee_core_wb.c:2601:1:ZbZclGetNextSeqnum	16	static
../Middlewares/ST/STM32_WPAN/zigbee/core/src/zigbee_core_wb.c:2617:1:ZbZclCommandReq	40	static
../Middlewares/ST/STM32_WPAN/zigbee/core/src/zigbee_core_wb.c:2647:1:ZbZclSendDefaultResponse	32	static
../Middlewares/ST/STM32_WPAN/zigbee/core/src/zigbee_core_wb.c:2665:1:ZbZclClusterCommandReq	80	static
../Middlewares/ST/STM32_WPAN/zigbee/core/src/zigbee_core_wb.c:2698:1:cluster_command_timer	72	static
../Middlewares/ST/STM32_WPAN/zigbee/core/src/zigbee_core_wb.c:2721:1:ZbZclClusterCommandReqDelayed	32	static
../Middlewares/ST/STM32_WPAN/zigbee/core/src/zigbee_core_wb.c:2748:1:ZbZclClusterCommandRsp	32	static
../Middlewares/ST/STM32_WPAN/zigbee/core/src/zigbee_core_wb.c:2770:1:ZbZclClusterCommandRspWithCb	48	static
../Middlewares/ST/STM32_WPAN/zigbee/core/src/zigbee_core_wb.c:2807:1:ZbZclSendClusterStatusResponse	32	static
../Middlewares/ST/STM32_WPAN/zigbee/core/src/zigbee_core_wb.c:2831:1:ZbZclClusterEndpointRegister	32	static
../Middlewares/ST/STM32_WPAN/zigbee/core/src/zigbee_core_wb.c:2850:1:ZbZclClusterEndpointRemove	32	static
../Middlewares/ST/STM32_WPAN/zigbee/core/src/zigbee_core_wb.c:2869:1:ZbZclClusterBind	24	static
../Middlewares/ST/STM32_WPAN/zigbee/core/src/zigbee_core_wb.c:2891:1:ZbZclClusterUnbind	24	static
../Middlewares/ST/STM32_WPAN/zigbee/core/src/zigbee_core_wb.c:2905:1:ZbZclClusterReverseBind	24	static
../Middlewares/ST/STM32_WPAN/zigbee/core/src/zigbee_core_wb.c:2923:1:ZbZclClusterReverseUnbind	24	static
../Middlewares/ST/STM32_WPAN/zigbee/core/src/zigbee_core_wb.c:2938:1:ZbZclClusterRegisterAlarmResetHandler	24	static
../Middlewares/ST/STM32_WPAN/zigbee/core/src/zigbee_core_wb.c:2959:1:ZbZclClusterRemoveAlarmResetHandler	24	static
../Middlewares/ST/STM32_WPAN/zigbee/core/src/zigbee_core_wb.c:2973:1:ZbZclClusterSendAlarm	24	static
../Middlewares/ST/STM32_WPAN/zigbee/core/src/zigbee_core_wb.c:2993:1:ZbZclKeWithDevice	40	static
../Middlewares/ST/STM32_WPAN/zigbee/core/src/zigbee_core_wb.c:3113:1:ZbAesMmoHash	80	static
../Middlewares/ST/STM32_WPAN/zigbee/core/src/zigbee_core_wb.c:3125:1:ZbHashInit	16	static
../Middlewares/ST/STM32_WPAN/zigbee/core/src/zigbee_core_wb.c:3134:1:ZbHashAdd	32	static
../Middlewares/ST/STM32_WPAN/zigbee/core/src/zigbee_core_wb.c:3168:1:ZbHashDigest	24	static
../Middlewares/ST/STM32_WPAN/zigbee/core/src/zigbee_core_wb.c:3183:1:ZbHmacInit	32	static
../Middlewares/ST/STM32_WPAN/zigbee/core/src/zigbee_core_wb.c:3214:1:ZbHmacDigest	16	static
../Middlewares/ST/STM32_WPAN/zigbee/core/src/zigbee_core_wb.c:3231:1:ZbSecAddDeviceLinkKeyByKey	80	static
../Middlewares/ST/STM32_WPAN/zigbee/core/src/zigbee_core_wb.c:3247:1:ZbSecAddDeviceLinkKeyByInstallCode	48	static
../Middlewares/ST/STM32_WPAN/zigbee/core/src/zigbee_core_wb.c:3258:1:ZbSecKeyTransform	80	static
../Middlewares/ST/STM32_WPAN/zigbee/core/src/zigbee_core_wb.c:3470:1:ZbDebugMemory	24	static
../Middlewares/ST/STM32_WPAN/zigbee/core/src/zigbee_core_wb.c:3484:1:ZbDebugInfo	24	static
../Middlewares/ST/STM32_WPAN/zigbee/core/src/zigbee_core_wb.c:3505:1:MacSetPropStrictDataPollReq	24	static
../Middlewares/ST/STM32_WPAN/zigbee/core/src/zigbee_core_wb.c:3527:1:zb_heap_alloc	24	static
../Middlewares/ST/STM32_WPAN/zigbee/core/src/zigbee_core_wb.c:3534:1:zb_heap_free	24	static
../Middlewares/ST/STM32_WPAN/zigbee/core/src/zigbee_core_wb.c:3540:1:zb_ipc_get_secured_mem_info	32	static
../Middlewares/ST/STM32_WPAN/zigbee/core/src/zigbee_core_wb.c:3560:1:ZbHeapAvailable	24	static
../Middlewares/ST/STM32_WPAN/zigbee/core/src/zigbee_core_wb.c:3624:1:WpanCrc	32	static
../Middlewares/ST/STM32_WPAN/zigbee/core/src/zigbee_core_wb.c:3658:1:Zigbee_CallBackProcessing	336	static
../Middlewares/ST/STM32_WPAN/zigbee/core/src/zigbee_core_wb.c:4330:1:Zigbee_M0RequestProcessing	48	static
../Middlewares/ST/STM32_WPAN/zigbee/core/src/zigbee_core_wb.c:4395:1:zb_malloc_track	24	static
../Middlewares/ST/STM32_WPAN/zigbee/core/src/zigbee_core_wb.c:4421:1:zb_malloc_untrack	24	static
../Middlewares/ST/STM32_WPAN/zigbee/core/src/zigbee_core_wb.c:4447:1:zb_malloc_current_sz	4	static
../Middlewares/ST/STM32_WPAN/zigbee/core/src/zigbee_core_wb.c:4465:1:ZbLogPrintf	44	static
